ARM Linker, 5.03 [Build 76] [MDK-ARM Standard]

==============================================================================

Section Cross References

    main.o(.text) refers to adc.o(.text) for AMPM_ADC_Init
    main.o(.text) refers to printf8.o(i.__0printf$8) for __2printf
    main.o(.text) refers to putc.o(i.putc) for putc
    main.o(.text) refers to system_stm32f10x.o(.text) for SystemInit
    main.o(.text) refers to exti.o(.text) for EXTI_Init
    main.o(.text) refers to rtc.o(.text) for RTC_Init
    main.o(.text) refers to uart3.o(.text) for USART3_Init
    main.o(.text) refers to leds.o(.text) for leds_init
    main.o(.text) refers to clock.o(.text) for clock_init
    main.o(.text) refers to rtimer.o(.text) for rtimer_init
    main.o(.text) refers to process.o(.text) for process_init
    main.o(.text) refers to ctimer.o(.text) for ctimer_init
    main.o(.text) refers to random.o(.text) for random_init
    main.o(.text) refers to params.o(.text) for params_get_eui64
    main.o(.text) refers to linkaddr.o(.text) for linkaddr_set_node_addr
    main.o(.text) refers to queuebuf.o(.text) for queuebuf_init
    main.o(.text) refers to watchdog.o(.text) for watchdog_periodic
    main.o(.text) refers to print-stats.o(.text) for print_stats
    main.o(.text) refers to nbr-table.o(.text) for nbr_table_head
    main.o(.text) refers to uip-ds6-route.o(.text) for uip_ds6_route_head
    main.o(.text) refers to stdout.o(.data) for __stdout
    main.o(.text) refers to system_stm32f10x.o(.data) for SystemCoreClock
    main.o(.text) refers to etimer.o(.data) for etimer_process
    main.o(.text) refers to cc1200.o(.constdata) for cc1200_driver
    main.o(.text) refers to uip6.o(.data) for uip_lladdr
    main.o(.text) refers to sicslowmac.o(.constdata) for sicslowmac_driver
    main.o(.text) refers to csma.o(.constdata) for csma_driver
    main.o(.text) refers to sicslowpan.o(.constdata) for sicslowpan_driver
    main.o(.text) refers to tcpip.o(.data) for tcpip_process
    main.o(.text) refers to hello-world1.o(.data) for hello_world_process1
    main.o(.text) refers to main.o(.data) for idle_count
    main.o(.text) refers to uip-ds6.o(.bss) for uip_ds6_if
    main.o(.text) refers to uip-ds6-nbr.o(.data) for ds6_neighbors
    system_config.o(.text) refers to scanf_fp.o(.text) for _scanf_real
    system_config.o(.text) refers to sys_tick.o(.text) for InitTimeout
    system_config.o(.text) refers to memmovea.o(.text) for __aeabi_memcpy4
    system_config.o(.text) refers to memcmp.o(.text) for memcmp
    system_config.o(.text) refers to stm32f10x_flash.o(.text) for FLASH_Unlock
    system_config.o(.text) refers to rtc.o(.text) for RTC_GetCounter
    system_config.o(.text) refers to memseta.o(.text) for __aeabi_memset
    system_config.o(.text) refers to __0sscanf.o(.text) for __0sscanf
    system_config.o(.text) refers to f2d.o(.text) for __aeabi_f2d
    system_config.o(.text) refers to cdcmple.o(.text) for __aeabi_cdcmple
    system_config.o(.text) refers to strcpy.o(.text) for strcpy
    system_config.o(.text) refers to system_config.o(.data) for sysResetMcuFlag
    system_config.o(.text) refers to system_config.o(.bss) for tMcuResetTimeout
    system_config.o(.text) refers to system_config.o(.constdata) for default_server_name
    hello-world1.o(.text) refers to etimer.o(.text) for etimer_set
    hello-world1.o(.text) refers to printf8.o(i.__0printf$8) for __2printf
    hello-world1.o(.text) refers to process.o(.text) for process_start
    hello-world1.o(.text) refers to hello-world1.o(.bss) for timer1
    hello-world1.o(.text) refers to hello-world1.o(.data) for hello_world_process2
    hello-world1.o(.text) refers to button-sensor.o(.constdata) for button_sensor
    hello-world1.o(.text) refers to process.o(.data) for process_current
    hello-world1.o(.data) refers to button-sensor.o(.constdata) for button_sensor
    hello-world1.o(.data) refers to hello-world1.o(.conststring) for .conststring
    hello-world1.o(.data) refers to hello-world1.o(.text) for process_thread_hello_world_process2
    startup_stm32f10x_md.o(STACK) refers (Special) to system_stm32f10x.o(.text) for SystemInit
    startup_stm32f10x_md.o(HEAP) refers (Special) to system_stm32f10x.o(.text) for SystemInit
    startup_stm32f10x_md.o(RESET) refers (Special) to system_stm32f10x.o(.text) for SystemInit
    startup_stm32f10x_md.o(RESET) refers to startup_stm32f10x_md.o(STACK) for __initial_sp
    startup_stm32f10x_md.o(RESET) refers to startup_stm32f10x_md.o(.text) for Reset_Handler
    startup_stm32f10x_md.o(RESET) refers to clock.o(.text) for SysTick_Handler
    startup_stm32f10x_md.o(RESET) refers to rtc.o(.text) for RTC_IRQHandler
    startup_stm32f10x_md.o(RESET) refers to exti.o(.text) for EXTI0_IRQHandler
    startup_stm32f10x_md.o(RESET) refers to adc.o(.text) for ADC1_2_IRQHandler
    startup_stm32f10x_md.o(RESET) refers to rtimer-arch.o(.text) for TIM2_IRQHandler
[...]
    mac_src_pan_id                           0x200003ac   Data           2  sicslowmac.o(.data)
    mac_dsn                                  0x200003ae   Data           1  sicslowmac.o(.data)
    .data                                    0x200003b0   Section        4  stdout.o(.data)
    .data                                    0x200003b4   Section        4  rand.o(.data)
    _rand_state                              0x200003b4   Data           4  rand.o(.data)
    .bss                                     0x200003b8   Section      103  system_config.o(.bss)
    tMcuResetTimeout                         0x200003b8   Data          12  system_config.o(.bss)
    .bss                                     0x20000420   Section       32  hello-world1.o(.bss)
    timer1                                   0x20000420   Data          16  hello-world1.o(.bss)
    timer2                                   0x20000430   Data          16  hello-world1.o(.bss)
    .bss                                     0x20000440   Section     2080  uart1.o(.bss)
    .bss                                     0x20000c60   Section     1056  uart3.o(.bss)
    .bss                                     0x20001080   Section      384  process.o(.bss)
    events                                   0x20001080   Data         384  process.o(.bss)
    .bss                                     0x20001200   Section      156  energest.o(.bss)
    .bss                                     0x2000129c   Section     1600  uip6.o(.bss)
    .bss                                     0x200018dc   Section      476  uip-ds6.o(.bss)
    loc_fipaddr                              0x20001aa8   Data          16  uip-ds6.o(.bss)
    .bss                                     0x20001ab8   Section      138  sicslowpan.o(.bss)
    sicslowpan_aligned_buf                   0x20001ab8   Data         128  sicslowpan.o(.bss)
    addr_contexts                            0x20001b38   Data          10  sicslowpan.o(.bss)
    .bss                                     0x20001b42   Section       16  uip-icmp6.o(.bss)
    tmp_ipaddr                               0x20001b42   Data          16  uip-icmp6.o(.bss)
    .bss                                     0x20001b54   Section     1224  uip-ds6-route.o(.bss)
    _nbr_routes_mem                          0x20001b54   Data         160  uip-ds6-route.o(.bss)
    neighborroutememb_memb_count             0x20001bf4   Data          20  uip-ds6-route.o(.bss)
    neighborroutememb_memb_mem               0x20001c08   Data         160  uip-ds6-route.o(.bss)
    routememb_memb_count                     0x20001ca8   Data          20  uip-ds6-route.o(.bss)
    routememb_memb_mem                       0x20001cbc   Data         800  uip-ds6-route.o(.bss)
    defaultroutermemb_memb_mem               0x20001fdc   Data          64  uip-ds6-route.o(.bss)
    .bss                                     0x2000201c   Section      880  uip-ds6-nbr.o(.bss)
    _ds6_neighbors_mem                       0x2000201c   Data         880  uip-ds6-nbr.o(.bss)
    .bss                                     0x2000238c   Section       16  tcpip.o(.bss)
    periodic                                 0x2000238c   Data          16  tcpip.o(.bss)
    .bss                                     0x2000239c   Section     2648  uip-packetqueue.o(.bss)
    packets_memb_memb_mem                    0x2000239c   Data        2648  uip-packetqueue.o(.bss)
    .bss                                     0x20002df4   Section      656  rpl-dag.o(.bss)
    _rpl_parents_mem                         0x20002df4   Data         320  rpl-dag.o(.bss)
    .bss                                     0x20003084   Section       32  rpl-timers.o(.bss)
    periodic_timer                           0x20003084   Data          32  rpl-timers.o(.bss)
    .bss                                     0x200030a4   Section      332  nbr-table.o(.bss)
    used_map                                 0x200030a4   Data          20  nbr-table.o(.bss)
    locked_map                               0x200030b8   Data          20  nbr-table.o(.bss)
    all_tables                               0x200030cc   Data          32  nbr-table.o(.bss)
    neighbor_addr_mem_memb_count             0x200030ec   Data          20  nbr-table.o(.bss)
    neighbor_addr_mem_memb_mem               0x20003100   Data         240  nbr-table.o(.bss)
    .bss                                     0x200031f0   Section      224  packetbuf.o(.bss)
    packetbuf_aligned                        0x20003220   Data         176  packetbuf.o(.bss)
    .bss                                     0x200032d0   Section     1440  queuebuf.o(.bss)
    bufmem_memb_mem                          0x200032d0   Data          32  queuebuf.o(.bss)
    buframmem_memb_mem                       0x200032f0   Data        1408  queuebuf.o(.bss)
    .bss                                     0x20003870   Section      304  csma.o(.bss)
    neighbor_memb_memb_mem                   0x20003870   Data         112  csma.o(.bss)
    packet_memb_memb_mem                     0x200038e0   Data          96  csma.o(.bss)
    metadata_memb_memb_mem                   0x20003940   Data          96  csma.o(.bss)
    .bss                                     0x200039a0   Section      385  cc1200.o(.bss)
    buf                                      0x200039a0   Data         129  cc1200.o(.bss)
    tx_pkt                                   0x20003a21   Data         127  cc1200.o(.bss)
    rx_pkt                                   0x20003aa0   Data         129  cc1200.o(.bss)
    STACK                                    0x20003b28   Section     1024  startup_stm32f10x_md.o(STACK)

    Global Symbols

    Symbol Name                              Value     Ov Type        Size  Object(Section)

    BuildAttributes$$THM_ISAv4$P$D$K$B$S$PE$A:L22UL41UL21$X:L11$S22US41US21$IEEE1$IW$USESV6$~STKCKD$USESV7$~SHL$OTIME$ROPI$EBA8$MICROLIB$REQ8$PRES8$EABIv2 0x00000000   Number         0  anon$$obj.o ABSOLUTE
    __ARM_use_no_argv                        0x00000000   Number         0  main.o ABSOLUTE
    _printf_a                                0x00000000   Number         0  stubs.o ABSOLUTE
    _printf_c                                0x00000000   Number         0  stubs.o ABSOLUTE
    _printf_charcount                        0x00000000   Number         0  stubs.o ABSOLUTE
    _printf_d                                0x00000000   Number         0  stubs.o ABSOLUTE
    _printf_e                                0x00000000   Number         0  stubs.o ABSOLUTE
    _printf_f                                0x00000000   Number         0  stubs.o ABSOLUTE
    _printf_flags                            0x00000000   Number         0  stubs.o ABSOLUTE
    _printf_fp_dec                           0x00000000   Number         0  stubs.o ABSOLUTE
    _printf_fp_hex                           0x00000000   Number         0  stubs.o ABSOLUTE
    _printf_g                                0x00000000   Number         0  stubs.o ABSOLUTE
    _printf_i                                0x00000000   Number         0  stubs.o ABSOLUTE
    _printf_int_dec                          0x00000000   Number         0  stubs.o ABSOLUTE
    _printf_l                                0x00000000   Number         0  stubs.o ABSOLUTE
    _printf_lc                               0x00000000   Number         0  stubs.o ABSOLUTE
    _printf_ll                               0x00000000   Number         0  stubs.o ABSOLUTE
    _printf_lld                              0x00000000   Number         0  stubs.o ABSOLUTE
    _printf_lli                              0x00000000   Number         0  stubs.o ABSOLUTE
    _printf_llo                              0x00000000   Number         0  stubs.o ABSOLUTE
    _printf_llu                              0x00000000   Number         0  stubs.o ABSOLUTE
    _printf_llx                              0x00000000   Number         0  stubs.o ABSOLUTE
    _printf_longlong_dec                     0x00000000   Number         0  stubs.o ABSOLUTE
    _printf_longlong_hex                     0x00000000   Number         0  stubs.o ABSOLUTE
    _printf_longlong_oct                     0x00000000   Number         0  stubs.o ABSOLUTE
    _printf_ls                               0x00000000   Number         0  stubs.o ABSOLUTE
    _printf_mbtowc                           0x00000000   Number         0  stubs.o ABSOLUTE
    _printf_n                                0x00000000   Number         0  stubs.o ABSOLUTE
    _printf_o                                0x00000000   Number         0  stubs.o ABSOLUTE
    _printf_p                                0x00000000   Number         0  stubs.o ABSOLUTE
    _printf_percent                          0x00000000   Number         0  stubs.o ABSOLUTE
    _printf_pre_padding                      0x00000000   Number         0  stubs.o ABSOLUTE
    _printf_return_value                     0x00000000   Number         0  stubs.o ABSOLUTE
    _printf_s                                0x00000000   Number         0  stubs.o ABSOLUTE
    _printf_sizespec                         0x00000000   Number         0  stubs.o ABSOLUTE
    _printf_str                              0x00000000   Number         0  stubs.o ABSOLUTE
    _printf_truncate_signed                  0x00000000   Number         0  stubs.o ABSOLUTE
    _printf_truncate_unsigned                0x00000000   Number         0  stubs.o ABSOLUTE
    _printf_u                                0x00000000   Number         0  stubs.o ABSOLUTE
    _printf_wc                               0x00000000   Number         0  stubs.o ABSOLUTE
    _printf_wctomb                           0x00000000   Number         0  stubs.o ABSOLUTE
    _printf_widthprec                        0x00000000   Number         0  stubs.o ABSOLUTE
    _printf_x                                0x00000000   Number         0  stubs.o ABSOLUTE
    __cpp_initialize__aeabi_                  - Undefined Weak Reference
    __cxa_finalize                            - Undefined Weak Reference
    _clock_init                               - Undefined Weak Reference
    _microlib_exit                            - Undefined Weak Reference
    _scanf_int                                - Undefined Weak Reference
    _scanf_longlong                           - Undefined Weak Reference
    _scanf_string                             - Undefined Weak Reference
    __Vectors_Size                           0x000000ec   Number         0  startup_stm32f10x_md.o ABSOLUTE
    __Vectors                                0x08000000   Data           4  startup_stm32f10x_md.o(RESET)
    __Vectors_End                            0x080000ec   Data           0  startup_stm32f10x_md.o(RESET)
    __main                                   0x080000ed   Thumb Code     0  entry.o(.ARM.Collect$$$$00000000)
    _main_stk                                0x080000ed   Thumb Code     0  entry2.o(.ARM.Collect$$$$00000001)
    _main_scatterload                        0x080000f1   Thumb Code     0  entry5.o(.ARM.Collect$$$$00000004)
    __main_after_scatterload                 0x080000f5   Thumb Code     0  entry5.o(.ARM.Collect$$$$00000004)
    _main_clock                              0x080000f5   Thumb Code     0  entry7b.o(.ARM.Collect$$$$00000008)
    _main_cpp_init                           0x080000f5   Thumb Code     0  entry8b.o(.ARM.Collect$$$$0000000A)
    _main_init                               0x080000f5   Thumb Code     0  entry9a.o(.ARM.Collect$$$$0000000B)
    __rt_final_cpp                           0x080000fd   Thumb Code     0  entry10a.o(.ARM.Collect$$$$0000000D)
    __rt_final_exit                          0x080000fd   Thumb Code     0  entry11a.o(.ARM.Collect$$$$0000000F)
    rng_get_uint8                            0x08000101   Thumb Code    64  main.o(.text)
    initialize                               0x080001c1   Thumb Code   234  main.o(.text)
    main                                     0x080002ab   Thumb Code   286  main.o(.text)
    Reset_Handler                            0x0800066d   Thumb Code     4  startup_stm32f10x_md.o(.text)
    NMI_Handler                              0x08000671   Thumb Code     2  startup_stm32f10x_md.o(.text)
    HardFault_Handler                        0x08000673   Thumb Code     2  startup_stm32f10x_md.o(.text)
    MemManage_Handler                        0x08000675   Thumb Code     2  startup_stm32f10x_md.o(.text)
    BusFault_Handler                         0x08000677   Thumb Code     2  startup_stm32f10x_md.o(.text)
    UsageFault_Handler                       0x08000679   Thumb Code     2  startup_stm32f10x_md.o(.text)
    SVC_Handler                              0x0800067b   Thumb Code     2  startup_stm32f10x_md.o(.text)
    DebugMon_Handler                         0x0800067d   Thumb Code     2  startup_stm32f10x_md.o(.text)
    PendSV_Handler                           0x0800067f   Thumb Code     2  startup_stm32f10x_md.o(.text)
    CAN1_RX1_IRQHandler                      0x08000683   Thumb Code     0  startup_stm32f10x_md.o(.text)
    CAN1_SCE_IRQHandler                      0x08000683   Thumb Code     0  startup_stm32f10x_md.o(.text)
    DMA1_Channel1_IRQHandler                 0x08000683   Thumb Code     0  startup_stm32f10x_md.o(.text)
    DMA1_Channel2_IRQHandler                 0x08000683   Thumb Code     0  startup_stm32f10x_md.o(.text)
    DMA1_Channel3_IRQHandler                 0x08000683   Thumb Code     0  startup_stm32f10x_md.o(.text)
    DMA1_Channel4_IRQHandler                 0x08000683   Thumb Code     0  startup_stm32f10x_md.o(.text)
    DMA1_Channel5_IRQHandler                 0x08000683   Thumb Code     0  startup_stm32f10x_md.o(.text)
    DMA1_Channel6_IRQHandler                 0x08000683   Thumb Code     0  startup_stm32f10x_md.o(.text)
    DMA1_Channel7_IRQHandler                 0x08000683   Thumb Code     0  startup_stm32f10x_md.o(.text)
    EXTI15_10_IRQHandler                     0x08000683   Thumb Code     0  startup_stm32f10x_md.o(.text)
    EXTI1_IRQHandler                         0x08000683   Thumb Code     0  startup_stm32f10x_md.o(.text)
    EXTI2_IRQHandler                         0x08000683   Thumb Code     0  startup_stm32f10x_md.o(.text)
    EXTI4_IRQHandler                         0x08000683   Thumb Code     0  startup_stm32f10x_md.o(.text)
    EXTI9_5_IRQHandler                       0x08000683   Thumb Code     0  startup_stm32f10x_md.o(.text)
    FLASH_IRQHandler                         0x08000683   Thumb Code     0  startup_stm32f10x_md.o(.text)
    I2C1_ER_IRQHandler                       0x08000683   Thumb Code     0  startup_stm32f10x_md.o(.text)
    I2C1_EV_IRQHandler                       0x08000683   Thumb Code     0  startup_stm32f10x_md.o(.text)
    I2C2_ER_IRQHandler                       0x08000683   Thumb Code     0  startup_stm32f10x_md.o(.text)
    I2C2_EV_IRQHandler                       0x08000683   Thumb Code     0  startup_stm32f10x_md.o(.text)
    PVD_IRQHandler                           0x08000683   Thumb Code     0  startup_stm32f10x_md.o(.text)
    RCC_IRQHandler                           0x08000683   Thumb Code     0  startup_stm32f10x_md.o(.text)
    SPI1_IRQHandler                          0x08000683   Thumb Code     0  startup_stm32f10x_md.o(.text)
    SPI2_IRQHandler                          0x08000683   Thumb Code     0  startup_stm32f10x_md.o(.text)
    TAMPER_IRQHandler                        0x08000683   Thumb Code     0  startup_stm32f10x_md.o(.text)
    TIM1_BRK_IRQHandler                      0x08000683   Thumb Code     0  startup_stm32f10x_md.o(.text)
    TIM1_CC_IRQHandler                       0x08000683   Thumb Code     0  startup_stm32f10x_md.o(.text)
    TIM1_TRG_COM_IRQHandler                  0x08000683   Thumb Code     0  startup_stm32f10x_md.o(.text)
    TIM1_UP_IRQHandler                       0x08000683   Thumb Code     0  startup_stm32f10x_md.o(.text)
    TIM3_IRQHandler                          0x08000683   Thumb Code     0  startup_stm32f10x_md.o(.text)
    TIM4_IRQHandler                          0x08000683   Thumb Code     0  startup_stm32f10x_md.o(.text)
    USART2_IRQHandler                        0x08000683   Thumb Code     0  startup_stm32f10x_md.o(.text)
    USB_HP_CAN1_TX_IRQHandler                0x08000683   Thumb Code     0  startup_stm32f10x_md.o(.text)
    USB_LP_CAN1_RX0_IRQHandler               0x08000683   Thumb Code     0  startup_stm32f10x_md.o(.text)
    WWDG_IRQHandler                          0x08000683   Thumb Code     0  startup_stm32f10x_md.o(.text)
    SystemInit                               0x08000765   Thumb Code    78  system_stm32f10x.o(.text)
    SystemCoreClockUpdate                    0x080007b3   Thumb Code   142  system_stm32f10x.o(.text)
    GPIO_DeInit                              0x08000865   Thumb Code   172  stm32f10x_gpio.o(.text)
    GPIO_AFIODeInit                          0x08000911   Thumb Code    20  stm32f10x_gpio.o(.text)
    GPIO_Init                                0x08000925   Thumb Code   274  stm32f10x_gpio.o(.text)
    GPIO_StructInit                          0x08000a37   Thumb Code    16  stm32f10x_gpio.o(.text)
    GPIO_ReadInputDataBit                    0x08000a47   Thumb Code    18  stm32f10x_gpio.o(.text)
    GPIO_ReadInputData                       0x08000a59   Thumb Code     8  stm32f10x_gpio.o(.text)
    GPIO_ReadOutputDataBit                   0x08000a61   Thumb Code    18  stm32f10x_gpio.o(.text)
    GPIO_ReadOutputData                      0x08000a73   Thumb Code     8  stm32f10x_gpio.o(.text)
    GPIO_SetBits                             0x08000a7b   Thumb Code     4  stm32f10x_gpio.o(.text)
    GPIO_ResetBits                           0x08000a7f   Thumb Code     4  stm32f10x_gpio.o(.text)
    GPIO_WriteBit                            0x08000a83   Thumb Code    10  stm32f10x_gpio.o(.text)
    GPIO_Write                               0x08000a8d   Thumb Code     4  stm32f10x_gpio.o(.text)
    GPIO_PinLockConfig                       0x08000a91   Thumb Code    18  stm32f10x_gpio.o(.text)
    GPIO_EventOutputConfig                   0x08000aa3   Thumb Code    26  stm32f10x_gpio.o(.text)
    GPIO_EventOutputCmd                      0x08000abd   Thumb Code     6  stm32f10x_gpio.o(.text)
    GPIO_PinRemapConfig                      0x08000ac3   Thumb Code   138  stm32f10x_gpio.o(.text)
    GPIO_EXTILineConfig                      0x08000b4d   Thumb Code    66  stm32f10x_gpio.o(.text)
    GPIO_ETH_MediaInterfaceConfig            0x08000b8f   Thumb Code     6  stm32f10x_gpio.o(.text)
    RCC_DeInit                               0x08000bbd   Thumb Code    64  stm32f10x_rcc.o(.text)
    RCC_HSEConfig                            0x08000bfd   Thumb Code    70  stm32f10x_rcc.o(.text)
    RCC_GetFlagStatus                        0x08000c43   Thumb Code    56  stm32f10x_rcc.o(.text)
    RCC_WaitForHSEStartUp                    0x08000c7b   Thumb Code    56  stm32f10x_rcc.o(.text)
    RCC_AdjustHSICalibrationValue            0x08000cb3   Thumb Code    20  stm32f10x_rcc.o(.text)
    RCC_HSICmd                               0x08000cc7   Thumb Code     6  stm32f10x_rcc.o(.text)
    RCC_PLLConfig                            0x08000ccd   Thumb Code    24  stm32f10x_rcc.o(.text)
    RCC_PLLCmd                               0x08000ce5   Thumb Code     6  stm32f10x_rcc.o(.text)
    RCC_SYSCLKConfig                         0x08000ceb   Thumb Code    18  stm32f10x_rcc.o(.text)
    RCC_GetSYSCLKSource                      0x08000cfd   Thumb Code    10  stm32f10x_rcc.o(.text)
    RCC_HCLKConfig                           0x08000d07   Thumb Code    18  stm32f10x_rcc.o(.text)
    RCC_PCLK1Config                          0x08000d19   Thumb Code    18  stm32f10x_rcc.o(.text)
    RCC_PCLK2Config                          0x08000d2b   Thumb Code    20  stm32f10x_rcc.o(.text)
    RCC_ITConfig                             0x08000d3f   Thumb Code    26  stm32f10x_rcc.o(.text)
    RCC_USBCLKConfig                         0x08000d59   Thumb Code     6  stm32f10x_rcc.o(.text)
    RCC_ADCCLKConfig                         0x08000d5f   Thumb Code    18  stm32f10x_rcc.o(.text)
    RCC_LSEConfig                            0x08000d71   Thumb Code    44  stm32f10x_rcc.o(.text)
    RCC_LSICmd                               0x08000d9d   Thumb Code     6  stm32f10x_rcc.o(.text)
    RCC_RTCCLKConfig                         0x08000da3   Thumb Code    12  stm32f10x_rcc.o(.text)
    RCC_RTCCLKCmd                            0x08000daf   Thumb Code     8  stm32f10x_rcc.o(.text)
    RCC_GetClocksFreq                        0x08000db7   Thumb Code   192  stm32f10x_rcc.o(.text)
    RCC_AHBPeriphClockCmd                    0x08000e77   Thumb Code    26  stm32f10x_rcc.o(.text)
    RCC_APB2PeriphClockCmd                   0x08000e91   Thumb Code    26  stm32f10x_rcc.o(.text)
    RCC_APB1PeriphClockCmd                   0x08000eab   Thumb Code    26  stm32f10x_rcc.o(.text)
    RCC_APB2PeriphResetCmd                   0x08000ec5   Thumb Code    26  stm32f10x_rcc.o(.text)
    RCC_APB1PeriphResetCmd                   0x08000edf   Thumb Code    26  stm32f10x_rcc.o(.text)
    RCC_BackupResetCmd                       0x08000ef9   Thumb Code     8  stm32f10x_rcc.o(.text)
    RCC_ClockSecuritySystemCmd               0x08000f01   Thumb Code     6  stm32f10x_rcc.o(.text)
    RCC_MCOConfig                            0x08000f07   Thumb Code     6  stm32f10x_rcc.o(.text)
    RCC_ClearFlag                            0x08000f0d   Thumb Code    14  stm32f10x_rcc.o(.text)
    RCC_GetITStatus                          0x08000f1b   Thumb Code    20  stm32f10x_rcc.o(.text)
    RCC_ClearITPendingBit                    0x08000f2f   Thumb Code     6  stm32f10x_rcc.o(.text)
    fputc                                    0x08000f61   Thumb Code    16  dbg.o(.text)
    EXTI_Init                                0x08000f71   Thumb Code   128  exti.o(.text)
    EXTI0_IRQHandler                         0x08000ff1   Thumb Code    28  exti.o(.text)
    EXTI3_IRQHandler                         0x0800100d   Thumb Code    28  exti.o(.text)
    USBWakeUp_IRQHandler                     0x08001029   Thumb Code    10  exti.o(.text)
    SPI_InitLowFreq                          0x0800103d   Thumb Code   176  spi.o(.text)
    SPI_InitHighFreq                         0x080010ed   Thumb Code   176  spi.o(.text)
    SPI_DeInit                               0x0800119d   Thumb Code    36  spi.o(.text)
    halSpiWriteByte                          0x080011c1   Thumb Code    32  spi.o(.text)
    halSpiWriteMutilByte                     0x080011e1   Thumb Code    92  spi.o(.text)
    halSpiReadMutilByte                      0x0800123d   Thumb Code    92  spi.o(.text)
    halSpiBegin                              0x08001299   Thumb Code    44  spi.o(.text)
    USART1_Init                              0x080012d9   Thumb Code   374  uart1.o(.text)
    USART1_DeInit                            0x0800144f   Thumb Code    26  uart1.o(.text)
    USART1_PutChar                           0x08001469   Thumb Code    74  uart1.o(.text)
    USART1_PutString                         0x080014b3   Thumb Code    22  uart1.o(.text)
    USART1_GetChar                           0x080014c9   Thumb Code    24  uart1.o(.text)
    USART1_IRQHandler                        0x080014e1   Thumb Code   214  uart1.o(.text)
    RTC_IRQHandler                           0x080015e1   Thumb Code    34  rtc.o(.text)
    RTCAlarm_IRQHandler                      0x08001603   Thumb Code    22  rtc.o(.text)
    RTC_GetCounter                           0x08001619   Thumb Code    18  rtc.o(.text)
    RTC_SanityCheck                          0x0800162b   Thumb Code    52  rtc.o(.text)
    RTC_Init                                 0x0800165f   Thumb Code   192  rtc.o(.text)
    RTC_EnterConfigMode                      0x0800171f   Thumb Code    14  rtc.o(.text)
    RTC_ExitConfigMode                       0x0800172d   Thumb Code    16  rtc.o(.text)
    RTC_SetCounterX                          0x0800173d   Thumb Code    26  rtc.o(.text)
    RTC_SetCounter                           0x08001757   Thumb Code    40  rtc.o(.text)
    RTC_SetAlarm                             0x0800177f   Thumb Code    26  rtc.o(.text)
    RINGBUF_Init                             0x080017b9   Thumb Code    30  ampm_ringbuf.o(.text)
    RINGBUF_Put                              0x080017d7   Thumb Code    42  ampm_ringbuf.o(.text)
    RINGBUF_Get                              0x08001801   Thumb Code    46  ampm_ringbuf.o(.text)
    RINGBUF_GetFill                          0x0800182f   Thumb Code    30  ampm_ringbuf.o(.text)
    ADC1_2_IRQHandler                        0x0800184d   Thumb Code    76  adc.o(.text)
    StartADC                                 0x08001899   Thumb Code    18  adc.o(.text)
    AMPM_ADC_Init                            0x080018ab   Thumb Code   168  adc.o(.text)
    USART3_Init                              0x08001971   Thumb Code   338  uart3.o(.text)
    USART3_DeInit                            0x08001ac3   Thumb Code    26  uart3.o(.text)
    USART3_PutChar                           0x08001add   Thumb Code    74  uart3.o(.text)
    USART3_PutString                         0x08001b27   Thumb Code    22  uart3.o(.text)
    USART3_GetChar                           0x08001b3d   Thumb Code    24  uart3.o(.text)
    USART3_IRQHandler                        0x08001b55   Thumb Code   284  uart3.o(.text)
    leds_init                                0x08001d97   Thumb Code    14  leds.o(.text)
    leds_toggle                              0x08001da5   Thumb Code    18  leds.o(.text)
    leds_blink                               0x08001db7   Thumb Code    32  leds.o(.text)
    leds_get                                 0x08001dd7   Thumb Code     8  leds.o(.text)
    leds_set                                 0x08001ddf   Thumb Code    12  leds.o(.text)
    leds_on                                  0x08001deb   Thumb Code    18  leds.o(.text)
    leds_off                                 0x08001dfd   Thumb Code    18  leds.o(.text)
    leds_arch_init                           0x08001e21   Thumb Code    44  leds-arch.o(.text)
    leds_arch_get                            0x08001e4d   Thumb Code    12  leds-arch.o(.text)
    leds_arch_set                            0x08001e59   Thumb Code    22  leds-arch.o(.text)
    cc1200_int_handler                       0x08001e95   Thumb Code    12  cc1200-arch.o(.text)
    cc1200_arch_spi_select                   0x08001ea1   Thumb Code    78  cc1200-arch.o(.text)
    cc1200_arch_spi_deselect                 0x08001eef   Thumb Code    10  cc1200-arch.o(.text)
    cc1200_arch_spi_rw_byte                  0x08001ef9   Thumb Code    22  cc1200-arch.o(.text)
    cc1200_arch_spi_rw                       0x08001f0f   Thumb Code   108  cc1200-arch.o(.text)
    cc1200_arch_gpio0_setup_irq              0x08001f7b   Thumb Code   186  cc1200-arch.o(.text)
    cc1200_arch_gpio2_setup_irq              0x08002035   Thumb Code   196  cc1200-arch.o(.text)
    cc1200_arch_gpio0_enable_irq             0x080020f9   Thumb Code    18  cc1200-arch.o(.text)
    cc1200_arch_gpio0_disable_irq            0x0800210b   Thumb Code    10  cc1200-arch.o(.text)
    cc1200_arch_gpio2_enable_irq             0x08002115   Thumb Code    18  cc1200-arch.o(.text)
    cc1200_arch_gpio2_disable_irq            0x08002127   Thumb Code    10  cc1200-arch.o(.text)
    cc1200_arch_gpio0_read_pin               0x08002131   Thumb Code    12  cc1200-arch.o(.text)
    cc1200_arch_gpio2_read_pin               0x0800213d   Thumb Code    10  cc1200-arch.o(.text)
    cc1200_arch_gpio3_read_pin               0x08002147   Thumb Code     4  cc1200-arch.o(.text)
    cc1200_arch_init                         0x0800214b   Thumb Code   338  cc1200-arch.o(.text)
    params_get_eui64                         0x080022cd   Thumb Code    14  params.o(.text)
    params_get_channel                       0x080022db   Thumb Code     4  params.o(.text)
    params_get_panid                         0x080022df   Thumb Code     8  params.o(.text)
    params_get_panaddr                       0x080022e7   Thumb Code     8  params.o(.text)
    params_get_txpower                       0x080022ef   Thumb Code     8  params.o(.text)
    watchdog_init                            0x080022fd   Thumb Code     2  watchdog.o(.text)
    watchdog_start                           0x080022ff   Thumb Code     2  watchdog.o(.text)
    watchdog_periodic                        0x08002301   Thumb Code     2  watchdog.o(.text)
    watchdog_stop                            0x08002303   Thumb Code     2  watchdog.o(.text)
    watchdog_reboot                          0x08002305   Thumb Code     2  watchdog.o(.text)
    etimer_request_poll                      0x0800234f   Thumb Code    10  etimer.o(.text)
    etimer_set                               0x08002477   Thumb Code    22  etimer.o(.text)
    etimer_reset_with_new_interval           0x0800248d   Thumb Code    22  etimer.o(.text)
    etimer_reset                             0x080024a3   Thumb Code    18  etimer.o(.text)
    etimer_restart                           0x080024b5   Thumb Code    18  etimer.o(.text)
    etimer_adjust                            0x080024c7   Thumb Code    18  etimer.o(.text)
    etimer_expired                           0x080024d9   Thumb Code    14  etimer.o(.text)
    etimer_expiration_time                   0x080024e7   Thumb Code    10  etimer.o(.text)
    etimer_start_time                        0x080024f1   Thumb Code     6  etimer.o(.text)
    etimer_pending                           0x080024f7   Thumb Code    14  etimer.o(.text)
    etimer_next_expiration_time              0x08002505   Thumb Code    18  etimer.o(.text)
    etimer_stop                              0x08002517   Thumb Code    62  etimer.o(.text)
    process_alloc_event                      0x08002565   Thumb Code    16  process.o(.text)
    process_is_running                       0x08002575   Thumb Code    14  process.o(.text)
    process_post_synch                       0x08002663   Thumb Code    32  process.o(.text)
    process_start                            0x08002683   Thumb Code    60  process.o(.text)
    process_exit                             0x080026bf   Thumb Code    16  process.o(.text)
    process_init                             0x080026cf   Thumb Code    26  process.o(.text)
    process_run                              0x080027d9   Thumb Code    28  process.o(.text)
    process_nevents                          0x080027f5   Thumb Code    12  process.o(.text)
    process_post                             0x08002801   Thumb Code   100  process.o(.text)
    process_poll                             0x08002865   Thumb Code    24  process.o(.text)
    timer_set                                0x080028ad   Thumb Code    16  timer.o(.text)
    timer_reset                              0x080028bd   Thumb Code    10  timer.o(.text)
    timer_restart                            0x080028c7   Thumb Code    12  timer.o(.text)
    timer_expired                            0x080028d3   Thumb Code    28  timer.o(.text)
    timer_remaining                          0x080028ef   Thumb Code    18  timer.o(.text)
    rtimer_init                              0x08002901   Thumb Code     8  rtimer.o(.text)
    rtimer_set                               0x08002909   Thumb Code    66  rtimer.o(.text)
    rtimer_run_next                          0x0800294b   Thumb Code    52  rtimer.o(.text)
    stimer_set                               0x08002985   Thumb Code    16  stimer.o(.text)
    stimer_reset                             0x08002995   Thumb Code    10  stimer.o(.text)
    stimer_restart                           0x0800299f   Thumb Code    12  stimer.o(.text)
    stimer_expired                           0x080029ab   Thumb Code    32  stimer.o(.text)
    stimer_remaining                         0x080029cb   Thumb Code    18  stimer.o(.text)
    stimer_elapsed                           0x080029dd   Thumb Code    14  stimer.o(.text)
    rtimer_arch_now                          0x080029ed   Thumb Code    28  rtimer-arch.o(.text)
    TIM2_IRQHandler                          0x08002a09   Thumb Code   102  rtimer-arch.o(.text)
    clock_delay_usec                         0x08002a6f   Thumb Code    18  rtimer-arch.o(.text)
    rtimer_arch_init                         0x08002a81   Thumb Code   120  rtimer-arch.o(.text)
    rtimer_arch_schedule                     0x08002af9   Thumb Code    24  rtimer-arch.o(.text)
    ctimer_init                              0x08002bfd   Thumb Code    26  ctimer.o(.text)
    ctimer_set_with_process                  0x08002c17   Thumb Code    74  ctimer.o(.text)
    ctimer_set                               0x08002c61   Thumb Code    30  ctimer.o(.text)
    ctimer_reset                             0x08002c7f   Thumb Code    44  ctimer.o(.text)
    ctimer_restart                           0x08002cab   Thumb Code    44  ctimer.o(.text)
    ctimer_stop                              0x08002cd7   Thumb Code    36  ctimer.o(.text)
    ctimer_expired                           0x08002cfb   Thumb Code    48  ctimer.o(.text)
    list_init                                0x08002d3d   Thumb Code     6  list.o(.text)
    list_head                                0x08002d43   Thumb Code     6  list.o(.text)
    list_copy                                0x08002d49   Thumb Code     6  list.o(.text)
    list_tail                                0x08002d4f   Thumb Code    26  list.o(.text)
    list_remove                              0x08002d69   Thumb Code    52  list.o(.text)
    list_add                                 0x08002d9d   Thumb Code    36  list.o(.text)
    list_push                                0x08002dc1   Thumb Code    22  list.o(.text)
    list_chop                                0x08002dd7   Thumb Code    48  list.o(.text)
    list_pop                                 0x08002e07   Thumb Code    16  list.o(.text)
    list_length                              0x08002e17   Thumb Code    18  list.o(.text)
    list_insert                              0x08002e29   Thumb Code    28  list.o(.text)
    list_item_next                           0x08002e45   Thumb Code    12  list.o(.text)
    memb_init                                0x08002e51   Thumb Code    28  memb.o(.text)
    memb_alloc                               0x08002e6d   Thumb Code    44  memb.o(.text)
    memb_free                                0x08002e99   Thumb Code    56  memb.o(.text)
    memb_inmemb                              0x08002ed1   Thumb Code    32  memb.o(.text)
    memb_numfree                             0x08002ef1   Thumb Code    26  memb.o(.text)
    random_init                              0x08002f0b   Thumb Code    12  random.o(.text)
    random_rand                              0x08002f17   Thumb Code    10  random.o(.text)
    print_stats                              0x08002f21   Thumb Code    86  print-stats.o(.text)
    uip_htons                                0x08002fcb   Thumb Code    12  uip6.o(.text)
    uip_chksum                               0x08002fd7   Thumb Code    24  uip6.o(.text)
    uip_ipchksum                             0x08002fef   Thumb Code    30  uip6.o(.text)
    uip_icmp6chksum                          0x08003063   Thumb Code    10  uip6.o(.text)
    uip_udpchksum                            0x0800306d   Thumb Code    10  uip6.o(.text)
    uip_init                                 0x08003077   Thumb Code    64  uip6.o(.text)
    remove_ext_hdr                           0x080030b7   Thumb Code   110  uip6.o(.text)
    uip_udp_new                              0x08003125   Thumb Code   200  uip6.o(.text)
    uip_process                              0x08003303   Thumb Code  1772  uip6.o(.text)
    uip_htonl                                0x080039ef   Thumb Code    26  uip6.o(.text)
    uip_send                                 0x08003a09   Thumb Code   128  uip6.o(.text)
    uip_ds6_list_loop                        0x08003ab9   Thumb Code    74  uip-ds6.o(.text)
    uip_ds6_maddr_add                        0x08003b03   Thumb Code    58  uip-ds6.o(.text)
    uip_ds6_addr_add                         0x08003b3d   Thumb Code   154  uip-ds6.o(.text)
    uip_ds6_set_addr_iid                     0x08003bd7   Thumb Code    18  uip-ds6.o(.text)
    uip_ds6_prefix_add                       0x08003be9   Thumb Code   104  uip-ds6.o(.text)
    uip_ds6_compute_reachable_time           0x08003c51   Thumb Code    60  uip-ds6.o(.text)
    uip_ds6_init                             0x08003c8d   Thumb Code   222  uip-ds6.o(.text)
    uip_ds6_maddr_rm                         0x08003d6b   Thumb Code     8  uip-ds6.o(.text)
    uip_ds6_maddr_lookup                     0x08003d73   Thumb Code    36  uip-ds6.o(.text)
    uip_ds6_addr_rm                          0x08003d97   Thumb Code    70  uip-ds6.o(.text)
    uip_ds6_periodic                         0x08003ddd   Thumb Code    86  uip-ds6.o(.text)
    uip_ds6_prefix_rm                        0x08003e33   Thumb Code     8  uip-ds6.o(.text)
    uip_ds6_prefix_lookup                    0x08003e3b   Thumb Code    36  uip-ds6.o(.text)
    uip_ds6_is_addr_onlink                   0x08003e5f   Thumb Code    72  uip-ds6.o(.text)
    uip_ds6_addr_lookup                      0x08003ea7   Thumb Code    38  uip-ds6.o(.text)
    uip_ds6_get_link_local                   0x08003ecd   Thumb Code   126  uip-ds6.o(.text)
    uip_ds6_get_global                       0x08003f4b   Thumb Code    84  uip-ds6.o(.text)
    uip_ds6_aaddr_add                        0x08003f9f   Thumb Code    58  uip-ds6.o(.text)
    uip_ds6_aaddr_rm                         0x08003fd9   Thumb Code     8  uip-ds6.o(.text)
    uip_ds6_aaddr_lookup                     0x08003fe1   Thumb Code    36  uip-ds6.o(.text)
    get_match_length                         0x08004005   Thumb Code    82  uip-ds6.o(.text)
    uip_ds6_select_src                       0x08004057   Thumb Code   174  uip-ds6.o(.text)
    uip_nd6_ns_output                        0x0800412f   Thumb Code   354  uip-nd6.o(.text)
    uip_nd6_init                             0x08004291   Thumb Code     2  uip-nd6.o(.text)
    sicslowpan_init                          0x0800551b   Thumb Code    30  sicslowpan.o(.text)
    sicslowpan_get_last_rssi                 0x08005539   Thumb Code     6  sicslowpan.o(.text)
    uip_icmp6_input                          0x080055bb   Thumb Code    38  uip-icmp6.o(.text)
    uip_icmp6_register_input_handler         0x080055e1   Thumb Code    16  uip-icmp6.o(.text)
    uip_icmp6_error_output                   0x08005751   Thumb Code   432  uip-icmp6.o(.text)
    uip_icmp6_send                           0x08005901   Thumb Code   164  uip-icmp6.o(.text)
    uip_icmp6_echo_reply_callback_add        0x08005af9   Thumb Code    24  uip-icmp6.o(.text)
    uip_icmp6_echo_reply_callback_rm         0x08005b11   Thumb Code    16  uip-icmp6.o(.text)
    uip_icmp6_init                           0x08005b21   Thumb Code    16  uip-icmp6.o(.text)
    uip_ds6_notification_add                 0x08005b95   Thumb Code    24  uip-ds6-route.o(.text)
    uip_ds6_notification_rm                  0x08005bad   Thumb Code    16  uip-ds6-route.o(.text)
    uip_ds6_route_nexthop                    0x08005bd3   Thumb Code    24  uip-ds6-route.o(.text)
    uip_ds6_route_rm                         0x08005beb   Thumb Code   142  uip-ds6-route.o(.text)
    uip_ds6_route_init                       0x08005cb9   Thumb Code    50  uip-ds6-route.o(.text)
    uip_ds6_route_head                       0x08005ceb   Thumb Code    12  uip-ds6-route.o(.text)
    uip_ds6_route_next                       0x08005cf7   Thumb Code    22  uip-ds6-route.o(.text)
    uip_ds6_route_num_routes                 0x08005d0d   Thumb Code     6  uip-ds6-route.o(.text)
    uip_ds6_route_lookup                     0x08005d13   Thumb Code   110  uip-ds6-route.o(.text)
    uip_ds6_route_add                        0x08005d81   Thumb Code   264  uip-ds6-route.o(.text)
    uip_ds6_route_rm_by_nexthop              0x08005e89   Thumb Code    32  uip-ds6-route.o(.text)
    uip_ds6_defrt_lookup                     0x08005ea9   Thumb Code    48  uip-ds6-route.o(.text)
    uip_ds6_defrt_add                        0x08005ed9   Thumb Code   124  uip-ds6-route.o(.text)
    uip_ds6_defrt_rm                         0x08005f55   Thumb Code    66  uip-ds6-route.o(.text)
    uip_ds6_defrt_choose                     0x08005f97   Thumb Code    54  uip-ds6-route.o(.text)
    uip_ds6_defrt_periodic                   0x08005fcd   Thumb Code    60  uip-ds6-route.o(.text)
    uip_ds6_nbr_rm                           0x08006011   Thumb Code    32  uip-ds6-nbr.o(.text)
    uip_ds6_neighbors_init                   0x08006031   Thumb Code    16  uip-ds6-nbr.o(.text)
    uip_ds6_nbr_add                          0x08006041   Thumb Code    94  uip-ds6-nbr.o(.text)
    uip_ds6_nbr_get_ipaddr                   0x0800609f   Thumb Code    12  uip-ds6-nbr.o(.text)
    uip_ds6_nbr_get_ll                       0x080060ab   Thumb Code    16  uip-ds6-nbr.o(.text)
    uip_ds6_nbr_num                          0x080060bb   Thumb Code    38  uip-ds6-nbr.o(.text)
    uip_ds6_nbr_lookup                       0x080060e1   Thumb Code    54  uip-ds6-nbr.o(.text)
    uip_ds6_nbr_ll_lookup                    0x08006117   Thumb Code    16  uip-ds6-nbr.o(.text)
    uip_ds6_nbr_ipaddr_from_lladdr           0x08006127   Thumb Code    22  uip-ds6-nbr.o(.text)
    uip_ds6_nbr_lladdr_from_ipaddr           0x0800613d   Thumb Code    26  uip-ds6-nbr.o(.text)
    uip_ds6_link_neighbor_callback           0x08006157   Thumb Code    40  uip-ds6-nbr.o(.text)
    uip_ds6_neighbor_periodic                0x0800617f   Thumb Code    94  uip-ds6-nbr.o(.text)
    uip_ds6_get_least_lifetime_neighbor      0x080061dd   Thumb Code    66  uip-ds6-nbr.o(.text)
    tcpip_output                             0x08006229   Thumb Code    28  tcpip.o(.text)
    tcpip_set_outputfunc                     0x08006245   Thumb Code     6  tcpip.o(.text)
    udp_attach                               0x0800626f   Thumb Code    14  tcpip.o(.text)
    udp_new                                  0x0800627d   Thumb Code    44  tcpip.o(.text)
    udp_broadcast_new                        0x080062a9   Thumb Code    74  tcpip.o(.text)
    icmp6_new                                0x080062f3   Thumb Code    28  tcpip.o(.text)
    tcpip_icmp6_call                         0x0800630f   Thumb Code    24  tcpip.o(.text)
    tcpip_ipv6_output                        0x08006327   Thumb Code   340  tcpip.o(.text)
    tcpip_input                              0x080064ed   Thumb Code    24  tcpip.o(.text)
    tcpip_poll_udp                           0x08006505   Thumb Code    16  tcpip.o(.text)
    tcpip_uipcall                            0x08006515   Thumb Code    44  tcpip.o(.text)
    uip_debug_ipaddr_print                   0x080065e5   Thumb Code   138  uip-debug.o(.text)
    uip_debug_lladdr_print                   0x0800666f   Thumb Code    44  uip-debug.o(.text)
    uip_packetqueue_new                      0x080066f9   Thumb Code     6  uip-packetqueue.o(.text)
    uip_packetqueue_alloc                    0x080066ff   Thumb Code    46  uip-packetqueue.o(.text)
    uip_packetqueue_free                     0x0800672d   Thumb Code    32  uip-packetqueue.o(.text)
    uip_packetqueue_buf                      0x0800674d   Thumb Code    16  uip-packetqueue.o(.text)
    uip_packetqueue_buflen                   0x0800675d   Thumb Code    18  uip-packetqueue.o(.text)
    uip_packetqueue_set_buflen               0x0800676f   Thumb Code    12  uip-packetqueue.o(.text)
    uip_split_output                         0x08006785   Thumb Code     8  uip-split.o(.text)
    rpl_verify_header                        0x0800678d   Thumb Code   388  rpl-ext-header.o(.text)
    rpl_update_header_empty                  0x080069d9   Thumb Code   428  rpl-ext-header.o(.text)
    rpl_update_header_final                  0x08006b85   Thumb Code   214  rpl-ext-header.o(.text)
    rpl_remove_header                        0x08006c5b   Thumb Code   134  rpl-ext-header.o(.text)
    rpl_invert_header                        0x08006ce1   Thumb Code   188  rpl-ext-header.o(.text)
    rpl_insert_header                        0x08006d9d   Thumb Code    22  rpl-ext-header.o(.text)
    rpl_get_mode                             0x08006dc5   Thumb Code     6  rpl.o(.text)
    rpl_set_mode                             0x08006dcb   Thumb Code    82  rpl.o(.text)
    rpl_purge_routes                         0x08006e1d   Thumb Code   116  rpl.o(.text)
    rpl_remove_routes                        0x08006e91   Thumb Code    46  rpl.o(.text)
    rpl_remove_routes_by_nexthop             0x08006ebf   Thumb Code    70  rpl.o(.text)
    rpl_add_route                            0x08006f05   Thumb Code    58  rpl.o(.text)
    rpl_link_neighbor_callback               0x08006f3f   Thumb Code   132  rpl.o(.text)
    rpl_ipv6_neighbor_callback               0x08006fc3   Thumb Code    60  rpl.o(.text)
    rpl_purge_dags                           0x08006fff   Thumb Code   108  rpl.o(.text)
    rpl_init                                 0x0800706b   Thumb Code    82  rpl.o(.text)
    rpl_get_nbr                              0x080070cd   Thumb Code    36  rpl-dag.o(.text)
    rpl_print_neighbor_list                  0x080070f1   Thumb Code   242  rpl-dag.o(.text)
    rpl_nullify_parent                       0x08007209   Thumb Code    76  rpl-dag.o(.text)
    rpl_remove_parent                        0x08007255   Thumb Code    22  rpl-dag.o(.text)
    rpl_dag_init                             0x08007277   Thumb Code    14  rpl-dag.o(.text)
    rpl_get_parent                           0x08007285   Thumb Code    20  rpl-dag.o(.text)
    rpl_get_parent_rank                      0x08007299   Thumb Code    26  rpl-dag.o(.text)
    rpl_get_parent_link_metric               0x080072b3   Thumb Code    26  rpl-dag.o(.text)
    rpl_get_parent_ipaddr                    0x080072cd   Thumb Code    24  rpl-dag.o(.text)
    rpl_get_instance                         0x080073f3   Thumb Code    70  rpl-dag.o(.text)
    rpl_alloc_instance                       0x0800747b   Thumb Code   206  rpl-dag.o(.text)
    rpl_alloc_dag                            0x08007549   Thumb Code    84  rpl-dag.o(.text)
    rpl_free_dag                             0x0800762d   Thumb Code    52  rpl-dag.o(.text)
    rpl_set_root                             0x08007661   Thumb Code   262  rpl-dag.o(.text)
    rpl_repair_root                          0x08007767   Thumb Code   116  rpl-dag.o(.text)
    rpl_set_prefix                           0x080077db   Thumb Code   104  rpl-dag.o(.text)
    rpl_set_default_route                    0x08007843   Thumb Code    76  rpl-dag.o(.text)
    rpl_set_default_instance                 0x0800788f   Thumb Code     6  rpl-dag.o(.text)
    rpl_get_default_instance                 0x08007895   Thumb Code     6  rpl-dag.o(.text)
    rpl_free_instance                        0x0800789b   Thumb Code    92  rpl-dag.o(.text)
    rpl_add_parent                           0x080078f7   Thumb Code    78  rpl-dag.o(.text)
    rpl_find_parent                          0x08007965   Thumb Code    30  rpl-dag.o(.text)
    rpl_find_parent_any_dag                  0x080079ad   Thumb Code    36  rpl-dag.o(.text)
    rpl_select_parent                        0x08007a1b   Thumb Code    48  rpl-dag.o(.text)
    rpl_select_dag                           0x08007a4b   Thumb Code   386  rpl-dag.o(.text)
    rpl_move_parent                          0x08007bcd   Thumb Code    86  rpl-dag.o(.text)
    rpl_get_any_dag                          0x08007c23   Thumb Code    68  rpl-dag.o(.text)
    rpl_find_of                              0x08007c67   Thumb Code    36  rpl-dag.o(.text)
    rpl_join_instance                        0x08007c8b   Thumb Code   264  rpl-dag.o(.text)
    rpl_local_repair                         0x08007d93   Thumb Code    86  rpl-dag.o(.text)
    rpl_process_parent_event                 0x08007de9   Thumb Code    62  rpl-dag.o(.text)
    rpl_add_dag                              0x08007e27   Thumb Code   274  rpl-dag.o(.text)
    rpl_recalculate_ranks                    0x08007feb   Thumb Code    68  rpl-dag.o(.text)
    rpl_process_dio                          0x0800802f   Thumb Code   540  rpl-dag.o(.text)
    dio_output                               0x0800830b   Thumb Code   608  rpl-icmp6.o(.text)
    dis_output                               0x080085ab   Thumb Code    84  rpl-icmp6.o(.text)
    dao_ack_output                           0x080088eb   Thumb Code    50  rpl-icmp6.o(.text)
    dao_output_target                        0x08008b9d   Thumb Code   310  rpl-icmp6.o(.text)
    dao_output                               0x08008cd3   Thumb Code    30  rpl-icmp6.o(.text)
    rpl_icmp6_register_handlers              0x08008cfd   Thumb Code    28  rpl-icmp6.o(.text)
    rpl_reset_periodic_timer                 0x08008fbf   Thumb Code    40  rpl-timers.o(.text)
    rpl_reset_dio_timer                      0x08008fe7   Thumb Code    40  rpl-timers.o(.text)
    rpl_schedule_dao                         0x080090f7   Thumb Code    16  rpl-timers.o(.text)
    rpl_schedule_dao_immediately             0x08009107   Thumb Code    14  rpl-timers.o(.text)
    rpl_cancel_dao                           0x08009115   Thumb Code    22  rpl-timers.o(.text)
    rpl_schedule_unicast_dio_immediately     0x08009147   Thumb Code    20  rpl-timers.o(.text)
    rpl_schedule_probing                     0x0800921f   Thumb Code    40  rpl-timers.o(.text)
    linkaddr_copy                            0x08009299   Thumb Code    10  linkaddr.o(.text)
    linkaddr_cmp                             0x080092a3   Thumb Code    26  linkaddr.o(.text)
    linkaddr_set_node_addr                   0x080092bd   Thumb Code    14  linkaddr.o(.text)
    nbr_table_register                       0x080094e7   Thumb Code    44  nbr-table.o(.text)
    nbr_table_next                           0x08009513   Thumb Code    56  nbr-table.o(.text)
    nbr_table_head                           0x0800954b   Thumb Code    50  nbr-table.o(.text)
    nbr_table_add_lladdr                     0x0800957d   Thumb Code    98  nbr-table.o(.text)
    nbr_table_get_from_lladdr                0x080095df   Thumb Code    48  nbr-table.o(.text)
    nbr_table_remove                         0x0800960f   Thumb Code    36  nbr-table.o(.text)
    nbr_table_lock                           0x08009633   Thumb Code    20  nbr-table.o(.text)
    nbr_table_unlock                         0x08009647   Thumb Code    20  nbr-table.o(.text)
    nbr_table_get_lladdr                     0x0800965b   Thumb Code    26  nbr-table.o(.text)
    packetbuf_attr_clear                     0x08009691   Thumb Code    44  packetbuf.o(.text)
    packetbuf_clear                          0x080096bd   Thumb Code    34  packetbuf.o(.text)
    packetbuf_clear_hdr                      0x080096df   Thumb Code     8  packetbuf.o(.text)
    packetbuf_copyfrom                       0x080096e7   Thumb Code    42  packetbuf.o(.text)
    packetbuf_datalen                        0x08009711   Thumb Code     6  packetbuf.o(.text)
    packetbuf_compact                        0x08009717   Thumb Code    54  packetbuf.o(.text)
    packetbuf_copyto_hdr                     0x0800974d   Thumb Code    50  packetbuf.o(.text)
    packetbuf_copyto                         0x0800977f   Thumb Code   190  packetbuf.o(.text)
    packetbuf_hdrlen                         0x0800983d   Thumb Code    22  packetbuf.o(.text)
    packetbuf_totlen                         0x08009853   Thumb Code    18  packetbuf.o(.text)
    packetbuf_hdralloc                       0x08009865   Thumb Code    40  packetbuf.o(.text)
    packetbuf_hdr_remove                     0x0800988d   Thumb Code    12  packetbuf.o(.text)
    packetbuf_hdrreduce                      0x08009899   Thumb Code    38  packetbuf.o(.text)
    packetbuf_set_datalen                    0x080098bf   Thumb Code     6  packetbuf.o(.text)
    packetbuf_dataptr                        0x080098c5   Thumb Code    14  packetbuf.o(.text)
    packetbuf_hdrptr                         0x080098d3   Thumb Code    12  packetbuf.o(.text)
    packetbuf_attr_copyto                    0x080098df   Thumb Code    28  packetbuf.o(.text)
    packetbuf_attr_copyfrom                  0x080098fb   Thumb Code    28  packetbuf.o(.text)
    packetbuf_set_attr                       0x08009917   Thumb Code    12  packetbuf.o(.text)
    packetbuf_attr                           0x08009923   Thumb Code    10  packetbuf.o(.text)
    packetbuf_set_addr                       0x0800992d   Thumb Code    26  packetbuf.o(.text)
    packetbuf_addr                           0x08009947   Thumb Code    14  packetbuf.o(.text)
    packetbuf_holds_broadcast                0x08009955   Thumb Code    14  packetbuf.o(.text)
    queuebuf_init                            0x08009997   Thumb Code    16  queuebuf.o(.text)
    queuebuf_numfree                         0x080099a7   Thumb Code    10  queuebuf.o(.text)
    queuebuf_new_from_packetbuf              0x080099b1   Thumb Code    64  queuebuf.o(.text)
    queuebuf_update_attr_from_packetbuf      0x080099f1   Thumb Code    26  queuebuf.o(.text)
    queuebuf_update_from_packetbuf           0x08009a0b   Thumb Code    36  queuebuf.o(.text)
    queuebuf_free                            0x08009a2f   Thumb Code    32  queuebuf.o(.text)
    queuebuf_to_packetbuf                    0x08009a4f   Thumb Code    48  queuebuf.o(.text)
    queuebuf_dataptr                         0x08009a7f   Thumb Code    30  queuebuf.o(.text)
    queuebuf_datalen                         0x08009a9d   Thumb Code    18  queuebuf.o(.text)
    queuebuf_addr                            0x08009aaf   Thumb Code    28  queuebuf.o(.text)
    queuebuf_attr                            0x08009acb   Thumb Code    24  queuebuf.o(.text)
    queuebuf_debug_print                     0x08009ae3   Thumb Code     2  queuebuf.o(.text)
    frame802154_get_pan_id                   0x08009aed   Thumb Code     6  frame802154.o(.text)
    frame802154_set_pan_id                   0x08009af3   Thumb Code     6  frame802154.o(.text)
    frame802154_has_panid                    0x08009af9   Thumb Code   114  frame802154.o(.text)
    frame802154_check_dest_panid             0x08009b6b   Thumb Code    54  frame802154.o(.text)
    frame802154_is_broadcast_addr            0x08009ba1   Thumb Code    38  frame802154.o(.text)
    frame802154_extract_linkaddr             0x08009bc7   Thumb Code   156  frame802154.o(.text)
    frame802154_hdrlen                       0x08009cd9   Thumb Code    50  frame802154.o(.text)
    frame802154_create                       0x08009d0b   Thumb Code   242  frame802154.o(.text)
    frame802154_parse                        0x08009dfd   Thumb Code   408  frame802154.o(.text)
    mac_call_sent_callback                   0x0800a589   Thumb Code    48  mac.o(.text)
    SysTick_Handler                          0x0800a5e9   Thumb Code    78  clock.o(.text)
    clock_init                               0x0800a637   Thumb Code    68  clock.o(.text)
    clock_time                               0x0800a67b   Thumb Code     6  clock.o(.text)
    clock_delay                              0x0800a681   Thumb Code    20  clock.o(.text)
    clock_seconds                            0x0800a695   Thumb Code     6  clock.o(.text)
    BSP_GetVersion                           0x0800a725   Thumb Code     6  stm32f10x_io.o(.text)
    BSP_PB_Init                              0x0800a72b   Thumb Code   128  stm32f10x_io.o(.text)
    BSP_PB_GetState                          0x0800a7ab   Thumb Code    22  stm32f10x_io.o(.text)
    cc1200_rx_interrupt                      0x0800b349   Thumb Code   882  cc1200.o(.text)
    send_list                                0x0800bf75   Thumb Code    26  sicslowmac.o(.text)
    __aeabi_uldivmod                         0x0800c069   Thumb Code    98  uldiv.o(.text)
    rand                                     0x0800c0cd   Thumb Code    20  rand.o(.text)
    srand                                    0x0800c0e1   Thumb Code     6  rand.o(.text)
    ___aeabi_memcpy8$move                    0x0800c0f1   Thumb Code     0  memmovea.o(.text)
    __aeabi_memcpy                           0x0800c0f1   Thumb Code    64  memmovea.o(.text)
    __aeabi_memcpy4                          0x0800c0f1   Thumb Code     0  memmovea.o(.text)
    __aeabi_memmove                          0x0800c0f1   Thumb Code     0  memmovea.o(.text)
    __aeabi_memmove4                         0x0800c0f1   Thumb Code     0  memmovea.o(.text)
    __aeabi_memmove8                         0x0800c0f1   Thumb Code     0  memmovea.o(.text)
    __aeabi_memset                           0x0800c131   Thumb Code    14  memseta.o(.text)
    __aeabi_memset4                          0x0800c131   Thumb Code     0  memseta.o(.text)
    __aeabi_memset8                          0x0800c131   Thumb Code     0  memseta.o(.text)
    __aeabi_memclr                           0x0800c13f   Thumb Code     4  memseta.o(.text)
    __aeabi_memclr4                          0x0800c13f   Thumb Code     0  memseta.o(.text)
    __aeabi_memclr8                          0x0800c13f   Thumb Code     0  memseta.o(.text)
    _memset$wrapper                          0x0800c143   Thumb Code    18  memseta.o(.text)
    memcmp                                   0x0800c155   Thumb Code    26  memcmp.o(.text)
    __aeabi_llsl                             0x0800c16f   Thumb Code    30  llshl.o(.text)
    _ll_shift_l                              0x0800c16f   Thumb Code     0  llshl.o(.text)
    __aeabi_llsr                             0x0800c18d   Thumb Code    32  llushr.o(.text)
    _ll_ushift_r                             0x0800c18d   Thumb Code     0  llushr.o(.text)
    __scatterload                            0x0800c1ad   Thumb Code    28  init.o(.text)
    __scatterload_rt2                        0x0800c1ad   Thumb Code     0  init.o(.text)
    __decompress                             0x0800c1d1   Thumb Code     0  __dczerorl2.o(.text)
    __decompress1                            0x0800c1d1   Thumb Code    92  __dczerorl2.o(.text)
    __0printf$8                              0x0800c22d   Thumb Code    22  printf8.o(i.__0printf$8)
    __1printf$8                              0x0800c22d   Thumb Code     0  printf8.o(i.__0printf$8)
    __2printf                                0x0800c22d   Thumb Code     0  printf8.o(i.__0printf$8)
    __0sprintf$8                             0x0800c24d   Thumb Code    34  printf8.o(i.__0sprintf$8)
    __1sprintf$8                             0x0800c24d   Thumb Code     0  printf8.o(i.__0sprintf$8)
    __2sprintf                               0x0800c24d   Thumb Code     0  printf8.o(i.__0sprintf$8)
    __scatterload_copy                       0x0800c275   Thumb Code    14  handlers.o(i.__scatterload_copy)
    __scatterload_null                       0x0800c283   Thumb Code     2  handlers.o(i.__scatterload_null)
    __scatterload_zeroinit                   0x0800c285   Thumb Code    14  handlers.o(i.__scatterload_zeroinit)
    putc                                     0x0800c6fd   Thumb Code     4  putc.o(i.putc)
    unc_llconf                               0x0800c770   Data           4  sicslowpan.o(.constdata)
    unc_ctxconf                              0x0800c774   Data           4  sicslowpan.o(.constdata)
    unc_mxconf                               0x0800c778   Data           4  sicslowpan.o(.constdata)
    llprefix                                 0x0800c77c   Data           2  sicslowpan.o(.constdata)
    sicslowpan_driver                        0x0800c784   Data          12  sicslowpan.o(.constdata)
    linkaddr_null                            0x0800c794   Data           8  linkaddr.o(.constdata)
    framer_802154                            0x0800c79c   Data          12  framer-802154.o(.constdata)
    csma_driver                              0x0800c7a8   Data          28  csma.o(.constdata)
    nullsec_driver                           0x0800c7c4   Data          16  nullsec.o(.constdata)
    button_sensor                            0x0800c7d4   Data          16  button-sensor.o(.constdata)
    BUTTON_PIN                               0x0800c7e4   Data           2  stm32f10x_io.o(.constdata)
    BUTTON_IRQn                              0x0800c7e6   Data           2  stm32f10x_io.o(.constdata)
    cc1200_driver                            0x0800c7e8   Data          56  cc1200.o(.constdata)
    cc1200_802154g_863_870_fsk_50kbps        0x0800c918   Data          40  cc1200-802154g-863-870-fsk-50kbps.o(.constdata)
    sicslowmac_driver                        0x0800c940   Data          32  sicslowmac.o(.constdata)
    Region$$Table$$Base                      0x0800c9ec   Number         0  anon$$obj.o(Region$$Table)
    Region$$Table$$Limit                     0x0800ca0c   Number         0  anon$$obj.o(Region$$Table)
    idle_count                               0x20000000   Data           4  main.o(.data)
    clocktime                                0x20000004   Data           4  main.o(.data)
    helloTaskCnt1                            0x20000008   Data           4  hello-world1.o(.data)
    sensors                                  0x2000000c   Data           8  hello-world1.o(.data)
    hello_world_process2                     0x20000014   Data          16  hello-world1.o(.data)
    hello_world_process1                     0x20000024   Data          16  hello-world1.o(.data)
    sensors_flags                            0x20000034   Data           2  hello-world1.o(.data)
    SystemCoreClock                          0x20000038   Data           4  system_stm32f10x.o(.data)
    AHBPrescTable                            0x2000003c   Data          16  system_stm32f10x.o(.data)
    rtcCnt                                   0x20000060   Data           4  rtc.o(.data)
    resetCnt                                 0x20000064   Data           1  rtc.o(.data)
    watchdogEnable                           0x20000068   Data           4  rtc.o(.data)
    watchdogCnt                              0x2000006c   Data           4  rtc.o(.data)
    watchdogFeed                             0x20000070   Data           4  rtc.o(.data)
    sec                                      0x20000074   Data           4  rtc.o(.data)
    rtcTimeSec                               0x20000078   Data           4  sys_time.o(.data)
    timeZone                                 0x2000007c   Data           4  sys_time.o(.data)
    sysTimeZone                              0x20000080   Data           4  sys_time.o(.data)
    rtcUpdateFlag                            0x20000084   Data           4  sys_time.o(.data)
    rtcUpdateCnt                             0x20000088   Data           4  sys_time.o(.data)
    sysTime                                  0x2000008c   Data           8  sys_time.o(.data)
    localTime                                0x20000094   Data           8  sys_time.o(.data)
    ADC1ConvertedValue                       0x2000009c   Data           2  adc.o(.data)
    adcChannel8Value                         0x200000a0   Data           4  adc.o(.data)
    adc8Sum                                  0x200000a4   Data           4  adc.o(.data)
    adc8SampleCnt                            0x200000a8   Data           2  adc.o(.data)
    uart3_parity                             0x200000ac   Data           4  uart3.o(.data)
    etimer_process                           0x200000b4   Data          16  etimer.o(.data)
    process_list                             0x200000cc   Data           4  process.o(.data)
    process_current                          0x200000d0   Data           4  process.o(.data)
    tmr2Cnt                                  0x200000f0   Data           4  rtimer-arch.o(.data)
    ctimer_process                           0x200000fc   Data          16  ctimer.o(.data)
    uip_ext_bitmap                           0x20000110   Data           1  uip6.o(.data)
    uip_ext_len                              0x20000111   Data           1  uip6.o(.data)
    uip_ext_opt_offset                       0x20000112   Data           1  uip6.o(.data)
    uip_lladdr                               0x20000113   Data           8  uip6.o(.data)
    uip_next_hdr                             0x2000011c   Data           4  uip6.o(.data)
    uip_appdata                              0x20000120   Data           4  uip6.o(.data)
    uip_sappdata                             0x20000124   Data           4  uip6.o(.data)
    uip_len                                  0x20000128   Data           2  uip6.o(.data)
    uip_slen                                 0x2000012a   Data           2  uip6.o(.data)
    uip_flags                                0x2000012c   Data           1  uip6.o(.data)
    uip_conn                                 0x20000130   Data           4  uip6.o(.data)
    uip_udp_conn                             0x20000138   Data           4  uip6.o(.data)
    uip_icmp6_conns                          0x2000013c   Data           8  uip6.o(.data)
    uip_ds6_timer_ra                         0x20000144   Data           8  uip-ds6.o(.data)
    uip_ds6_addr_size                        0x2000014c   Data           1  uip-ds6.o(.data)
    uip_ds6_netif_addr_list_offset           0x2000014d   Data           1  uip-ds6.o(.data)
    frag_sender                              0x20000180   Data           8  sicslowpan.o(.data)
    nbr_routes                               0x200001d4   Data           4  uip-ds6-route.o(.data)
    ds6_neighbors                            0x2000022c   Data           4  uip-ds6-nbr.o(.data)
    tcpip_process                            0x20000230   Data          16  tcpip.o(.data)
    tcpip_event                              0x20000240   Data           1  tcpip.o(.data)
    tcpip_icmp6_event                        0x20000241   Data           1  tcpip.o(.data)
    rpl_parents                              0x20000268   Data           4  rpl-dag.o(.data)
    default_instance                         0x2000026c   Data           4  rpl-dag.o(.data)
    rpl_mrhof                                0x200002a4   Data          28  rpl-mrhof.o(.data)
    linkaddr_node_addr                       0x200002c3   Data           8  linkaddr.o(.data)
    BUTTON_PORT                              0x20000374   Data           4  stm32f10x_io.o(.data)
    cc1200_process                           0x20000380   Data          16  cc1200.o(.data)
    id                                       0x200003a8   Data           1  cc1200.o(.data)
    ver                                      0x200003a9   Data           1  cc1200.o(.data)
    __stdout                                 0x200003b0   Data           4  stdout.o(.data)
    sysCfg                                   0x200003c4   Data          91  system_config.o(.bss)
    USART1_RxBuff                            0x20000440   Data        1024  uart1.o(.bss)
    USART1_TxBuff                            0x20000840   Data        1024  uart1.o(.bss)
    USART1_RxRingBuff                        0x20000c40   Data          16  uart1.o(.bss)
    USART1_TxRingBuff                        0x20000c50   Data          16  uart1.o(.bss)
    USART3_RxBuff                            0x20000c60   Data         512  uart3.o(.bss)
    USART3_TxBuff                            0x20000e60   Data         512  uart3.o(.bss)
    USART3_RxRingBuff                        0x20001060   Data          16  uart3.o(.bss)
    USART3_TxRingBuff                        0x20001070   Data          16  uart3.o(.bss)
    energest_total_time                      0x20001200   Data          48  energest.o(.bss)
    energest_current_time                    0x20001230   Data          96  energest.o(.bss)
    energest_current_mode                    0x20001290   Data          12  energest.o(.bss)
    uip_aligned_buf                          0x2000129c   Data        1280  uip6.o(.bss)
    uip_udp_conns                            0x2000179c   Data         320  uip6.o(.bss)
    uip_ds6_timer_periodic                   0x200018dc   Data          16  uip-ds6.o(.bss)
    uip_ds6_if                               0x200018ec   Data         316  uip-ds6.o(.bss)
    uip_ds6_prefix_list                      0x20001a28   Data         128  uip-ds6.o(.bss)
    instance_table                           0x20002f34   Data         336  rpl-dag.o(.bss)
    packetbuf_attrs                          0x200031f0   Data          30  packetbuf.o(.bss)
    packetbuf_addrs                          0x2000320e   Data          16  packetbuf.o(.bss)
    __initial_sp                             0x20003f28   Data           0  startup_stm32f10x_md.o(STACK)



==============================================================================

Memory Map of the image

  Image Entry point : 0x080000ed

  Load Region LR_IROM1 (Base: 0x08000000, Size: 0x0000cdc4, Max: 0x00020000, ABSOLUTE, COMPRESSED[0x0000cb54])

    Execution Region ER_IROM1 (Base: 0x08000000, Size: 0x0000ca0c, Max: 0x00020000, ABSOLUTE)

    Base Addr    Size         Type   Attr      Idx    E Section Name        Object

    0x08000000   0x000000ec   Data   RO          474    RESET               startup_stm32f10x_md.o
    0x080000ec   0x00000000   Code   RO         2752  * .ARM.Collect$$$$00000000  mc_w.l(entry.o)
    0x080000ec   0x00000004   Code   RO         3062    .ARM.Collect$$$$00000001  mc_w.l(entry2.o)
    0x080000f0   0x00000004   Code   RO         3065    .ARM.Collect$$$$00000004  mc_w.l(entry5.o)
    0x080000f4   0x00000000   Code   RO         3067    .ARM.Collect$$$$00000008  mc_w.l(entry7b.o)
    0x080000f4   0x00000000   Code   RO         3069    .ARM.Collect$$$$0000000A  mc_w.l(entry8b.o)
    0x080000f4   0x00000008   Code   RO         3070    .ARM.Collect$$$$0000000B  mc_w.l(entry9a.o)
    0x080000fc   0x00000000   Code   RO         3072    .ARM.Collect$$$$0000000D  mc_w.l(entry10a.o)
    0x080000fc   0x00000000   Code   RO         3074    .ARM.Collect$$$$0000000F  mc_w.l(entry11a.o)
    0x080000fc   0x00000004   Code   RO         3063    .ARM.Collect$$$$00002712  mc_w.l(entry2.o)
    0x08000100   0x00000450   Code   RO            1    .text               main.o
    0x08000550   0x0000011c   Code   RO          453    .text               hello-world1.o
    0x0800066c   0x0000001c   Code   RO          475    .text               startup_stm32f10x_md.o
    0x08000688   0x000001dc   Code   RO          490    .text               system_stm32f10x.o
    0x08000864   0x00000358   Code   RO          508    .text               stm32f10x_gpio.o
    0x08000bbc   0x000003a4   Code   RO          520    .text               stm32f10x_rcc.o
    0x08000f60   0x00000010   Code   RO          573    .text               dbg.o
    0x08000f70   0x000000cc   Code   RO          585    .text               exti.o
    0x0800103c   0x0000029c   Code   RO          615    .text               spi.o
    0x080012d8   0x00000308   Code   RO          630    .text               uart1.o
    0x080015e0   0x000001d8   Code   RO          690    .text               rtc.o
    0x080017b8   0x00000094   Code   RO          717    .text               ampm_ringbuf.o
    0x0800184c   0x00000124   Code   RO          766    .text               adc.o
    0x08001970   0x00000330   Code   RO          802    .text               uart3.o
    0x08001ca0   0x00000180   Code   RO          821    .text               leds.o
    0x08001e20   0x00000054   Code   RO          835    .text               leds-arch.o
    0x08001e74   0x00000458   Code   RO          847    .text               cc1200-arch.o
    0x080022cc   0x00000030   Code   RO          877    .text               params.o
    0x080022fc   0x0000000a   Code   RO          892    .text               watchdog.o
    0x08002306   0x00000002   PAD
    0x08002308   0x0000025c   Code   RO          904    .text               etimer.o
    0x08002564   0x00000348   Code   RO          923    .text               process.o
    0x080028ac   0x00000054   Code   RO          959    .text               timer.o
    0x08002900   0x00000084   Code   RO          983    .text               rtimer.o
    0x08002984   0x00000066   Code   RO          997    .text               stimer.o
    0x080029ea   0x00000002   PAD
    0x080029ec   0x00000168   Code   RO         1009    .text               rtimer-arch.o
    0x08002b54   0x000001e8   Code   RO         1043    .text               ctimer.o
    0x08002d3c   0x00000114   Code   RO         1088    .text               list.o
    0x08002e50   0x000000ba   Code   RO         1100    .text               memb.o
    0x08002f0a   0x00000016   Code   RO         1112    .text               random.o
    0x08002f20   0x00000064   Code   RO         1240    .text               print-stats.o
    0x08002f84   0x00000b34   Code   RO         1340    .text               uip6.o
    0x08003ab8   0x00000658   Code   RO         1410    .text               uip-ds6.o
    0x08004110   0x00000194   Code   RO         1443    .text               uip-nd6.o
    0x080042a4   0x000012dc   Code   RO         1462    .text               sicslowpan.o
    0x08005580   0x000005c8   Code   RO         1507    .text               uip-icmp6.o
    0x08005b48   0x000004c8   Code   RO         1529    .text               uip-ds6-route.o
    0x08006010   0x00000218   Code   RO         1548    .text               uip-ds6-nbr.o
    0x08006228   0x000003bc   Code   RO         1651    .text               tcpip.o
    0x080065e4   0x00000100   Code   RO         1736    .text               uip-debug.o
    0x080066e4   0x000000a0   Code   RO         1778    .text               uip-packetqueue.o
    0x08006784   0x00000008   Code   RO         1793    .text               uip-split.o
    0x0800678c   0x00000638   Code   RO         1830    .text               rpl-ext-header.o
    0x08006dc4   0x00000308   Code   RO         1853    .text               rpl.o
    0x080070cc   0x00001184   Code   RO         1867    .text               rpl-dag.o
    0x08008250   0x00000ae8   Code   RO         1923    .text               rpl-icmp6.o
    0x08008d38   0x0000016e   Code   RO         1962    .text               rpl-mrhof.o
    0x08008ea6   0x00000002   PAD
    0x08008ea8   0x000003f0   Code   RO         1984    .text               rpl-timers.o
    0x08009298   0x00000038   Code   RO         1999    .text               linkaddr.o
    0x080092d0   0x000003c0   Code   RO         2018    .text               nbr-table.o
    0x08009690   0x00000300   Code   RO         2049    .text               packetbuf.o
    0x08009990   0x0000015c   Code   RO         2065    .text               queuebuf.o
    0x08009aec   0x000004c4   Code   RO         2127    .text               frame802154.o
    0x08009fb0   0x0000020c   Code   RO         2141    .text               framer-802154.o
    0x0800a1bc   0x000003cc   Code   RO         2174    .text               csma.o
    0x0800a588   0x00000030   Code   RO         2240    .text               mac.o
    0x0800a5b8   0x00000030   Code   RO         2323    .text               nullsec.o
    0x0800a5e8   0x000000cc   Code   RO         2381    .text               clock.o
    0x0800a6b4   0x00000070   Code   RO         2415    .text               button-sensor.o
    0x0800a724   0x000000a8   Code   RO         2527    .text               stm32f10x_io.o
    0x0800a7cc   0x00001690   Code   RO         2550    .text               cc1200.o
    0x0800be5c   0x0000020c   Code   RO         2728    .text               sicslowmac.o
    0x0800c068   0x00000062   Code   RO         2758    .text               mc_w.l(uldiv.o)
    0x0800c0ca   0x00000002   PAD
    0x0800c0cc   0x00000024   Code   RO         2762    .text               mc_w.l(rand.o)
    0x0800c0f0   0x00000040   Code   RO         2767    .text               mc_w.l(memmovea.o)
    0x0800c130   0x00000024   Code   RO         2769    .text               mc_w.l(memseta.o)
    0x0800c154   0x0000001a   Code   RO         2777    .text               mc_w.l(memcmp.o)
    0x0800c16e   0x0000001e   Code   RO         3078    .text               mc_w.l(llshl.o)
    0x0800c18c   0x00000020   Code   RO         3080    .text               mc_w.l(llushr.o)
    0x0800c1ac   0x00000024   Code   RO         3101    .text               mc_w.l(init.o)
    0x0800c1d0   0x0000005c   Code   RO         3124    .text               mc_w.l(__dczerorl2.o)
    0x0800c22c   0x00000020   Code   RO         2998    i.__0printf$8       mc_w.l(printf8.o)
    0x0800c24c   0x00000028   Code   RO         3000    i.__0sprintf$8      mc_w.l(printf8.o)
    0x0800c274   0x0000000e   Code   RO         3118    i.__scatterload_copy  mc_w.l(handlers.o)
    0x0800c282   0x00000002   Code   RO         3119    i.__scatterload_null  mc_w.l(handlers.o)
    0x0800c284   0x0000000e   Code   RO         3120    i.__scatterload_zeroinit  mc_w.l(handlers.o)
    0x0800c292   0x00000002   PAD
    0x0800c294   0x00000408   Code   RO         3005    i._printf_core      mc_w.l(printf8.o)
    0x0800c69c   0x00000026   Code   RO         3006    i._printf_post_padding  mc_w.l(printf8.o)
    0x0800c6c2   0x00000030   Code   RO         3007    i._printf_pre_padding  mc_w.l(printf8.o)
    0x0800c6f2   0x0000000a   Code   RO         3009    i._sputc            mc_w.l(printf8.o)
    0x0800c6fc   0x00000004   Code   RO         2755    i.putc              mc_w.l(putc.o)
    0x0800c700   0x0000006f   Data   RO         1241    .constdata          print-stats.o
    0x0800c76f   0x00000001   PAD
    0x0800c770   0x00000020   Data   RO         1464    .constdata          sicslowpan.o
    0x0800c790   0x00000004   Data   RO         1869    .constdata          rpl-dag.o
    0x0800c794   0x00000008   Data   RO         2000    .constdata          linkaddr.o
    0x0800c79c   0x0000000c   Data   RO         2142    .constdata          framer-802154.o
    0x0800c7a8   0x0000001c   Data   RO         2176    .constdata          csma.o
    0x0800c7c4   0x00000010   Data   RO         2324    .constdata          nullsec.o
    0x0800c7d4   0x00000010   Data   RO         2416    .constdata          button-sensor.o
    0x0800c7e4   0x00000004   Data   RO         2528    .constdata          stm32f10x_io.o
    0x0800c7e8   0x00000038   Data   RO         2552    .constdata          cc1200.o
    0x0800c820   0x00000120   Data   RO         2585    .constdata          cc1200-802154g-863-870-fsk-50kbps.o
    0x0800c940   0x00000020   Data   RO         2729    .constdata          sicslowmac.o
    0x0800c960   0x0000002a   Data   RO          455    .conststring        hello-world1.o
    0x0800c98a   0x0000000c   Data   RO          905    .conststring        etimer.o
    0x0800c996   0x0000000f   Data   RO         1044    .conststring        ctimer.o
    0x0800c9a5   0x0000000b   Data   RO         1465    .conststring        sicslowpan.o
    0x0800c9b0   0x0000000d   Data   RO         1653    .conststring        tcpip.o
    0x0800c9bd   0x00000005   Data   RO         2177    .conststring        csma.o
    0x0800c9c2   0x00000008   Data   RO         2325    .conststring        nullsec.o
    0x0800c9ca   0x00000007   Data   RO         2417    .conststring        button-sensor.o
    0x0800c9d1   0x0000000e   Data   RO         2553    .conststring        cc1200.o
    0x0800c9df   0x0000000b   Data   RO         2730    .conststring        sicslowmac.o
    0x0800c9ea   0x00000002   PAD
    0x0800c9ec   0x00000020   Data   RO         3116    Region$$Table       anon$$obj.o


    Execution Region RW_IRAM1 (Base: 0x20000000, Size: 0x00003f28, Max: 0x00005000, ABSOLUTE, COMPRESSED[0x00000148])

    Base Addr    Size         Type   Attr      Idx    E Section Name        Object

    0x20000000   0x00000008   Data   RW            2    .data               main.o
    0x20000008   0x0000002e   Data   RW          456    .data               hello-world1.o
    0x20000036   0x00000002   PAD
    0x20000038   0x00000014   Data   RW          491    .data               system_stm32f10x.o
    0x2000004c   0x00000014   Data   RW          521    .data               stm32f10x_rcc.o
    0x20000060   0x00000018   Data   RW          692    .data               rtc.o
    0x20000078   0x00000024   Data   RW          730    .data               sys_time.o
    0x2000009c   0x0000000e   Data   RW          767    .data               adc.o
    0x200000aa   0x00000002   PAD
    0x200000ac   0x00000004   Data   RW          804    .data               uart3.o
    0x200000b0   0x00000001   Data   RW          822    .data               leds.o
    0x200000b1   0x00000003   PAD
    0x200000b4   0x00000018   Data   RW          906    .data               etimer.o
    0x200000cc   0x0000001d   Data   RW          925    .data               process.o
    0x200000e9   0x00000003   PAD
    0x200000ec   0x00000004   Data   RW          984    .data               rtimer.o
    0x200000f0   0x00000004   Data   RW         1010    .data               rtimer-arch.o
    0x200000f4   0x00000019   Data   RW         1045    .data               ctimer.o
    0x2000010d   0x00000003   PAD
    0x20000110   0x00000034   Data   RW         1342    .data               uip6.o
    0x20000144   0x0000001c   Data   RW         1412    .data               uip-ds6.o
    0x20000160   0x0000003c   Data   RW         1466    .data               sicslowpan.o
    0x2000019c   0x00000028   Data   RW         1509    .data               uip-icmp6.o
    0x200001c4   0x00000056   Data   RW         1531    .data               uip-ds6-route.o
    0x2000021a   0x00000002   PAD
    0x2000021c   0x00000014   Data   RW         1550    .data               uip-ds6-nbr.o
    0x20000230   0x00000018   Data   RW         1654    .data               tcpip.o
    0x20000248   0x0000000e   Data   RW         1780    .data               uip-packetqueue.o
    0x20000256   0x00000001   Data   RW         1854    .data               rpl.o
    0x20000257   0x00000001   PAD
    0x20000258   0x00000018   Data   RW         1870    .data               rpl-dag.o
    0x20000270   0x00000034   Data   RW         1924    .data               rpl-icmp6.o
    0x200002a4   0x0000001c   Data   RW         1963    .data               rpl-mrhof.o
    0x200002c0   0x00000003   Data   RW         1986    .data               rpl-timers.o
    0x200002c3   0x00000008   Data   RW         2001    .data               linkaddr.o
    0x200002cb   0x00000001   PAD
    0x200002cc   0x00000018   Data   RW         2020    .data               nbr-table.o
    0x200002e4   0x00000010   Data   RW         2051    .data               packetbuf.o
    0x200002f4   0x00000028   Data   RW         2067    .data               queuebuf.o
    0x2000031c   0x00000002   Data   RW         2128    .data               frame802154.o
    0x2000031e   0x00000002   Data   RW         2143    .data               framer-802154.o
    0x20000320   0x00000042   Data   RW         2178    .data               csma.o
    0x20000362   0x00000002   PAD
    0x20000364   0x0000000c   Data   RW         2382    .data               clock.o
    0x20000370   0x00000004   Data   RW         2418    .data               button-sensor.o
    0x20000374   0x00000004   Data   RW         2529    .data               stm32f10x_io.o
    0x20000378   0x00000032   Data   RW         2554    .data               cc1200.o
    0x200003aa   0x00000005   Data   RW         2731    .data               sicslowmac.o
    0x200003af   0x00000001   PAD
    0x200003b0   0x00000004   Data   RW         2757    .data               mc_w.l(stdout.o)
    0x200003b4   0x00000004   Data   RW         2763    .data               mc_w.l(rand.o)
    0x200003b8   0x00000067   Zero   RW          417    .bss                system_config.o
    0x2000041f   0x00000001   PAD
    0x20000420   0x00000020   Zero   RW          454    .bss                hello-world1.o
    0x20000440   0x00000820   Zero   RW          631    .bss                uart1.o
    0x20000c60   0x00000420   Zero   RW          803    .bss                uart3.o
    0x20001080   0x00000180   Zero   RW          924    .bss                process.o
    0x20001200   0x0000009c   Zero   RW         1025    .bss                energest.o
    0x2000129c   0x00000640   Zero   RW         1341    .bss                uip6.o
    0x200018dc   0x000001dc   Zero   RW         1411    .bss                uip-ds6.o
    0x20001ab8   0x0000008a   Zero   RW         1463    .bss                sicslowpan.o
    0x20001b42   0x00000010   Zero   RW         1508    .bss                uip-icmp6.o
    0x20001b52   0x00000002   PAD
    0x20001b54   0x000004c8   Zero   RW         1530    .bss                uip-ds6-route.o
    0x2000201c   0x00000370   Zero   RW         1549    .bss                uip-ds6-nbr.o
    0x2000238c   0x00000010   Zero   RW         1652    .bss                tcpip.o
    0x2000239c   0x00000a58   Zero   RW         1779    .bss                uip-packetqueue.o
    0x20002df4   0x00000290   Zero   RW         1868    .bss                rpl-dag.o
    0x20003084   0x00000020   Zero   RW         1985    .bss                rpl-timers.o
    0x200030a4   0x0000014c   Zero   RW         2019    .bss                nbr-table.o
    0x200031f0   0x000000e0   Zero   RW         2050    .bss                packetbuf.o
    0x200032d0   0x000005a0   Zero   RW         2066    .bss                queuebuf.o
    0x20003870   0x00000130   Zero   RW         2175    .bss                csma.o
    0x200039a0   0x00000181   Zero   RW         2551    .bss                cc1200.o
    0x20003b21   0x00000007   PAD
    0x20003b28   0x00000400   Zero   RW          472    STACK               startup_stm32f10x_md.o


==============================================================================

Image component sizes


      Code (inc. data)   RO Data    RW Data    ZI Data      Debug   Object Name

       292         30          0         14          0       1615   adc.o
       148          0          0          0          0       1635   ampm_ringbuf.o
       112          4         23          4          0       1904   button-sensor.o
         0          0        288          0          0        900   cc1200-802154g-863-870-fsk-50kbps.o
      1112         70          0          0          0      21483   cc1200-arch.o
      5776       1038         70         50        385      15716   cc1200.o
       204         26          0         12          0      17129   clock.o
         0          0          0          0          0      14614   compower.o
       972         42         33         66        304       5686   csma.o
       488         18         15         25          0       3221   ctimer.o
        16          0          0          0          0        484   dbg.o
         0          0          0          0        156       2383   energest.o
       604         16         12         24          0       4702   etimer.o
       204         10          0          0          0        867   exti.o
      1220         14          0          2          0       4994   frame802154.o
       524         14         12          2          0       2164   framer-802154.o
       284         68         42         46         32       1964   hello-world1.o
        84          6          0          0          0        821   leds-arch.o
       384         18          0          1          0       1718   leds.o
        56          6          8          8          0       1991   linkaddr.o
       276          0          0          0          0       3155   list.o
        48          0          0          0          0        625   mac.o
      1104        392          0          8          0     265972   main.o
       186          0          0          0          0       1838   memb.o
       960         28          0         24        332       6784   nbr-table.o
        48         10         24          0          0       1213   nullsec.o
       768         46          0         16        224       5845   packetbuf.o
        48          6          0          0          0       1533   params.o
       100         14        111          0          0        834   print-stats.o
       840         48          0         29        384       6613   process.o
       348          8          0         40       1440       3919   queuebuf.o
        22          0          0          0          0        606   random.o
      4484        172          4         24        656      22365   rpl-dag.o
      1592         36          0          0          0       6950   rpl-ext-header.o
      2792         68          0         52          0      14650   rpl-icmp6.o
       366          0          0         28          0       5846   rpl-mrhof.o
      1008         38          0          3         32       4730   rpl-timers.o
       776         16          0          1          0       3728   rpl.o
       472         32          0         24          0       3506   rtc.o
       360         68          0          4          0       1643   rtimer-arch.o
       132          6          0          4          0       1501   rtimer.o
       524         24         43          5          0       2968   sicslowmac.o
      4828        238         43         60        138      29892   sicslowpan.o
       668         20          0          0          0       2375   spi.o
        28          4        236          0       1024        864   startup_stm32f10x_md.o
       102          0          0          0          0       1876   stimer.o
       856         40          0          0          0       5657   stm32f10x_gpio.o
       168         12          4          4          0      20573   stm32f10x_io.o
       932         44          0         20          0       8804   stm32f10x_rcc.o
         0          0          0         36          0        859   sys_time.o
         0          0          0          0        103      19593   system_config.o
       476         36          0         20          0       1859   system_stm32f10x.o
       956         62         13         24         16      24640   tcpip.o
        84          0          0          0          0       1604   timer.o
       776         42          0          0       2080      18283   uart1.o
       816         48          0          4       1056       2964   uart3.o
       256         74          0          0          0       1324   uip-debug.o
       536         10          0         20        880       5278   uip-ds6-nbr.o
      1224         46          0         86       1224       8280   uip-ds6-route.o
      1624         52          0         28        476      11834   uip-ds6.o
      1480         48          0         40         16       4359   uip-icmp6.o
       404         18          0          0          0       3869   uip-nd6.o
       160         10          0         14       2648       2559   uip-packetqueue.o
         8          0          0          0          0        443   uip-split.o
      2868        138          0         52       1600      20732   uip6.o
        10          0          0          0          0        783   watchdog.o

    ----------------------------------------------------------------------
     49000       3334       1016        944      15216     672119   Object Totals
         0          0         32          0          0          0   (incl. Generated)
         6          0          3         20         10          0   (incl. Padding)

    ----------------------------------------------------------------------

      Code (inc. data)   RO Data    RW Data    ZI Data      Debug   Library Member Name

        92          0          0          0          0          0   __dczerorl2.o
         0          0          0          0          0          0   entry.o
         0          0          0          0          0          0   entry10a.o
         0          0          0          0          0          0   entry11a.o
         8          4          0          0          0          0   entry2.o
         4          0          0          0          0          0   entry5.o
         0          0          0          0          0          0   entry7b.o
         0          0          0          0          0          0   entry8b.o
         8          4          0          0          0          0   entry9a.o
        30          0          0          0          0          0   handlers.o
        36          8          0          0          0         68   init.o
        30          0          0          0          0         68   llshl.o
        32          0          0          0          0         68   llushr.o
        26          0          0          0          0         80   memcmp.o
        64          0          0          0          0         76   memmovea.o
        36          0          0          0          0        108   memseta.o
      1200         60          0          0          0        504   printf8.o
         4          0          0          0          0         68   putc.o
        36         10          0          4          0        136   rand.o
         0          0          0          4          0          0   stdout.o
        98          0          0          0          0         92   uldiv.o

    ----------------------------------------------------------------------
      1708         86          0          8          0       1268   Library Totals
         4          0          0          0          0          0   (incl. Padding)

    ----------------------------------------------------------------------

      Code (inc. data)   RO Data    RW Data    ZI Data      Debug   Library Name

      1704         86          0          8          0       1268   mc_w.l

    ----------------------------------------------------------------------
      1708         86          0          8          0       1268   Library Totals

    ----------------------------------------------------------------------

==============================================================================


      Code (inc. data)   RO Data    RW Data    ZI Data      Debug   

     50708       3420       1016        952      15216     666835   Grand Totals
     50708       3420       1016        328      15216     666835   ELF Image Totals (compressed)
     50708       3420       1016        328          0          0   ROM Totals

==============================================================================

    Total RO  Size (Code + RO Data)                51724 (  50.51kB)
    Total RW  Size (RW Data + ZI Data)             16168 (  15.79kB)
    Total ROM Size (Code + RO Data + RW Data)      52052 (  50.83kB)

==============================================================================

