ARM Linker, 5.03 [Build 76] [MDK-ARM Standard]

==============================================================================

Section Cross References

    main.o(.text) refers to adc.o(.text) for AMPM_ADC_Init
    main.o(.text) refers to printf8.o(i.__0printf$8) for __2printf
    main.o(.text) refers to putc.o(i.putc) for putc
    main.o(.text) refers to system_stm32f10x.o(.text) for SystemInit
    main.o(.text) refers to rtc.o(.text) for RTC_Init
    main.o(.text) refers to uart1.o(.text) for USART1_Init
    main.o(.text) refers to leds.o(.text) for leds_init
    main.o(.text) refers to clock.o(.text) for clock_init
    main.o(.text) refers to rtimer.o(.text) for rtimer_init
    main.o(.text) refers to process.o(.text) for process_init
    main.o(.text) refers to ctimer.o(.text) for ctimer_init
    main.o(.text) refers to random.o(.text) for random_init
    main.o(.text) refers to params.o(.text) for params_get_eui64
    main.o(.text) refers to linkaddr.o(.text) for linkaddr_set_node_addr
    main.o(.text) refers to queuebuf.o(.text) for queuebuf_init
    main.o(.text) refers to watchdog.o(.text) for watchdog_periodic
    main.o(.text) refers to print-stats.o(.text) for print_stats
    main.o(.text) refers to nbr-table.o(.text) for nbr_table_head
    main.o(.text) refers to uip-ds6-route.o(.text) for uip_ds6_route_head
    main.o(.text) refers to stdout.o(.data) for __stdout
    main.o(.text) refers to system_stm32f10x.o(.data) for SystemCoreClock
    main.o(.text) refers to etimer.o(.data) for etimer_process
    main.o(.text) refers to uip6.o(.data) for uip_lladdr
    main.o(.text) refers to sicslowmac.o(.constdata) for sicslowmac_driver
    main.o(.text) refers to nullmac.o(.constdata) for nullmac_driver
    main.o(.text) refers to sicslowpan.o(.constdata) for sicslowpan_driver
    main.o(.text) refers to tcpip.o(.data) for tcpip_process
    main.o(.text) refers to hello-world1.o(.data) for hello_world_process1
    main.o(.text) refers to main.o(.data) for idle_count
    main.o(.text) refers to uip-ds6.o(.bss) for uip_ds6_if
    main.o(.text) refers to uip-ds6-nbr.o(.data) for ds6_neighbors
    system_config.o(.text) refers to scanf_fp.o(.text) for _scanf_real
    system_config.o(.text) refers to sys_tick.o(.text) for InitTimeout
    system_config.o(.text) refers to memmovea.o(.text) for __aeabi_memcpy4
    system_config.o(.text) refers to memcmp.o(.text) for memcmp
    system_config.o(.text) refers to stm32f10x_flash.o(.text) for FLASH_Unlock
    system_config.o(.text) refers to rtc.o(.text) for RTC_GetCounter
    system_config.o(.text) refers to memseta.o(.text) for __aeabi_memset
    system_config.o(.text) refers to __0sscanf.o(.text) for __0sscanf
    system_config.o(.text) refers to f2d.o(.text) for __aeabi_f2d
    system_config.o(.text) refers to cdcmple.o(.text) for __aeabi_cdcmple
    system_config.o(.text) refers to strcpy.o(.text) for strcpy
    system_config.o(.text) refers to system_config.o(.data) for sysResetMcuFlag
    system_config.o(.text) refers to system_config.o(.bss) for tMcuResetTimeout
    system_config.o(.text) refers to system_config.o(.constdata) for default_server_name
    hello-world1.o(.text) refers to etimer.o(.text) for etimer_set
    hello-world1.o(.text) refers to printf8.o(i.__0printf$8) for __2printf
    hello-world1.o(.text) refers to process.o(.text) for process_start
    hello-world1.o(.text) refers to hello-world1.o(.bss) for timer1
    hello-world1.o(.text) refers to hello-world1.o(.data) for hello_world_process2
    hello-world1.o(.text) refers to button-sensor.o(.constdata) for button_sensor
    hello-world1.o(.text) refers to process.o(.data) for process_current
    hello-world1.o(.data) refers to button-sensor.o(.constdata) for button_sensor
    hello-world1.o(.data) refers to hello-world1.o(.conststring) for .conststring
    hello-world1.o(.data) refers to hello-world1.o(.text) for process_thread_hello_world_process2
    startup_stm32f10x_md.o(STACK) refers (Special) to system_stm32f10x.o(.text) for SystemInit
    startup_stm32f10x_md.o(HEAP) refers (Special) to system_stm32f10x.o(.text) for SystemInit
    startup_stm32f10x_md.o(RESET) refers (Special) to system_stm32f10x.o(.text) for SystemInit
    startup_stm32f10x_md.o(RESET) refers to startup_stm32f10x_md.o(STACK) for __initial_sp
    startup_stm32f10x_md.o(RESET) refers to startup_stm32f10x_md.o(.text) for Reset_Handler
    startup_stm32f10x_md.o(RESET) refers to clock.o(.text) for SysTick_Handler
    startup_stm32f10x_md.o(RESET) refers to rtc.o(.text) for RTC_IRQHandler
    startup_stm32f10x_md.o(RESET) refers to adc.o(.text) for ADC1_2_IRQHandler
    startup_stm32f10x_md.o(RESET) refers to exti.o(.text) for EXTI9_5_IRQHandler
    startup_stm32f10x_md.o(RESET) refers to rtimer-arch.o(.text) for TIM2_IRQHandler
    startup_stm32f10x_md.o(RESET) refers to uart1.o(.text) for USART1_IRQHandler
    startup_stm32f10x_md.o(.text) refers (Special) to system_stm32f10x.o(.text) for SystemInit
[...]
    tx_mode_value                            0x20000368   Data           4  cc1200.o(.data)
    txpower                                  0x2000036c   Data           1  cc1200.o(.data)
    new_txpower                              0x2000036d   Data           1  cc1200.o(.data)
    cca_threshold                            0x2000036e   Data           1  cc1200.o(.data)
    new_cca_threshold                        0x2000036f   Data           1  cc1200.o(.data)
    cal_timer                                0x20000370   Data           4  cc1200.o(.data)
    .data                                    0x20000374   Section        5  sicslowmac.o(.data)
    mac_dst_pan_id                           0x20000374   Data           2  sicslowmac.o(.data)
    mac_src_pan_id                           0x20000376   Data           2  sicslowmac.o(.data)
    mac_dsn                                  0x20000378   Data           1  sicslowmac.o(.data)
    .data                                    0x2000037c   Section        4  stdout.o(.data)
    .data                                    0x20000380   Section        4  rand.o(.data)
    _rand_state                              0x20000380   Data           4  rand.o(.data)
    .bss                                     0x20000384   Section      103  system_config.o(.bss)
    tMcuResetTimeout                         0x20000384   Data          12  system_config.o(.bss)
    .bss                                     0x200003ec   Section       32  hello-world1.o(.bss)
    timer1                                   0x200003ec   Data          16  hello-world1.o(.bss)
    timer2                                   0x200003fc   Data          16  hello-world1.o(.bss)
    .bss                                     0x2000040c   Section     2080  uart1.o(.bss)
    .bss                                     0x20000c2c   Section      384  process.o(.bss)
    events                                   0x20000c2c   Data         384  process.o(.bss)
    .bss                                     0x20000db0   Section      156  energest.o(.bss)
    .bss                                     0x20000e4c   Section     1600  uip6.o(.bss)
    .bss                                     0x2000148c   Section      476  uip-ds6.o(.bss)
    loc_fipaddr                              0x20001658   Data          16  uip-ds6.o(.bss)
    .bss                                     0x20001668   Section      138  sicslowpan.o(.bss)
    sicslowpan_aligned_buf                   0x20001668   Data         128  sicslowpan.o(.bss)
    addr_contexts                            0x200016e8   Data          10  sicslowpan.o(.bss)
    .bss                                     0x200016f2   Section       16  uip-icmp6.o(.bss)
    tmp_ipaddr                               0x200016f2   Data          16  uip-icmp6.o(.bss)
    .bss                                     0x20001704   Section     1224  uip-ds6-route.o(.bss)
    _nbr_routes_mem                          0x20001704   Data         160  uip-ds6-route.o(.bss)
    neighborroutememb_memb_count             0x200017a4   Data          20  uip-ds6-route.o(.bss)
    neighborroutememb_memb_mem               0x200017b8   Data         160  uip-ds6-route.o(.bss)
    routememb_memb_count                     0x20001858   Data          20  uip-ds6-route.o(.bss)
    routememb_memb_mem                       0x2000186c   Data         800  uip-ds6-route.o(.bss)
    defaultroutermemb_memb_mem               0x20001b8c   Data          64  uip-ds6-route.o(.bss)
    .bss                                     0x20001bcc   Section      880  uip-ds6-nbr.o(.bss)
    _ds6_neighbors_mem                       0x20001bcc   Data         880  uip-ds6-nbr.o(.bss)
    .bss                                     0x20001f3c   Section       16  tcpip.o(.bss)
    periodic                                 0x20001f3c   Data          16  tcpip.o(.bss)
    .bss                                     0x20001f4c   Section     2648  uip-packetqueue.o(.bss)
    packets_memb_memb_mem                    0x20001f4c   Data        2648  uip-packetqueue.o(.bss)
    .bss                                     0x200029a4   Section      656  rpl-dag.o(.bss)
    _rpl_parents_mem                         0x200029a4   Data         320  rpl-dag.o(.bss)
    .bss                                     0x20002c34   Section       32  rpl-timers.o(.bss)
    periodic_timer                           0x20002c34   Data          32  rpl-timers.o(.bss)
    .bss                                     0x20002c54   Section      332  nbr-table.o(.bss)
    used_map                                 0x20002c54   Data          20  nbr-table.o(.bss)
    locked_map                               0x20002c68   Data          20  nbr-table.o(.bss)
    all_tables                               0x20002c7c   Data          32  nbr-table.o(.bss)
    neighbor_addr_mem_memb_count             0x20002c9c   Data          20  nbr-table.o(.bss)
    neighbor_addr_mem_memb_mem               0x20002cb0   Data         240  nbr-table.o(.bss)
    .bss                                     0x20002da0   Section      224  packetbuf.o(.bss)
    packetbuf_aligned                        0x20002dd0   Data         176  packetbuf.o(.bss)
    .bss                                     0x20002e80   Section     1440  queuebuf.o(.bss)
    bufmem_memb_mem                          0x20002e80   Data          32  queuebuf.o(.bss)
    buframmem_memb_mem                       0x20002ea0   Data        1408  queuebuf.o(.bss)
    .bss                                     0x20003420   Section      385  cc1200.o(.bss)
    buf                                      0x20003420   Data         129  cc1200.o(.bss)
    tx_pkt                                   0x200034a1   Data         127  cc1200.o(.bss)
    rx_pkt                                   0x20003520   Data         129  cc1200.o(.bss)
    STACK                                    0x200035a8   Section     1024  startup_stm32f10x_md.o(STACK)

    Global Symbols

    Symbol Name                              Value     Ov Type        Size  Object(Section)

    BuildAttributes$$THM_ISAv4$P$D$K$B$S$PE$A:L22UL41UL21$X:L11$S22US41US21$IEEE1$IW$USESV6$~STKCKD$USESV7$~SHL$OTIME$ROPI$EBA8$MICROLIB$REQ8$PRES8$EABIv2 0x00000000   Number         0  anon$$obj.o ABSOLUTE
    __ARM_use_no_argv                        0x00000000   Number         0  main.o ABSOLUTE
    _printf_a                                0x00000000   Number         0  stubs.o ABSOLUTE
    _printf_c                                0x00000000   Number         0  stubs.o ABSOLUTE
    _printf_charcount                        0x00000000   Number         0  stubs.o ABSOLUTE
    _printf_d                                0x00000000   Number         0  stubs.o ABSOLUTE
    _printf_e                                0x00000000   Number         0  stubs.o ABSOLUTE
    _printf_f                                0x00000000   Number         0  stubs.o ABSOLUTE
    _printf_flags                            0x00000000   Number         0  stubs.o ABSOLUTE
    _printf_fp_dec                           0x00000000   Number         0  stubs.o ABSOLUTE
    _printf_fp_hex                           0x00000000   Number         0  stubs.o ABSOLUTE
    _printf_g                                0x00000000   Number         0  stubs.o ABSOLUTE
    _printf_i                                0x00000000   Number         0  stubs.o ABSOLUTE
    _printf_int_dec                          0x00000000   Number         0  stubs.o ABSOLUTE
    _printf_l                                0x00000000   Number         0  stubs.o ABSOLUTE
    _printf_lc                               0x00000000   Number         0  stubs.o ABSOLUTE
    _printf_ll                               0x00000000   Number         0  stubs.o ABSOLUTE
    _printf_lld                              0x00000000   Number         0  stubs.o ABSOLUTE
    _printf_lli                              0x00000000   Number         0  stubs.o ABSOLUTE
    _printf_llo                              0x00000000   Number         0  stubs.o ABSOLUTE
    _printf_llu                              0x00000000   Number         0  stubs.o ABSOLUTE
    _printf_llx                              0x00000000   Number         0  stubs.o ABSOLUTE
    _printf_longlong_dec                     0x00000000   Number         0  stubs.o ABSOLUTE
    _printf_longlong_hex                     0x00000000   Number         0  stubs.o ABSOLUTE
    _printf_longlong_oct                     0x00000000   Number         0  stubs.o ABSOLUTE
    _printf_ls                               0x00000000   Number         0  stubs.o ABSOLUTE
    _printf_mbtowc                           0x00000000   Number         0  stubs.o ABSOLUTE
    _printf_n                                0x00000000   Number         0  stubs.o ABSOLUTE
    _printf_o                                0x00000000   Number         0  stubs.o ABSOLUTE
    _printf_p                                0x00000000   Number         0  stubs.o ABSOLUTE
    _printf_percent                          0x00000000   Number         0  stubs.o ABSOLUTE
    _printf_pre_padding                      0x00000000   Number         0  stubs.o ABSOLUTE
    _printf_return_value                     0x00000000   Number         0  stubs.o ABSOLUTE
    _printf_s                                0x00000000   Number         0  stubs.o ABSOLUTE
    _printf_sizespec                         0x00000000   Number         0  stubs.o ABSOLUTE
    _printf_str                              0x00000000   Number         0  stubs.o ABSOLUTE
    _printf_truncate_signed                  0x00000000   Number         0  stubs.o ABSOLUTE
    _printf_truncate_unsigned                0x00000000   Number         0  stubs.o ABSOLUTE
    _printf_u                                0x00000000   Number         0  stubs.o ABSOLUTE
    _printf_wc                               0x00000000   Number         0  stubs.o ABSOLUTE
    _printf_wctomb                           0x00000000   Number         0  stubs.o ABSOLUTE
    _printf_widthprec                        0x00000000   Number         0  stubs.o ABSOLUTE
    _printf_x                                0x00000000   Number         0  stubs.o ABSOLUTE
    __cpp_initialize__aeabi_                  - Undefined Weak Reference
    __cxa_finalize                            - Undefined Weak Reference
    _clock_init                               - Undefined Weak Reference
    _microlib_exit                            - Undefined Weak Reference
    _scanf_int                                - Undefined Weak Reference
    _scanf_longlong                           - Undefined Weak Reference
    _scanf_string                             - Undefined Weak Reference
    __Vectors_Size                           0x000000ec   Number         0  startup_stm32f10x_md.o ABSOLUTE
    __Vectors                                0x08000000   Data           4  startup_stm32f10x_md.o(RESET)
    __Vectors_End                            0x080000ec   Data           0  startup_stm32f10x_md.o(RESET)
    __main                                   0x080000ed   Thumb Code     0  entry.o(.ARM.Collect$$$$00000000)
    _main_stk                                0x080000ed   Thumb Code     0  entry2.o(.ARM.Collect$$$$00000001)
    _main_scatterload                        0x080000f1   Thumb Code     0  entry5.o(.ARM.Collect$$$$00000004)
    __main_after_scatterload                 0x080000f5   Thumb Code     0  entry5.o(.ARM.Collect$$$$00000004)
    _main_clock                              0x080000f5   Thumb Code     0  entry7b.o(.ARM.Collect$$$$00000008)
    _main_cpp_init                           0x080000f5   Thumb Code     0  entry8b.o(.ARM.Collect$$$$0000000A)
    _main_init                               0x080000f5   Thumb Code     0  entry9a.o(.ARM.Collect$$$$0000000B)
    __rt_final_cpp                           0x080000fd   Thumb Code     0  entry10a.o(.ARM.Collect$$$$0000000D)
    __rt_final_exit                          0x080000fd   Thumb Code     0  entry11a.o(.ARM.Collect$$$$0000000F)
    rng_get_uint8                            0x08000101   Thumb Code    64  main.o(.text)
    initialize                               0x080001c1   Thumb Code   200  main.o(.text)
    main                                     0x08000289   Thumb Code   286  main.o(.text)
    Reset_Handler                            0x08000645   Thumb Code     4  startup_stm32f10x_md.o(.text)
    NMI_Handler                              0x08000649   Thumb Code     2  startup_stm32f10x_md.o(.text)
    HardFault_Handler                        0x0800064b   Thumb Code     2  startup_stm32f10x_md.o(.text)
    MemManage_Handler                        0x0800064d   Thumb Code     2  startup_stm32f10x_md.o(.text)
    BusFault_Handler                         0x0800064f   Thumb Code     2  startup_stm32f10x_md.o(.text)
    UsageFault_Handler                       0x08000651   Thumb Code     2  startup_stm32f10x_md.o(.text)
    SVC_Handler                              0x08000653   Thumb Code     2  startup_stm32f10x_md.o(.text)
    DebugMon_Handler                         0x08000655   Thumb Code     2  startup_stm32f10x_md.o(.text)
    PendSV_Handler                           0x08000657   Thumb Code     2  startup_stm32f10x_md.o(.text)
    CAN1_RX1_IRQHandler                      0x0800065b   Thumb Code     0  startup_stm32f10x_md.o(.text)
    CAN1_SCE_IRQHandler                      0x0800065b   Thumb Code     0  startup_stm32f10x_md.o(.text)
    DMA1_Channel1_IRQHandler                 0x0800065b   Thumb Code     0  startup_stm32f10x_md.o(.text)
    DMA1_Channel2_IRQHandler                 0x0800065b   Thumb Code     0  startup_stm32f10x_md.o(.text)
    DMA1_Channel3_IRQHandler                 0x0800065b   Thumb Code     0  startup_stm32f10x_md.o(.text)
    DMA1_Channel4_IRQHandler                 0x0800065b   Thumb Code     0  startup_stm32f10x_md.o(.text)
    DMA1_Channel5_IRQHandler                 0x0800065b   Thumb Code     0  startup_stm32f10x_md.o(.text)
    DMA1_Channel6_IRQHandler                 0x0800065b   Thumb Code     0  startup_stm32f10x_md.o(.text)
    DMA1_Channel7_IRQHandler                 0x0800065b   Thumb Code     0  startup_stm32f10x_md.o(.text)
    EXTI0_IRQHandler                         0x0800065b   Thumb Code     0  startup_stm32f10x_md.o(.text)
    EXTI15_10_IRQHandler                     0x0800065b   Thumb Code     0  startup_stm32f10x_md.o(.text)
    EXTI1_IRQHandler                         0x0800065b   Thumb Code     0  startup_stm32f10x_md.o(.text)
    EXTI2_IRQHandler                         0x0800065b   Thumb Code     0  startup_stm32f10x_md.o(.text)
    EXTI3_IRQHandler                         0x0800065b   Thumb Code     0  startup_stm32f10x_md.o(.text)
    EXTI4_IRQHandler                         0x0800065b   Thumb Code     0  startup_stm32f10x_md.o(.text)
    FLASH_IRQHandler                         0x0800065b   Thumb Code     0  startup_stm32f10x_md.o(.text)
    I2C1_ER_IRQHandler                       0x0800065b   Thumb Code     0  startup_stm32f10x_md.o(.text)
    I2C1_EV_IRQHandler                       0x0800065b   Thumb Code     0  startup_stm32f10x_md.o(.text)
    I2C2_ER_IRQHandler                       0x0800065b   Thumb Code     0  startup_stm32f10x_md.o(.text)
    I2C2_EV_IRQHandler                       0x0800065b   Thumb Code     0  startup_stm32f10x_md.o(.text)
    PVD_IRQHandler                           0x0800065b   Thumb Code     0  startup_stm32f10x_md.o(.text)
    RCC_IRQHandler                           0x0800065b   Thumb Code     0  startup_stm32f10x_md.o(.text)
    SPI1_IRQHandler                          0x0800065b   Thumb Code     0  startup_stm32f10x_md.o(.text)
    SPI2_IRQHandler                          0x0800065b   Thumb Code     0  startup_stm32f10x_md.o(.text)
    TAMPER_IRQHandler                        0x0800065b   Thumb Code     0  startup_stm32f10x_md.o(.text)
    TIM1_BRK_IRQHandler                      0x0800065b   Thumb Code     0  startup_stm32f10x_md.o(.text)
    TIM1_CC_IRQHandler                       0x0800065b   Thumb Code     0  startup_stm32f10x_md.o(.text)
    TIM1_TRG_COM_IRQHandler                  0x0800065b   Thumb Code     0  startup_stm32f10x_md.o(.text)
    TIM1_UP_IRQHandler                       0x0800065b   Thumb Code     0  startup_stm32f10x_md.o(.text)
    TIM3_IRQHandler                          0x0800065b   Thumb Code     0  startup_stm32f10x_md.o(.text)
    TIM4_IRQHandler                          0x0800065b   Thumb Code     0  startup_stm32f10x_md.o(.text)
    USART2_IRQHandler                        0x0800065b   Thumb Code     0  startup_stm32f10x_md.o(.text)
    USART3_IRQHandler                        0x0800065b   Thumb Code     0  startup_stm32f10x_md.o(.text)
    USB_HP_CAN1_TX_IRQHandler                0x0800065b   Thumb Code     0  startup_stm32f10x_md.o(.text)
    USB_LP_CAN1_RX0_IRQHandler               0x0800065b   Thumb Code     0  startup_stm32f10x_md.o(.text)
    WWDG_IRQHandler                          0x0800065b   Thumb Code     0  startup_stm32f10x_md.o(.text)
    SystemInit                               0x0800073d   Thumb Code    78  system_stm32f10x.o(.text)
    SystemCoreClockUpdate                    0x0800078b   Thumb Code   142  system_stm32f10x.o(.text)
    GPIO_DeInit                              0x0800083d   Thumb Code   172  stm32f10x_gpio.o(.text)
    GPIO_AFIODeInit                          0x080008e9   Thumb Code    20  stm32f10x_gpio.o(.text)
    GPIO_Init                                0x080008fd   Thumb Code   274  stm32f10x_gpio.o(.text)
    GPIO_StructInit                          0x08000a0f   Thumb Code    16  stm32f10x_gpio.o(.text)
    GPIO_ReadInputDataBit                    0x08000a1f   Thumb Code    18  stm32f10x_gpio.o(.text)
    GPIO_ReadInputData                       0x08000a31   Thumb Code     8  stm32f10x_gpio.o(.text)
    GPIO_ReadOutputDataBit                   0x08000a39   Thumb Code    18  stm32f10x_gpio.o(.text)
    GPIO_ReadOutputData                      0x08000a4b   Thumb Code     8  stm32f10x_gpio.o(.text)
    GPIO_SetBits                             0x08000a53   Thumb Code     4  stm32f10x_gpio.o(.text)
    GPIO_ResetBits                           0x08000a57   Thumb Code     4  stm32f10x_gpio.o(.text)
    GPIO_WriteBit                            0x08000a5b   Thumb Code    10  stm32f10x_gpio.o(.text)
    GPIO_Write                               0x08000a65   Thumb Code     4  stm32f10x_gpio.o(.text)
    GPIO_PinLockConfig                       0x08000a69   Thumb Code    18  stm32f10x_gpio.o(.text)
    GPIO_EventOutputConfig                   0x08000a7b   Thumb Code    26  stm32f10x_gpio.o(.text)
    GPIO_EventOutputCmd                      0x08000a95   Thumb Code     6  stm32f10x_gpio.o(.text)
    GPIO_PinRemapConfig                      0x08000a9b   Thumb Code   138  stm32f10x_gpio.o(.text)
    GPIO_EXTILineConfig                      0x08000b25   Thumb Code    66  stm32f10x_gpio.o(.text)
    GPIO_ETH_MediaInterfaceConfig            0x08000b67   Thumb Code     6  stm32f10x_gpio.o(.text)
    RCC_DeInit                               0x08000b95   Thumb Code    64  stm32f10x_rcc.o(.text)
    RCC_HSEConfig                            0x08000bd5   Thumb Code    70  stm32f10x_rcc.o(.text)
    RCC_GetFlagStatus                        0x08000c1b   Thumb Code    56  stm32f10x_rcc.o(.text)
    RCC_WaitForHSEStartUp                    0x08000c53   Thumb Code    56  stm32f10x_rcc.o(.text)
    RCC_AdjustHSICalibrationValue            0x08000c8b   Thumb Code    20  stm32f10x_rcc.o(.text)
    RCC_HSICmd                               0x08000c9f   Thumb Code     6  stm32f10x_rcc.o(.text)
    RCC_PLLConfig                            0x08000ca5   Thumb Code    24  stm32f10x_rcc.o(.text)
    RCC_PLLCmd                               0x08000cbd   Thumb Code     6  stm32f10x_rcc.o(.text)
    RCC_SYSCLKConfig                         0x08000cc3   Thumb Code    18  stm32f10x_rcc.o(.text)
    RCC_GetSYSCLKSource                      0x08000cd5   Thumb Code    10  stm32f10x_rcc.o(.text)
    RCC_HCLKConfig                           0x08000cdf   Thumb Code    18  stm32f10x_rcc.o(.text)
    RCC_PCLK1Config                          0x08000cf1   Thumb Code    18  stm32f10x_rcc.o(.text)
    RCC_PCLK2Config                          0x08000d03   Thumb Code    20  stm32f10x_rcc.o(.text)
    RCC_ITConfig                             0x08000d17   Thumb Code    26  stm32f10x_rcc.o(.text)
    RCC_USBCLKConfig                         0x08000d31   Thumb Code     6  stm32f10x_rcc.o(.text)
    RCC_ADCCLKConfig                         0x08000d37   Thumb Code    18  stm32f10x_rcc.o(.text)
    RCC_LSEConfig                            0x08000d49   Thumb Code    44  stm32f10x_rcc.o(.text)
    RCC_LSICmd                               0x08000d75   Thumb Code     6  stm32f10x_rcc.o(.text)
    RCC_RTCCLKConfig                         0x08000d7b   Thumb Code    12  stm32f10x_rcc.o(.text)
    RCC_RTCCLKCmd                            0x08000d87   Thumb Code     8  stm32f10x_rcc.o(.text)
    RCC_GetClocksFreq                        0x08000d8f   Thumb Code   192  stm32f10x_rcc.o(.text)
    RCC_AHBPeriphClockCmd                    0x08000e4f   Thumb Code    26  stm32f10x_rcc.o(.text)
    RCC_APB2PeriphClockCmd                   0x08000e69   Thumb Code    26  stm32f10x_rcc.o(.text)
    RCC_APB1PeriphClockCmd                   0x08000e83   Thumb Code    26  stm32f10x_rcc.o(.text)
    RCC_APB2PeriphResetCmd                   0x08000e9d   Thumb Code    26  stm32f10x_rcc.o(.text)
    RCC_APB1PeriphResetCmd                   0x08000eb7   Thumb Code    26  stm32f10x_rcc.o(.text)
    RCC_BackupResetCmd                       0x08000ed1   Thumb Code     8  stm32f10x_rcc.o(.text)
    RCC_ClockSecuritySystemCmd               0x08000ed9   Thumb Code     6  stm32f10x_rcc.o(.text)
    RCC_MCOConfig                            0x08000edf   Thumb Code     6  stm32f10x_rcc.o(.text)
    RCC_ClearFlag                            0x08000ee5   Thumb Code    14  stm32f10x_rcc.o(.text)
    RCC_GetITStatus                          0x08000ef3   Thumb Code    20  stm32f10x_rcc.o(.text)
    RCC_ClearITPendingBit                    0x08000f07   Thumb Code     6  stm32f10x_rcc.o(.text)
    fputc                                    0x08000f39   Thumb Code    34  dbg.o(.text)
    EXTI_Init                                0x08000f61   Thumb Code   128  exti.o(.text)
    EXTI9_5_IRQHandler                       0x08000fe1   Thumb Code    20  exti.o(.text)
    USBWakeUp_IRQHandler                     0x08000ff5   Thumb Code    10  exti.o(.text)
    SPI_InitLowFreq                          0x08001009   Thumb Code   176  spi.o(.text)
    SPI_InitHighFreq                         0x080010b9   Thumb Code   134  spi.o(.text)
    SPI_DeInit                               0x0800113f   Thumb Code    36  spi.o(.text)
    halSpiWriteByte                          0x08001163   Thumb Code    32  spi.o(.text)
    halSpiWriteMutilByte                     0x08001183   Thumb Code    92  spi.o(.text)
    halSpiReadMutilByte                      0x080011df   Thumb Code    92  spi.o(.text)
    halSpiBegin                              0x0800123b   Thumb Code    42  spi.o(.text)
    USART1_Init                              0x0800127d   Thumb Code   374  uart1.o(.text)
    USART1_DeInit                            0x080013f3   Thumb Code    26  uart1.o(.text)
    USART1_PutChar                           0x0800140d   Thumb Code    74  uart1.o(.text)
    USART1_PutString                         0x08001457   Thumb Code    22  uart1.o(.text)
    USART1_GetChar                           0x0800146d   Thumb Code    24  uart1.o(.text)
    USART1_IRQHandler                        0x08001485   Thumb Code   214  uart1.o(.text)
    RTC_IRQHandler                           0x08001585   Thumb Code    34  rtc.o(.text)
    RTCAlarm_IRQHandler                      0x080015a7   Thumb Code    22  rtc.o(.text)
    RTC_GetCounter                           0x080015bd   Thumb Code    18  rtc.o(.text)
    RTC_SanityCheck                          0x080015cf   Thumb Code    52  rtc.o(.text)
    RTC_Init                                 0x08001603   Thumb Code   192  rtc.o(.text)
    RTC_EnterConfigMode                      0x080016c3   Thumb Code    14  rtc.o(.text)
    RTC_ExitConfigMode                       0x080016d1   Thumb Code    16  rtc.o(.text)
    RTC_SetCounterX                          0x080016e1   Thumb Code    26  rtc.o(.text)
    RTC_SetCounter                           0x080016fb   Thumb Code    40  rtc.o(.text)
    RTC_SetAlarm                             0x08001723   Thumb Code    26  rtc.o(.text)
    RINGBUF_Init                             0x0800175d   Thumb Code    30  ampm_ringbuf.o(.text)
    RINGBUF_Put                              0x0800177b   Thumb Code    42  ampm_ringbuf.o(.text)
    RINGBUF_Get                              0x080017a5   Thumb Code    46  ampm_ringbuf.o(.text)
    RINGBUF_GetFill                          0x080017d3   Thumb Code    30  ampm_ringbuf.o(.text)
    ADC1_2_IRQHandler                        0x080017f1   Thumb Code    76  adc.o(.text)
    StartADC                                 0x0800183d   Thumb Code    18  adc.o(.text)
    AMPM_ADC_Init                            0x0800184f   Thumb Code   168  adc.o(.text)
    SysTick_Init                             0x08001915   Thumb Code     2  sys_tick.o(.text)
    SysTick_DeInit                           0x08001917   Thumb Code     2  sys_tick.o(.text)
    SysTick_Task                             0x08001919   Thumb Code    58  sys_tick.o(.text)
    SysTick_Get                              0x08001953   Thumb Code     6  sys_tick.o(.text)
    SysTick_Get64                            0x08001959   Thumb Code     8  sys_tick.o(.text)
    SysTick_DelayMs                          0x08001961   Thumb Code    24  sys_tick.o(.text)
    InitTimeout                              0x08001979   Thumb Code    22  sys_tick.o(.text)
    CheckTimeout                             0x0800198f   Thumb Code    70  sys_tick.o(.text)
    TimerDelayms                             0x080019d5   Thumb Code    48  sys_tick.o(.text)
    leds_init                                0x08001b07   Thumb Code    14  leds.o(.text)
    leds_toggle                              0x08001b15   Thumb Code    18  leds.o(.text)
    leds_blink                               0x08001b27   Thumb Code    32  leds.o(.text)
    leds_get                                 0x08001b47   Thumb Code     8  leds.o(.text)
    leds_set                                 0x08001b4f   Thumb Code    12  leds.o(.text)
    leds_on                                  0x08001b5b   Thumb Code    18  leds.o(.text)
    leds_off                                 0x08001b6d   Thumb Code    18  leds.o(.text)
    leds_arch_init                           0x08001b91   Thumb Code    44  leds-arch.o(.text)
    leds_arch_get                            0x08001bbd   Thumb Code    12  leds-arch.o(.text)
    leds_arch_set                            0x08001bc9   Thumb Code    22  leds-arch.o(.text)
    cc1200_int_handler                       0x08001c05   Thumb Code    12  cc1200-arch.o(.text)
    cc1200_arch_spi_select                   0x08001c11   Thumb Code    22  cc1200-arch.o(.text)
    cc1200_arch_spi_deselect                 0x08001c27   Thumb Code    10  cc1200-arch.o(.text)
    cc1200_arch_spi_rw_byte                  0x08001c31   Thumb Code    22  cc1200-arch.o(.text)
    cc1200_arch_spi_rw                       0x08001c47   Thumb Code   108  cc1200-arch.o(.text)
    cc1200_arch_gpio0_setup_irq              0x08001cb3   Thumb Code    54  cc1200-arch.o(.text)
    cc1200_arch_gpio2_setup_irq              0x08001ce9   Thumb Code    54  cc1200-arch.o(.text)
    cc1200_arch_gpio0_enable_irq             0x08001d1f   Thumb Code   116  cc1200-arch.o(.text)
    cc1200_arch_gpio0_disable_irq            0x08001d93   Thumb Code    10  cc1200-arch.o(.text)
    cc1200_arch_gpio2_enable_irq             0x08001d9d   Thumb Code   116  cc1200-arch.o(.text)
    cc1200_arch_gpio2_disable_irq            0x08001e11   Thumb Code    10  cc1200-arch.o(.text)
    cc1200_arch_gpio0_read_pin               0x08001e1b   Thumb Code    12  cc1200-arch.o(.text)
    cc1200_arch_gpio2_read_pin               0x08001e27   Thumb Code    12  cc1200-arch.o(.text)
    cc1200_arch_gpio3_read_pin               0x08001e33   Thumb Code     4  cc1200-arch.o(.text)
    cc1200_arch_init                         0x08001e37   Thumb Code   176  cc1200-arch.o(.text)
    params_get_eui64                         0x08001f31   Thumb Code    14  params.o(.text)
    params_get_channel                       0x08001f3f   Thumb Code     4  params.o(.text)
    params_get_panid                         0x08001f43   Thumb Code     8  params.o(.text)
    params_get_panaddr                       0x08001f4b   Thumb Code     8  params.o(.text)
    params_get_txpower                       0x08001f53   Thumb Code     8  params.o(.text)
    watchdog_init                            0x08001f61   Thumb Code     2  watchdog.o(.text)
    watchdog_start                           0x08001f63   Thumb Code     2  watchdog.o(.text)
    watchdog_periodic                        0x08001f65   Thumb Code     2  watchdog.o(.text)
    watchdog_stop                            0x08001f67   Thumb Code     2  watchdog.o(.text)
    watchdog_reboot                          0x08001f69   Thumb Code     2  watchdog.o(.text)
    etimer_request_poll                      0x08001fb3   Thumb Code    10  etimer.o(.text)
    etimer_set                               0x080020db   Thumb Code    22  etimer.o(.text)
    etimer_reset_with_new_interval           0x080020f1   Thumb Code    22  etimer.o(.text)
    etimer_reset                             0x08002107   Thumb Code    18  etimer.o(.text)
    etimer_restart                           0x08002119   Thumb Code    18  etimer.o(.text)
    etimer_adjust                            0x0800212b   Thumb Code    18  etimer.o(.text)
    etimer_expired                           0x0800213d   Thumb Code    14  etimer.o(.text)
    etimer_expiration_time                   0x0800214b   Thumb Code    10  etimer.o(.text)
    etimer_start_time                        0x08002155   Thumb Code     6  etimer.o(.text)
    etimer_pending                           0x0800215b   Thumb Code    14  etimer.o(.text)
    etimer_next_expiration_time              0x08002169   Thumb Code    18  etimer.o(.text)
    etimer_stop                              0x0800217b   Thumb Code    62  etimer.o(.text)
    process_alloc_event                      0x080021c9   Thumb Code    16  process.o(.text)
    process_is_running                       0x080021d9   Thumb Code    14  process.o(.text)
    process_post_synch                       0x080022e9   Thumb Code    32  process.o(.text)
    process_start                            0x08002309   Thumb Code    68  process.o(.text)
    process_exit                             0x0800234d   Thumb Code    16  process.o(.text)
    process_init                             0x0800235d   Thumb Code    26  process.o(.text)
    process_run                              0x08002467   Thumb Code    28  process.o(.text)
    process_nevents                          0x08002483   Thumb Code    12  process.o(.text)
    process_post                             0x0800248f   Thumb Code   196  process.o(.text)
    process_poll                             0x08002553   Thumb Code    24  process.o(.text)
    timer_set                                0x08002645   Thumb Code    16  timer.o(.text)
    timer_reset                              0x08002655   Thumb Code    10  timer.o(.text)
    timer_restart                            0x0800265f   Thumb Code    12  timer.o(.text)
    timer_expired                            0x0800266b   Thumb Code    28  timer.o(.text)
    timer_remaining                          0x08002687   Thumb Code    18  timer.o(.text)
    rtimer_init                              0x08002699   Thumb Code     8  rtimer.o(.text)
    rtimer_set                               0x080026a1   Thumb Code    66  rtimer.o(.text)
    rtimer_run_next                          0x080026e3   Thumb Code    52  rtimer.o(.text)
    stimer_set                               0x0800271d   Thumb Code    16  stimer.o(.text)
    stimer_reset                             0x0800272d   Thumb Code    10  stimer.o(.text)
    stimer_restart                           0x08002737   Thumb Code    12  stimer.o(.text)
    stimer_expired                           0x08002743   Thumb Code    32  stimer.o(.text)
    stimer_remaining                         0x08002763   Thumb Code    18  stimer.o(.text)
    stimer_elapsed                           0x08002775   Thumb Code    14  stimer.o(.text)
    rtimer_arch_now                          0x08002785   Thumb Code    28  rtimer-arch.o(.text)
    TIM2_IRQHandler                          0x080027a1   Thumb Code   102  rtimer-arch.o(.text)
    clock_delay_usec                         0x08002807   Thumb Code    18  rtimer-arch.o(.text)
    rtimer_arch_init                         0x08002819   Thumb Code   120  rtimer-arch.o(.text)
    rtimer_arch_schedule                     0x08002891   Thumb Code    24  rtimer-arch.o(.text)
    ctimer_init                              0x08002995   Thumb Code    26  ctimer.o(.text)
    ctimer_set_with_process                  0x080029af   Thumb Code    74  ctimer.o(.text)
    ctimer_set                               0x080029f9   Thumb Code    30  ctimer.o(.text)
    ctimer_reset                             0x08002a17   Thumb Code    44  ctimer.o(.text)
    ctimer_restart                           0x08002a43   Thumb Code    44  ctimer.o(.text)
    ctimer_stop                              0x08002a6f   Thumb Code    36  ctimer.o(.text)
    ctimer_expired                           0x08002a93   Thumb Code    48  ctimer.o(.text)
    list_init                                0x08002ad5   Thumb Code     6  list.o(.text)
    list_head                                0x08002adb   Thumb Code     6  list.o(.text)
    list_copy                                0x08002ae1   Thumb Code     6  list.o(.text)
    list_tail                                0x08002ae7   Thumb Code    26  list.o(.text)
    list_remove                              0x08002b01   Thumb Code    52  list.o(.text)
    list_add                                 0x08002b35   Thumb Code    36  list.o(.text)
    list_push                                0x08002b59   Thumb Code    22  list.o(.text)
    list_chop                                0x08002b6f   Thumb Code    48  list.o(.text)
    list_pop                                 0x08002b9f   Thumb Code    16  list.o(.text)
    list_length                              0x08002baf   Thumb Code    18  list.o(.text)
    list_insert                              0x08002bc1   Thumb Code    28  list.o(.text)
    list_item_next                           0x08002bdd   Thumb Code    12  list.o(.text)
    memb_init                                0x08002be9   Thumb Code    28  memb.o(.text)
    memb_alloc                               0x08002c05   Thumb Code    44  memb.o(.text)
    memb_free                                0x08002c31   Thumb Code    56  memb.o(.text)
    memb_inmemb                              0x08002c69   Thumb Code    32  memb.o(.text)
    memb_numfree                             0x08002c89   Thumb Code    26  memb.o(.text)
    random_init                              0x08002ca3   Thumb Code    12  random.o(.text)
    random_rand                              0x08002caf   Thumb Code    10  random.o(.text)
    print_stats                              0x08002cb9   Thumb Code    86  print-stats.o(.text)
    uip_htons                                0x08002d63   Thumb Code    12  uip6.o(.text)
    uip_chksum                               0x08002d6f   Thumb Code    24  uip6.o(.text)
    uip_ipchksum                             0x08002d87   Thumb Code    30  uip6.o(.text)
    uip_icmp6chksum                          0x08002dfb   Thumb Code    10  uip6.o(.text)
    uip_udpchksum                            0x08002e05   Thumb Code    10  uip6.o(.text)
    uip_init                                 0x08002e0f   Thumb Code    64  uip6.o(.text)
    remove_ext_hdr                           0x08002e4f   Thumb Code   110  uip6.o(.text)
    uip_udp_new                              0x08002ebd   Thumb Code   200  uip6.o(.text)
    uip_process                              0x0800309b   Thumb Code  1772  uip6.o(.text)
    uip_htonl                                0x08003787   Thumb Code    26  uip6.o(.text)
    uip_send                                 0x080037a1   Thumb Code   128  uip6.o(.text)
    uip_ds6_list_loop                        0x08003851   Thumb Code    74  uip-ds6.o(.text)
    uip_ds6_maddr_add                        0x0800389b   Thumb Code    58  uip-ds6.o(.text)
    uip_ds6_addr_add                         0x080038d5   Thumb Code   154  uip-ds6.o(.text)
    uip_ds6_set_addr_iid                     0x0800396f   Thumb Code    18  uip-ds6.o(.text)
    uip_ds6_prefix_add                       0x08003981   Thumb Code   104  uip-ds6.o(.text)
    uip_ds6_compute_reachable_time           0x080039e9   Thumb Code    60  uip-ds6.o(.text)
    uip_ds6_init                             0x08003a25   Thumb Code   222  uip-ds6.o(.text)
    uip_ds6_maddr_rm                         0x08003b03   Thumb Code     8  uip-ds6.o(.text)
    uip_ds6_maddr_lookup                     0x08003b0b   Thumb Code    36  uip-ds6.o(.text)
    uip_ds6_addr_rm                          0x08003b2f   Thumb Code    70  uip-ds6.o(.text)
    uip_ds6_periodic                         0x08003b75   Thumb Code    86  uip-ds6.o(.text)
    uip_ds6_prefix_rm                        0x08003bcb   Thumb Code     8  uip-ds6.o(.text)
    uip_ds6_prefix_lookup                    0x08003bd3   Thumb Code    36  uip-ds6.o(.text)
    uip_ds6_is_addr_onlink                   0x08003bf7   Thumb Code    72  uip-ds6.o(.text)
    uip_ds6_addr_lookup                      0x08003c3f   Thumb Code    38  uip-ds6.o(.text)
    uip_ds6_get_link_local                   0x08003c65   Thumb Code   126  uip-ds6.o(.text)
    uip_ds6_get_global                       0x08003ce3   Thumb Code    84  uip-ds6.o(.text)
    uip_ds6_aaddr_add                        0x08003d37   Thumb Code    58  uip-ds6.o(.text)
    uip_ds6_aaddr_rm                         0x08003d71   Thumb Code     8  uip-ds6.o(.text)
    uip_ds6_aaddr_lookup                     0x08003d79   Thumb Code    36  uip-ds6.o(.text)
    get_match_length                         0x08003d9d   Thumb Code    82  uip-ds6.o(.text)
    uip_ds6_select_src                       0x08003def   Thumb Code   174  uip-ds6.o(.text)
    uip_nd6_ns_output                        0x08003ec7   Thumb Code   354  uip-nd6.o(.text)
    uip_nd6_init                             0x08004029   Thumb Code     2  uip-nd6.o(.text)
    sicslowpan_init                          0x080052b3   Thumb Code    30  sicslowpan.o(.text)
    sicslowpan_get_last_rssi                 0x080052d1   Thumb Code     6  sicslowpan.o(.text)
    uip_icmp6_input                          0x08005353   Thumb Code    38  uip-icmp6.o(.text)
    uip_icmp6_register_input_handler         0x08005379   Thumb Code    16  uip-icmp6.o(.text)
    uip_icmp6_error_output                   0x080054e9   Thumb Code   432  uip-icmp6.o(.text)
    uip_icmp6_send                           0x08005699   Thumb Code   164  uip-icmp6.o(.text)
    uip_icmp6_echo_reply_callback_add        0x08005891   Thumb Code    24  uip-icmp6.o(.text)
    uip_icmp6_echo_reply_callback_rm         0x080058a9   Thumb Code    16  uip-icmp6.o(.text)
    uip_icmp6_init                           0x080058b9   Thumb Code    16  uip-icmp6.o(.text)
    uip_ds6_notification_add                 0x0800592d   Thumb Code    24  uip-ds6-route.o(.text)
    uip_ds6_notification_rm                  0x08005945   Thumb Code    16  uip-ds6-route.o(.text)
    uip_ds6_route_nexthop                    0x0800596b   Thumb Code    24  uip-ds6-route.o(.text)
    uip_ds6_route_rm                         0x08005983   Thumb Code   142  uip-ds6-route.o(.text)
    uip_ds6_route_init                       0x08005a51   Thumb Code    50  uip-ds6-route.o(.text)
    uip_ds6_route_head                       0x08005a83   Thumb Code    12  uip-ds6-route.o(.text)
    uip_ds6_route_next                       0x08005a8f   Thumb Code    22  uip-ds6-route.o(.text)
    uip_ds6_route_num_routes                 0x08005aa5   Thumb Code     6  uip-ds6-route.o(.text)
    uip_ds6_route_lookup                     0x08005aab   Thumb Code   110  uip-ds6-route.o(.text)
    uip_ds6_route_add                        0x08005b19   Thumb Code   264  uip-ds6-route.o(.text)
    uip_ds6_route_rm_by_nexthop              0x08005c21   Thumb Code    32  uip-ds6-route.o(.text)
    uip_ds6_defrt_lookup                     0x08005c41   Thumb Code    48  uip-ds6-route.o(.text)
    uip_ds6_defrt_add                        0x08005c71   Thumb Code   124  uip-ds6-route.o(.text)
    uip_ds6_defrt_rm                         0x08005ced   Thumb Code    66  uip-ds6-route.o(.text)
    uip_ds6_defrt_choose                     0x08005d2f   Thumb Code    54  uip-ds6-route.o(.text)
    uip_ds6_defrt_periodic                   0x08005d65   Thumb Code    60  uip-ds6-route.o(.text)
    uip_ds6_nbr_rm                           0x08005da9   Thumb Code    32  uip-ds6-nbr.o(.text)
    uip_ds6_neighbors_init                   0x08005dc9   Thumb Code    16  uip-ds6-nbr.o(.text)
    uip_ds6_nbr_add                          0x08005dd9   Thumb Code    94  uip-ds6-nbr.o(.text)
    uip_ds6_nbr_get_ipaddr                   0x08005e37   Thumb Code    12  uip-ds6-nbr.o(.text)
    uip_ds6_nbr_get_ll                       0x08005e43   Thumb Code    16  uip-ds6-nbr.o(.text)
    uip_ds6_nbr_num                          0x08005e53   Thumb Code    38  uip-ds6-nbr.o(.text)
    uip_ds6_nbr_lookup                       0x08005e79   Thumb Code    54  uip-ds6-nbr.o(.text)
    uip_ds6_nbr_ll_lookup                    0x08005eaf   Thumb Code    16  uip-ds6-nbr.o(.text)
    uip_ds6_nbr_ipaddr_from_lladdr           0x08005ebf   Thumb Code    22  uip-ds6-nbr.o(.text)
    uip_ds6_nbr_lladdr_from_ipaddr           0x08005ed5   Thumb Code    26  uip-ds6-nbr.o(.text)
    uip_ds6_link_neighbor_callback           0x08005eef   Thumb Code    40  uip-ds6-nbr.o(.text)
    uip_ds6_neighbor_periodic                0x08005f17   Thumb Code    94  uip-ds6-nbr.o(.text)
    uip_ds6_get_least_lifetime_neighbor      0x08005f75   Thumb Code    66  uip-ds6-nbr.o(.text)
    tcpip_output                             0x08005fc1   Thumb Code    28  tcpip.o(.text)
    tcpip_set_outputfunc                     0x08005fdd   Thumb Code     6  tcpip.o(.text)
    udp_attach                               0x08006007   Thumb Code    14  tcpip.o(.text)
    udp_new                                  0x08006015   Thumb Code    44  tcpip.o(.text)
    udp_broadcast_new                        0x08006041   Thumb Code    74  tcpip.o(.text)
    icmp6_new                                0x0800608b   Thumb Code    28  tcpip.o(.text)
    tcpip_icmp6_call                         0x080060a7   Thumb Code    24  tcpip.o(.text)
    tcpip_ipv6_output                        0x080060bf   Thumb Code   340  tcpip.o(.text)
    tcpip_input                              0x08006285   Thumb Code    24  tcpip.o(.text)
    tcpip_poll_udp                           0x0800629d   Thumb Code    16  tcpip.o(.text)
    tcpip_uipcall                            0x080062ad   Thumb Code    44  tcpip.o(.text)
    uip_debug_ipaddr_print                   0x0800637d   Thumb Code   138  uip-debug.o(.text)
    uip_debug_lladdr_print                   0x08006407   Thumb Code    44  uip-debug.o(.text)
    uip_packetqueue_new                      0x08006491   Thumb Code     6  uip-packetqueue.o(.text)
    uip_packetqueue_alloc                    0x08006497   Thumb Code    46  uip-packetqueue.o(.text)
    uip_packetqueue_free                     0x080064c5   Thumb Code    32  uip-packetqueue.o(.text)
    uip_packetqueue_buf                      0x080064e5   Thumb Code    16  uip-packetqueue.o(.text)
    uip_packetqueue_buflen                   0x080064f5   Thumb Code    18  uip-packetqueue.o(.text)
    uip_packetqueue_set_buflen               0x08006507   Thumb Code    12  uip-packetqueue.o(.text)
    uip_split_output                         0x0800651d   Thumb Code     8  uip-split.o(.text)
    rpl_verify_header                        0x08006525   Thumb Code   388  rpl-ext-header.o(.text)
    rpl_update_header_empty                  0x08006771   Thumb Code   428  rpl-ext-header.o(.text)
    rpl_update_header_final                  0x0800691d   Thumb Code   214  rpl-ext-header.o(.text)
    rpl_remove_header                        0x080069f3   Thumb Code   134  rpl-ext-header.o(.text)
    rpl_invert_header                        0x08006a79   Thumb Code   188  rpl-ext-header.o(.text)
    rpl_insert_header                        0x08006b35   Thumb Code    22  rpl-ext-header.o(.text)
    rpl_get_mode                             0x08006b5d   Thumb Code     6  rpl.o(.text)
    rpl_set_mode                             0x08006b63   Thumb Code    82  rpl.o(.text)
    rpl_purge_routes                         0x08006bb5   Thumb Code   116  rpl.o(.text)
    rpl_remove_routes                        0x08006c29   Thumb Code    46  rpl.o(.text)
    rpl_remove_routes_by_nexthop             0x08006c57   Thumb Code    70  rpl.o(.text)
    rpl_add_route                            0x08006c9d   Thumb Code    58  rpl.o(.text)
    rpl_link_neighbor_callback               0x08006cd7   Thumb Code   132  rpl.o(.text)
    rpl_ipv6_neighbor_callback               0x08006d5b   Thumb Code    60  rpl.o(.text)
    rpl_purge_dags                           0x08006d97   Thumb Code   108  rpl.o(.text)
    rpl_init                                 0x08006e03   Thumb Code    82  rpl.o(.text)
    rpl_get_nbr                              0x08006e65   Thumb Code    36  rpl-dag.o(.text)
    rpl_print_neighbor_list                  0x08006e89   Thumb Code   242  rpl-dag.o(.text)
    rpl_nullify_parent                       0x08006fa1   Thumb Code    76  rpl-dag.o(.text)
    rpl_remove_parent                        0x08006fed   Thumb Code    22  rpl-dag.o(.text)
    rpl_dag_init                             0x0800700f   Thumb Code    14  rpl-dag.o(.text)
    rpl_get_parent                           0x0800701d   Thumb Code    20  rpl-dag.o(.text)
    rpl_get_parent_rank                      0x08007031   Thumb Code    26  rpl-dag.o(.text)
    rpl_get_parent_link_metric               0x0800704b   Thumb Code    26  rpl-dag.o(.text)
    rpl_get_parent_ipaddr                    0x08007065   Thumb Code    24  rpl-dag.o(.text)
    rpl_get_instance                         0x0800718b   Thumb Code    70  rpl-dag.o(.text)
    rpl_alloc_instance                       0x08007213   Thumb Code   206  rpl-dag.o(.text)
    rpl_alloc_dag                            0x080072e1   Thumb Code    84  rpl-dag.o(.text)
    rpl_free_dag                             0x080073c5   Thumb Code    52  rpl-dag.o(.text)
    rpl_set_root                             0x080073f9   Thumb Code   262  rpl-dag.o(.text)
    rpl_repair_root                          0x080074ff   Thumb Code   116  rpl-dag.o(.text)
    rpl_set_prefix                           0x08007573   Thumb Code   104  rpl-dag.o(.text)
    rpl_set_default_route                    0x080075db   Thumb Code    76  rpl-dag.o(.text)
    rpl_set_default_instance                 0x08007627   Thumb Code     6  rpl-dag.o(.text)
    rpl_get_default_instance                 0x0800762d   Thumb Code     6  rpl-dag.o(.text)
    rpl_free_instance                        0x08007633   Thumb Code    92  rpl-dag.o(.text)
    rpl_add_parent                           0x0800768f   Thumb Code    78  rpl-dag.o(.text)
    rpl_find_parent                          0x080076fd   Thumb Code    30  rpl-dag.o(.text)
    rpl_find_parent_any_dag                  0x08007745   Thumb Code    36  rpl-dag.o(.text)
    rpl_select_parent                        0x080077b3   Thumb Code    48  rpl-dag.o(.text)
    rpl_select_dag                           0x080077e3   Thumb Code   386  rpl-dag.o(.text)
    rpl_move_parent                          0x08007965   Thumb Code    86  rpl-dag.o(.text)
    rpl_get_any_dag                          0x080079bb   Thumb Code    68  rpl-dag.o(.text)
    rpl_find_of                              0x080079ff   Thumb Code    36  rpl-dag.o(.text)
    rpl_join_instance                        0x08007a23   Thumb Code   264  rpl-dag.o(.text)
    rpl_local_repair                         0x08007b2b   Thumb Code    86  rpl-dag.o(.text)
    rpl_process_parent_event                 0x08007b81   Thumb Code    62  rpl-dag.o(.text)
    rpl_add_dag                              0x08007bbf   Thumb Code   274  rpl-dag.o(.text)
    rpl_recalculate_ranks                    0x08007d83   Thumb Code    68  rpl-dag.o(.text)
    rpl_process_dio                          0x08007dc7   Thumb Code   540  rpl-dag.o(.text)
    dio_output                               0x080080a3   Thumb Code   608  rpl-icmp6.o(.text)
    dis_output                               0x08008343   Thumb Code    84  rpl-icmp6.o(.text)
    dao_ack_output                           0x08008683   Thumb Code    50  rpl-icmp6.o(.text)
    dao_output_target                        0x08008935   Thumb Code   310  rpl-icmp6.o(.text)
    dao_output                               0x08008a6b   Thumb Code    30  rpl-icmp6.o(.text)
    rpl_icmp6_register_handlers              0x08008a95   Thumb Code    28  rpl-icmp6.o(.text)
    rpl_reset_periodic_timer                 0x08008d5d   Thumb Code    42  rpl-timers.o(.text)
    rpl_reset_dio_timer                      0x08008d87   Thumb Code    40  rpl-timers.o(.text)
    rpl_schedule_dao                         0x08008e9d   Thumb Code    16  rpl-timers.o(.text)
    rpl_schedule_dao_immediately             0x08008ead   Thumb Code    14  rpl-timers.o(.text)
    rpl_cancel_dao                           0x08008ebb   Thumb Code    22  rpl-timers.o(.text)
    rpl_schedule_unicast_dio_immediately     0x08008eed   Thumb Code    20  rpl-timers.o(.text)
    rpl_schedule_probing                     0x08008fc5   Thumb Code    38  rpl-timers.o(.text)
    linkaddr_copy                            0x08009045   Thumb Code    10  linkaddr.o(.text)
    linkaddr_cmp                             0x0800904f   Thumb Code    26  linkaddr.o(.text)
    linkaddr_set_node_addr                   0x08009069   Thumb Code    14  linkaddr.o(.text)
    nbr_table_register                       0x08009293   Thumb Code    44  nbr-table.o(.text)
    nbr_table_next                           0x080092bf   Thumb Code    56  nbr-table.o(.text)
    nbr_table_head                           0x080092f7   Thumb Code    50  nbr-table.o(.text)
    nbr_table_add_lladdr                     0x08009329   Thumb Code    98  nbr-table.o(.text)
    nbr_table_get_from_lladdr                0x0800938b   Thumb Code    48  nbr-table.o(.text)
    nbr_table_remove                         0x080093bb   Thumb Code    36  nbr-table.o(.text)
    nbr_table_lock                           0x080093df   Thumb Code    20  nbr-table.o(.text)
    nbr_table_unlock                         0x080093f3   Thumb Code    20  nbr-table.o(.text)
    nbr_table_get_lladdr                     0x08009407   Thumb Code    26  nbr-table.o(.text)
    packetbuf_attr_clear                     0x0800943d   Thumb Code    44  packetbuf.o(.text)
    packetbuf_clear                          0x08009469   Thumb Code    34  packetbuf.o(.text)
    packetbuf_clear_hdr                      0x0800948b   Thumb Code     8  packetbuf.o(.text)
    packetbuf_copyfrom                       0x08009493   Thumb Code    42  packetbuf.o(.text)
    packetbuf_datalen                        0x080094bd   Thumb Code     6  packetbuf.o(.text)
    packetbuf_compact                        0x080094c3   Thumb Code    54  packetbuf.o(.text)
    packetbuf_copyto_hdr                     0x080094f9   Thumb Code    50  packetbuf.o(.text)
    packetbuf_copyto                         0x0800952b   Thumb Code   190  packetbuf.o(.text)
    packetbuf_hdrlen                         0x080095e9   Thumb Code    22  packetbuf.o(.text)
    packetbuf_totlen                         0x080095ff   Thumb Code    18  packetbuf.o(.text)
    packetbuf_hdralloc                       0x08009611   Thumb Code    40  packetbuf.o(.text)
    packetbuf_hdr_remove                     0x08009639   Thumb Code    12  packetbuf.o(.text)
    packetbuf_hdrreduce                      0x08009645   Thumb Code    38  packetbuf.o(.text)
    packetbuf_set_datalen                    0x0800966b   Thumb Code     6  packetbuf.o(.text)
    packetbuf_dataptr                        0x08009671   Thumb Code    14  packetbuf.o(.text)
    packetbuf_hdrptr                         0x0800967f   Thumb Code    12  packetbuf.o(.text)
    packetbuf_attr_copyto                    0x0800968b   Thumb Code    28  packetbuf.o(.text)
    packetbuf_attr_copyfrom                  0x080096a7   Thumb Code    28  packetbuf.o(.text)
    packetbuf_set_attr                       0x080096c3   Thumb Code    12  packetbuf.o(.text)
    packetbuf_attr                           0x080096cf   Thumb Code    10  packetbuf.o(.text)
    packetbuf_set_addr                       0x080096d9   Thumb Code    26  packetbuf.o(.text)
    packetbuf_addr                           0x080096f3   Thumb Code    14  packetbuf.o(.text)
    packetbuf_holds_broadcast                0x08009701   Thumb Code    14  packetbuf.o(.text)
    queuebuf_init                            0x08009743   Thumb Code    16  queuebuf.o(.text)
    queuebuf_numfree                         0x08009753   Thumb Code    10  queuebuf.o(.text)
    queuebuf_new_from_packetbuf              0x0800975d   Thumb Code    64  queuebuf.o(.text)
    queuebuf_update_attr_from_packetbuf      0x0800979d   Thumb Code    26  queuebuf.o(.text)
    queuebuf_update_from_packetbuf           0x080097b7   Thumb Code    36  queuebuf.o(.text)
    queuebuf_free                            0x080097db   Thumb Code    32  queuebuf.o(.text)
    queuebuf_to_packetbuf                    0x080097fb   Thumb Code    48  queuebuf.o(.text)
    queuebuf_dataptr                         0x0800982b   Thumb Code    30  queuebuf.o(.text)
    queuebuf_datalen                         0x08009849   Thumb Code    18  queuebuf.o(.text)
    queuebuf_addr                            0x0800985b   Thumb Code    28  queuebuf.o(.text)
    queuebuf_attr                            0x08009877   Thumb Code    24  queuebuf.o(.text)
    queuebuf_debug_print                     0x0800988f   Thumb Code     2  queuebuf.o(.text)
    frame802154_get_pan_id                   0x08009899   Thumb Code     6  frame802154.o(.text)
    frame802154_set_pan_id                   0x0800989f   Thumb Code     6  frame802154.o(.text)
    frame802154_has_panid                    0x080098a5   Thumb Code   114  frame802154.o(.text)
    frame802154_check_dest_panid             0x08009917   Thumb Code    54  frame802154.o(.text)
    frame802154_is_broadcast_addr            0x0800994d   Thumb Code    38  frame802154.o(.text)
    frame802154_extract_linkaddr             0x08009973   Thumb Code   156  frame802154.o(.text)
    frame802154_hdrlen                       0x08009a85   Thumb Code    50  frame802154.o(.text)
    frame802154_create                       0x08009ab7   Thumb Code   242  frame802154.o(.text)
    frame802154_parse                        0x08009ba9   Thumb Code   408  frame802154.o(.text)
    SysTick_Handler                          0x08009fdd   Thumb Code    84  clock.o(.text)
    clock_init                               0x0800a031   Thumb Code    72  clock.o(.text)
    clock_time                               0x0800a079   Thumb Code     6  clock.o(.text)
    clock_delay                              0x0800a07f   Thumb Code    20  clock.o(.text)
    clock_seconds                            0x0800a093   Thumb Code     6  clock.o(.text)
    BSP_GetVersion                           0x0800a121   Thumb Code     6  stm32f10x_io.o(.text)
    BSP_PB_Init                              0x0800a127   Thumb Code   128  stm32f10x_io.o(.text)
    BSP_PB_GetState                          0x0800a1a7   Thumb Code    22  stm32f10x_io.o(.text)
    cc1200_rx_interrupt                      0x0800ac4f   Thumb Code   546  cc1200.o(.text)
    send_list                                0x0800b7a9   Thumb Code    26  sicslowmac.o(.text)
    __aeabi_uldivmod                         0x0800b89d   Thumb Code    98  uldiv.o(.text)
    rand                                     0x0800b901   Thumb Code    20  rand.o(.text)
    srand                                    0x0800b915   Thumb Code     6  rand.o(.text)
    ___aeabi_memcpy8$move                    0x0800b925   Thumb Code     0  memmovea.o(.text)
    __aeabi_memcpy                           0x0800b925   Thumb Code    64  memmovea.o(.text)
    __aeabi_memcpy4                          0x0800b925   Thumb Code     0  memmovea.o(.text)
    __aeabi_memmove                          0x0800b925   Thumb Code     0  memmovea.o(.text)
    __aeabi_memmove4                         0x0800b925   Thumb Code     0  memmovea.o(.text)
    __aeabi_memmove8                         0x0800b925   Thumb Code     0  memmovea.o(.text)
    __aeabi_memset                           0x0800b965   Thumb Code    14  memseta.o(.text)
    __aeabi_memset4                          0x0800b965   Thumb Code     0  memseta.o(.text)
    __aeabi_memset8                          0x0800b965   Thumb Code     0  memseta.o(.text)
    __aeabi_memclr                           0x0800b973   Thumb Code     4  memseta.o(.text)
    __aeabi_memclr4                          0x0800b973   Thumb Code     0  memseta.o(.text)
    __aeabi_memclr8                          0x0800b973   Thumb Code     0  memseta.o(.text)
    _memset$wrapper                          0x0800b977   Thumb Code    18  memseta.o(.text)
    memcmp                                   0x0800b989   Thumb Code    26  memcmp.o(.text)
    __aeabi_llsl                             0x0800b9a3   Thumb Code    30  llshl.o(.text)
    _ll_shift_l                              0x0800b9a3   Thumb Code     0  llshl.o(.text)
    __aeabi_llsr                             0x0800b9c1   Thumb Code    32  llushr.o(.text)
    _ll_ushift_r                             0x0800b9c1   Thumb Code     0  llushr.o(.text)
    __scatterload                            0x0800b9e1   Thumb Code    28  init.o(.text)
    __scatterload_rt2                        0x0800b9e1   Thumb Code     0  init.o(.text)
    __decompress                             0x0800ba05   Thumb Code     0  __dczerorl2.o(.text)
    __decompress1                            0x0800ba05   Thumb Code    92  __dczerorl2.o(.text)
    __0printf$8                              0x0800ba61   Thumb Code    22  printf8.o(i.__0printf$8)
    __1printf$8                              0x0800ba61   Thumb Code     0  printf8.o(i.__0printf$8)
    __2printf                                0x0800ba61   Thumb Code     0  printf8.o(i.__0printf$8)
    __0sprintf$8                             0x0800ba81   Thumb Code    34  printf8.o(i.__0sprintf$8)
    __1sprintf$8                             0x0800ba81   Thumb Code     0  printf8.o(i.__0sprintf$8)
    __2sprintf                               0x0800ba81   Thumb Code     0  printf8.o(i.__0sprintf$8)
    __scatterload_copy                       0x0800baa9   Thumb Code    14  handlers.o(i.__scatterload_copy)
    __scatterload_null                       0x0800bab7   Thumb Code     2  handlers.o(i.__scatterload_null)
    __scatterload_zeroinit                   0x0800bab9   Thumb Code    14  handlers.o(i.__scatterload_zeroinit)
    putc                                     0x0800bf31   Thumb Code     4  putc.o(i.putc)
    unc_llconf                               0x0800c0c8   Data           4  sicslowpan.o(.constdata)
    unc_ctxconf                              0x0800c0cc   Data           4  sicslowpan.o(.constdata)
    unc_mxconf                               0x0800c0d0   Data           4  sicslowpan.o(.constdata)
    llprefix                                 0x0800c0d4   Data           2  sicslowpan.o(.constdata)
    sicslowpan_driver                        0x0800c0dc   Data          12  sicslowpan.o(.constdata)
    linkaddr_null                            0x0800c0ec   Data           8  linkaddr.o(.constdata)
    framer_802154                            0x0800c0f4   Data          12  framer-802154.o(.constdata)
    nullmac_driver                           0x0800c100   Data          28  nullmac.o(.constdata)
    nullsec_driver                           0x0800c11c   Data          16  nullsec.o(.constdata)
    button_sensor                            0x0800c12c   Data          16  button-sensor.o(.constdata)
    BUTTON_PIN                               0x0800c13c   Data           2  stm32f10x_io.o(.constdata)
    BUTTON_IRQn                              0x0800c13e   Data           2  stm32f10x_io.o(.constdata)
    cc1200_driver                            0x0800c140   Data          56  cc1200.o(.constdata)
    cc1200_802154g_863_870_fsk_50kbps        0x0800c270   Data          40  cc1200-802154g-863-870-fsk-50kbps.o(.constdata)
    sicslowmac_driver                        0x0800c298   Data          32  sicslowmac.o(.constdata)
    Region$$Table$$Base                      0x0800c348   Number         0  anon$$obj.o(Region$$Table)
    Region$$Table$$Limit                     0x0800c368   Number         0  anon$$obj.o(Region$$Table)
    idle_count                               0x20000000   Data           4  main.o(.data)
    clocktime                                0x20000004   Data           4  main.o(.data)
    helloTaskCnt1                            0x20000008   Data           4  hello-world1.o(.data)
    sensors                                  0x2000000c   Data           8  hello-world1.o(.data)
    hello_world_process2                     0x20000014   Data          16  hello-world1.o(.data)
    hello_world_process1                     0x20000024   Data          16  hello-world1.o(.data)
    sensors_flags                            0x20000034   Data           2  hello-world1.o(.data)
    SystemCoreClock                          0x20000038   Data           4  system_stm32f10x.o(.data)
    AHBPrescTable                            0x2000003c   Data          16  system_stm32f10x.o(.data)
    rtcCnt                                   0x20000060   Data           4  rtc.o(.data)
    resetCnt                                 0x20000064   Data           1  rtc.o(.data)
    watchdogEnable                           0x20000068   Data           4  rtc.o(.data)
    watchdogCnt                              0x2000006c   Data           4  rtc.o(.data)
    watchdogFeed                             0x20000070   Data           4  rtc.o(.data)
    sec                                      0x20000074   Data           4  rtc.o(.data)
    rtcTimeSec                               0x20000078   Data           4  sys_time.o(.data)
    timeZone                                 0x2000007c   Data           4  sys_time.o(.data)
    sysTimeZone                              0x20000080   Data           4  sys_time.o(.data)
    rtcUpdateFlag                            0x20000084   Data           4  sys_time.o(.data)
    rtcUpdateCnt                             0x20000088   Data           4  sys_time.o(.data)
    sysTime                                  0x2000008c   Data           8  sys_time.o(.data)
    localTime                                0x20000094   Data           8  sys_time.o(.data)
    ADC1ConvertedValue                       0x2000009c   Data           2  adc.o(.data)
    adcChannel8Value                         0x200000a0   Data           4  adc.o(.data)
    adc8Sum                                  0x200000a4   Data           4  adc.o(.data)
    adc8SampleCnt                            0x200000a8   Data           2  adc.o(.data)
    sysTickTimeSec                           0x200000b0   Data           4  sys_tick.o(.data)
    sysTickCounter32                         0x200000b4   Data           4  sys_tick.o(.data)
    sysTickCounter64                         0x200000b8   Data           8  sys_tick.o(.data)
    etimer_process                           0x200000c4   Data          16  etimer.o(.data)
    process_list                             0x200000dc   Data           4  process.o(.data)
    process_current                          0x200000e0   Data           4  process.o(.data)
    tmr2Cnt                                  0x20000100   Data           4  rtimer-arch.o(.data)
    ctimer_process                           0x2000010c   Data          16  ctimer.o(.data)
    uip_ext_bitmap                           0x20000120   Data           1  uip6.o(.data)
    uip_ext_len                              0x20000121   Data           1  uip6.o(.data)
    uip_ext_opt_offset                       0x20000122   Data           1  uip6.o(.data)
    uip_lladdr                               0x20000123   Data           8  uip6.o(.data)
    uip_next_hdr                             0x2000012c   Data           4  uip6.o(.data)
    uip_appdata                              0x20000130   Data           4  uip6.o(.data)
    uip_sappdata                             0x20000134   Data           4  uip6.o(.data)
    uip_len                                  0x20000138   Data           2  uip6.o(.data)
    uip_slen                                 0x2000013a   Data           2  uip6.o(.data)
    uip_flags                                0x2000013c   Data           1  uip6.o(.data)
    uip_conn                                 0x20000140   Data           4  uip6.o(.data)
    uip_udp_conn                             0x20000148   Data           4  uip6.o(.data)
    uip_icmp6_conns                          0x2000014c   Data           8  uip6.o(.data)
    uip_ds6_timer_ra                         0x20000154   Data           8  uip-ds6.o(.data)
    uip_ds6_addr_size                        0x2000015c   Data           1  uip-ds6.o(.data)
    uip_ds6_netif_addr_list_offset           0x2000015d   Data           1  uip-ds6.o(.data)
    frag_sender                              0x20000190   Data           8  sicslowpan.o(.data)
    nbr_routes                               0x200001e4   Data           4  uip-ds6-route.o(.data)
    ds6_neighbors                            0x2000023c   Data           4  uip-ds6-nbr.o(.data)
    tcpip_process                            0x20000240   Data          16  tcpip.o(.data)
    tcpip_event                              0x20000250   Data           1  tcpip.o(.data)
    tcpip_icmp6_event                        0x20000251   Data           1  tcpip.o(.data)
    rpl_parents                              0x20000278   Data           4  rpl-dag.o(.data)
    default_instance                         0x2000027c   Data           4  rpl-dag.o(.data)
    rpl_mrhof                                0x200002b4   Data          28  rpl-mrhof.o(.data)
    linkaddr_node_addr                       0x200002d3   Data           8  linkaddr.o(.data)
    BUTTON_PORT                              0x20000340   Data           4  stm32f10x_io.o(.data)
    cc1200_process                           0x2000034c   Data          16  cc1200.o(.data)
    __stdout                                 0x2000037c   Data           4  stdout.o(.data)
    sysCfg                                   0x20000390   Data          91  system_config.o(.bss)
    USART1_RxBuff                            0x2000040c   Data        1024  uart1.o(.bss)
    USART1_TxBuff                            0x2000080c   Data        1024  uart1.o(.bss)
    USART1_RxRingBuff                        0x20000c0c   Data          16  uart1.o(.bss)
    USART1_TxRingBuff                        0x20000c1c   Data          16  uart1.o(.bss)
    energest_total_time                      0x20000db0   Data          48  energest.o(.bss)
    energest_current_time                    0x20000de0   Data          96  energest.o(.bss)
    energest_current_mode                    0x20000e40   Data          12  energest.o(.bss)
    uip_aligned_buf                          0x20000e4c   Data        1280  uip6.o(.bss)
    uip_udp_conns                            0x2000134c   Data         320  uip6.o(.bss)
    uip_ds6_timer_periodic                   0x2000148c   Data          16  uip-ds6.o(.bss)
    uip_ds6_if                               0x2000149c   Data         316  uip-ds6.o(.bss)
    uip_ds6_prefix_list                      0x200015d8   Data         128  uip-ds6.o(.bss)
    instance_table                           0x20002ae4   Data         336  rpl-dag.o(.bss)
    packetbuf_attrs                          0x20002da0   Data          30  packetbuf.o(.bss)
    packetbuf_addrs                          0x20002dbe   Data          16  packetbuf.o(.bss)
    __initial_sp                             0x200039a8   Data           0  startup_stm32f10x_md.o(STACK)



==============================================================================

Memory Map of the image

  Image Entry point : 0x080000ed

  Load Region LR_IROM1 (Base: 0x08000000, Size: 0x0000c6ec, Max: 0x00020000, ABSOLUTE, COMPRESSED[0x0000c494])

    Execution Region ER_IROM1 (Base: 0x08000000, Size: 0x0000c368, Max: 0x00020000, ABSOLUTE)

    Base Addr    Size         Type   Attr      Idx    E Section Name        Object

    0x08000000   0x000000ec   Data   RO          471    RESET               startup_stm32f10x_md.o
    0x080000ec   0x00000000   Code   RO         2731  * .ARM.Collect$$$$00000000  mc_w.l(entry.o)
    0x080000ec   0x00000004   Code   RO         3041    .ARM.Collect$$$$00000001  mc_w.l(entry2.o)
    0x080000f0   0x00000004   Code   RO         3044    .ARM.Collect$$$$00000004  mc_w.l(entry5.o)
    0x080000f4   0x00000000   Code   RO         3046    .ARM.Collect$$$$00000008  mc_w.l(entry7b.o)
    0x080000f4   0x00000000   Code   RO         3048    .ARM.Collect$$$$0000000A  mc_w.l(entry8b.o)
    0x080000f4   0x00000008   Code   RO         3049    .ARM.Collect$$$$0000000B  mc_w.l(entry9a.o)
    0x080000fc   0x00000000   Code   RO         3051    .ARM.Collect$$$$0000000D  mc_w.l(entry10a.o)
    0x080000fc   0x00000000   Code   RO         3053    .ARM.Collect$$$$0000000F  mc_w.l(entry11a.o)
    0x080000fc   0x00000004   Code   RO         3042    .ARM.Collect$$$$00002712  mc_w.l(entry2.o)
    0x08000100   0x00000424   Code   RO            1    .text               main.o
    0x08000524   0x00000120   Code   RO          450    .text               hello-world1.o
    0x08000644   0x0000001c   Code   RO          472    .text               startup_stm32f10x_md.o
    0x08000660   0x000001dc   Code   RO          487    .text               system_stm32f10x.o
    0x0800083c   0x00000358   Code   RO          505    .text               stm32f10x_gpio.o
    0x08000b94   0x000003a4   Code   RO          517    .text               stm32f10x_rcc.o
    0x08000f38   0x00000028   Code   RO          570    .text               dbg.o
    0x08000f60   0x000000a8   Code   RO          582    .text               exti.o
    0x08001008   0x00000274   Code   RO          612    .text               spi.o
    0x0800127c   0x00000308   Code   RO          627    .text               uart1.o
    0x08001584   0x000001d8   Code   RO          687    .text               rtc.o
    0x0800175c   0x00000094   Code   RO          714    .text               ampm_ringbuf.o
    0x080017f0   0x00000124   Code   RO          763    .text               adc.o
    0x08001914   0x000000fc   Code   RO          781    .text               sys_tick.o
    0x08001a10   0x00000180   Code   RO          799    .text               leds.o
    0x08001b90   0x00000054   Code   RO          813    .text               leds-arch.o
    0x08001be4   0x0000034c   Code   RO          825    .text               cc1200-arch.o
    0x08001f30   0x00000030   Code   RO          855    .text               params.o
    0x08001f60   0x0000000a   Code   RO          870    .text               watchdog.o
    0x08001f6a   0x00000002   PAD
    0x08001f6c   0x0000025c   Code   RO          882    .text               etimer.o
    0x080021c8   0x0000047c   Code   RO          901    .text               process.o
    0x08002644   0x00000054   Code   RO          938    .text               timer.o
    0x08002698   0x00000084   Code   RO          962    .text               rtimer.o
    0x0800271c   0x00000066   Code   RO          976    .text               stimer.o
    0x08002782   0x00000002   PAD
    0x08002784   0x00000168   Code   RO          988    .text               rtimer-arch.o
    0x080028ec   0x000001e8   Code   RO         1022    .text               ctimer.o
    0x08002ad4   0x00000114   Code   RO         1067    .text               list.o
    0x08002be8   0x000000ba   Code   RO         1079    .text               memb.o
    0x08002ca2   0x00000016   Code   RO         1091    .text               random.o
    0x08002cb8   0x00000064   Code   RO         1219    .text               print-stats.o
    0x08002d1c   0x00000b34   Code   RO         1319    .text               uip6.o
    0x08003850   0x00000658   Code   RO         1389    .text               uip-ds6.o
    0x08003ea8   0x00000194   Code   RO         1422    .text               uip-nd6.o
    0x0800403c   0x000012dc   Code   RO         1441    .text               sicslowpan.o
    0x08005318   0x000005c8   Code   RO         1486    .text               uip-icmp6.o
    0x080058e0   0x000004c8   Code   RO         1508    .text               uip-ds6-route.o
    0x08005da8   0x00000218   Code   RO         1527    .text               uip-ds6-nbr.o
    0x08005fc0   0x000003bc   Code   RO         1630    .text               tcpip.o
    0x0800637c   0x00000100   Code   RO         1715    .text               uip-debug.o
    0x0800647c   0x000000a0   Code   RO         1757    .text               uip-packetqueue.o
    0x0800651c   0x00000008   Code   RO         1772    .text               uip-split.o
    0x08006524   0x00000638   Code   RO         1809    .text               rpl-ext-header.o
    0x08006b5c   0x00000308   Code   RO         1832    .text               rpl.o
    0x08006e64   0x00001184   Code   RO         1846    .text               rpl-dag.o
    0x08007fe8   0x00000ae8   Code   RO         1902    .text               rpl-icmp6.o
    0x08008ad0   0x0000016e   Code   RO         1941    .text               rpl-mrhof.o
    0x08008c3e   0x00000002   PAD
    0x08008c40   0x00000404   Code   RO         1963    .text               rpl-timers.o
    0x08009044   0x00000038   Code   RO         1978    .text               linkaddr.o
    0x0800907c   0x000003c0   Code   RO         1997    .text               nbr-table.o
    0x0800943c   0x00000300   Code   RO         2028    .text               packetbuf.o
    0x0800973c   0x0000015c   Code   RO         2044    .text               queuebuf.o
    0x08009898   0x000004c4   Code   RO         2106    .text               frame802154.o
    0x08009d5c   0x0000020c   Code   RO         2120    .text               framer-802154.o
    0x08009f68   0x00000044   Code   RO         2135    .text               nullmac.o
    0x08009fac   0x00000030   Code   RO         2306    .text               nullsec.o
    0x08009fdc   0x000000d4   Code   RO         2364    .text               clock.o
    0x0800a0b0   0x00000070   Code   RO         2398    .text               button-sensor.o
    0x0800a120   0x000000a8   Code   RO         2506    .text               stm32f10x_io.o
    0x0800a1c8   0x000014c8   Code   RO         2529    .text               cc1200.o
    0x0800b690   0x0000020c   Code   RO         2707    .text               sicslowmac.o
    0x0800b89c   0x00000062   Code   RO         2737    .text               mc_w.l(uldiv.o)
    0x0800b8fe   0x00000002   PAD
    0x0800b900   0x00000024   Code   RO         2741    .text               mc_w.l(rand.o)
    0x0800b924   0x00000040   Code   RO         2746    .text               mc_w.l(memmovea.o)
    0x0800b964   0x00000024   Code   RO         2748    .text               mc_w.l(memseta.o)
    0x0800b988   0x0000001a   Code   RO         2756    .text               mc_w.l(memcmp.o)
    0x0800b9a2   0x0000001e   Code   RO         3057    .text               mc_w.l(llshl.o)
    0x0800b9c0   0x00000020   Code   RO         3059    .text               mc_w.l(llushr.o)
    0x0800b9e0   0x00000024   Code   RO         3080    .text               mc_w.l(init.o)
    0x0800ba04   0x0000005c   Code   RO         3103    .text               mc_w.l(__dczerorl2.o)
    0x0800ba60   0x00000020   Code   RO         2977    i.__0printf$8       mc_w.l(printf8.o)
    0x0800ba80   0x00000028   Code   RO         2979    i.__0sprintf$8      mc_w.l(printf8.o)
    0x0800baa8   0x0000000e   Code   RO         3097    i.__scatterload_copy  mc_w.l(handlers.o)
    0x0800bab6   0x00000002   Code   RO         3098    i.__scatterload_null  mc_w.l(handlers.o)
    0x0800bab8   0x0000000e   Code   RO         3099    i.__scatterload_zeroinit  mc_w.l(handlers.o)
    0x0800bac6   0x00000002   PAD
    0x0800bac8   0x00000408   Code   RO         2984    i._printf_core      mc_w.l(printf8.o)
    0x0800bed0   0x00000026   Code   RO         2985    i._printf_post_padding  mc_w.l(printf8.o)
    0x0800bef6   0x00000030   Code   RO         2986    i._printf_pre_padding  mc_w.l(printf8.o)
    0x0800bf26   0x0000000a   Code   RO         2988    i._sputc            mc_w.l(printf8.o)
    0x0800bf30   0x00000004   Code   RO         2734    i.putc              mc_w.l(putc.o)
    0x0800bf34   0x00000124   Data   RO          903    .constdata          process.o
    0x0800c058   0x0000006f   Data   RO         1220    .constdata          print-stats.o
    0x0800c0c7   0x00000001   PAD
    0x0800c0c8   0x00000020   Data   RO         1443    .constdata          sicslowpan.o
    0x0800c0e8   0x00000004   Data   RO         1848    .constdata          rpl-dag.o
    0x0800c0ec   0x00000008   Data   RO         1979    .constdata          linkaddr.o
    0x0800c0f4   0x0000000c   Data   RO         2121    .constdata          framer-802154.o
    0x0800c100   0x0000001c   Data   RO         2136    .constdata          nullmac.o
    0x0800c11c   0x00000010   Data   RO         2307    .constdata          nullsec.o
    0x0800c12c   0x00000010   Data   RO         2399    .constdata          button-sensor.o
    0x0800c13c   0x00000004   Data   RO         2507    .constdata          stm32f10x_io.o
    0x0800c140   0x00000038   Data   RO         2531    .constdata          cc1200.o
    0x0800c178   0x00000120   Data   RO         2564    .constdata          cc1200-802154g-863-870-fsk-50kbps.o
    0x0800c298   0x00000020   Data   RO         2708    .constdata          sicslowmac.o
    0x0800c2b8   0x0000002a   Data   RO          452    .conststring        hello-world1.o
    0x0800c2e2   0x0000000c   Data   RO          883    .conststring        etimer.o
    0x0800c2ee   0x0000000f   Data   RO         1023    .conststring        ctimer.o
    0x0800c2fd   0x0000000b   Data   RO         1444    .conststring        sicslowpan.o
    0x0800c308   0x0000000d   Data   RO         1632    .conststring        tcpip.o
    0x0800c315   0x00000008   Data   RO         2137    .conststring        nullmac.o
    0x0800c31d   0x00000008   Data   RO         2308    .conststring        nullsec.o
    0x0800c325   0x00000007   Data   RO         2400    .conststring        button-sensor.o
    0x0800c32c   0x0000000e   Data   RO         2532    .conststring        cc1200.o
    0x0800c33a   0x0000000b   Data   RO         2709    .conststring        sicslowmac.o
    0x0800c345   0x00000003   PAD
    0x0800c348   0x00000020   Data   RO         3095    Region$$Table       anon$$obj.o


    Execution Region RW_IRAM1 (Base: 0x20000000, Size: 0x000039a8, Max: 0x00005000, ABSOLUTE, COMPRESSED[0x0000012c])

    Base Addr    Size         Type   Attr      Idx    E Section Name        Object

    0x20000000   0x00000008   Data   RW            2    .data               main.o
    0x20000008   0x0000002e   Data   RW          453    .data               hello-world1.o
    0x20000036   0x00000002   PAD
    0x20000038   0x00000014   Data   RW          488    .data               system_stm32f10x.o
    0x2000004c   0x00000014   Data   RW          518    .data               stm32f10x_rcc.o
    0x20000060   0x00000018   Data   RW          689    .data               rtc.o
    0x20000078   0x00000024   Data   RW          727    .data               sys_time.o
    0x2000009c   0x0000000e   Data   RW          764    .data               adc.o
    0x200000aa   0x00000006   PAD
    0x200000b0   0x00000010   Data   RW          782    .data               sys_tick.o
    0x200000c0   0x00000001   Data   RW          800    .data               leds.o
    0x200000c1   0x00000003   PAD
    0x200000c4   0x00000018   Data   RW          884    .data               etimer.o
    0x200000dc   0x0000001d   Data   RW          904    .data               process.o
    0x200000f9   0x00000003   PAD
    0x200000fc   0x00000004   Data   RW          963    .data               rtimer.o
    0x20000100   0x00000004   Data   RW          989    .data               rtimer-arch.o
    0x20000104   0x00000019   Data   RW         1024    .data               ctimer.o
    0x2000011d   0x00000003   PAD
    0x20000120   0x00000034   Data   RW         1321    .data               uip6.o
    0x20000154   0x0000001c   Data   RW         1391    .data               uip-ds6.o
    0x20000170   0x0000003c   Data   RW         1445    .data               sicslowpan.o
    0x200001ac   0x00000028   Data   RW         1488    .data               uip-icmp6.o
    0x200001d4   0x00000056   Data   RW         1510    .data               uip-ds6-route.o
    0x2000022a   0x00000002   PAD
    0x2000022c   0x00000014   Data   RW         1529    .data               uip-ds6-nbr.o
    0x20000240   0x00000018   Data   RW         1633    .data               tcpip.o
    0x20000258   0x0000000e   Data   RW         1759    .data               uip-packetqueue.o
    0x20000266   0x00000001   Data   RW         1833    .data               rpl.o
    0x20000267   0x00000001   PAD
    0x20000268   0x00000018   Data   RW         1849    .data               rpl-dag.o
    0x20000280   0x00000034   Data   RW         1903    .data               rpl-icmp6.o
    0x200002b4   0x0000001c   Data   RW         1942    .data               rpl-mrhof.o
    0x200002d0   0x00000003   Data   RW         1965    .data               rpl-timers.o
    0x200002d3   0x00000008   Data   RW         1980    .data               linkaddr.o
    0x200002db   0x00000001   PAD
    0x200002dc   0x00000018   Data   RW         1999    .data               nbr-table.o
    0x200002f4   0x00000010   Data   RW         2030    .data               packetbuf.o
    0x20000304   0x00000028   Data   RW         2046    .data               queuebuf.o
    0x2000032c   0x00000002   Data   RW         2107    .data               frame802154.o
    0x2000032e   0x00000002   Data   RW         2122    .data               framer-802154.o
    0x20000330   0x0000000c   Data   RW         2365    .data               clock.o
    0x2000033c   0x00000004   Data   RW         2401    .data               button-sensor.o
    0x20000340   0x00000004   Data   RW         2508    .data               stm32f10x_io.o
    0x20000344   0x00000030   Data   RW         2533    .data               cc1200.o
    0x20000374   0x00000005   Data   RW         2710    .data               sicslowmac.o
    0x20000379   0x00000003   PAD
    0x2000037c   0x00000004   Data   RW         2736    .data               mc_w.l(stdout.o)
    0x20000380   0x00000004   Data   RW         2742    .data               mc_w.l(rand.o)
    0x20000384   0x00000067   Zero   RW          414    .bss                system_config.o
    0x200003eb   0x00000001   PAD
    0x200003ec   0x00000020   Zero   RW          451    .bss                hello-world1.o
    0x2000040c   0x00000820   Zero   RW          628    .bss                uart1.o
    0x20000c2c   0x00000180   Zero   RW          902    .bss                process.o
    0x20000dac   0x00000004   PAD
    0x20000db0   0x0000009c   Zero   RW         1004    .bss                energest.o
    0x20000e4c   0x00000640   Zero   RW         1320    .bss                uip6.o
    0x2000148c   0x000001dc   Zero   RW         1390    .bss                uip-ds6.o
    0x20001668   0x0000008a   Zero   RW         1442    .bss                sicslowpan.o
    0x200016f2   0x00000010   Zero   RW         1487    .bss                uip-icmp6.o
    0x20001702   0x00000002   PAD
    0x20001704   0x000004c8   Zero   RW         1509    .bss                uip-ds6-route.o
    0x20001bcc   0x00000370   Zero   RW         1528    .bss                uip-ds6-nbr.o
    0x20001f3c   0x00000010   Zero   RW         1631    .bss                tcpip.o
    0x20001f4c   0x00000a58   Zero   RW         1758    .bss                uip-packetqueue.o
    0x200029a4   0x00000290   Zero   RW         1847    .bss                rpl-dag.o
    0x20002c34   0x00000020   Zero   RW         1964    .bss                rpl-timers.o
    0x20002c54   0x0000014c   Zero   RW         1998    .bss                nbr-table.o
    0x20002da0   0x000000e0   Zero   RW         2029    .bss                packetbuf.o
    0x20002e80   0x000005a0   Zero   RW         2045    .bss                queuebuf.o
    0x20003420   0x00000181   Zero   RW         2530    .bss                cc1200.o
    0x200035a1   0x00000007   PAD
    0x200035a8   0x00000400   Zero   RW          469    STACK               startup_stm32f10x_md.o


==============================================================================

Image component sizes


      Code (inc. data)   RO Data    RW Data    ZI Data      Debug   Object Name

       292         30          0         14          0       1615   adc.o
       148          0          0          0          0       1635   ampm_ringbuf.o
       112          4         23          4          0       1904   button-sensor.o
         0          0        288          0          0        900   cc1200-802154g-863-870-fsk-50kbps.o
       844         32          0          0          0      21027   cc1200-arch.o
      5320        972         70         48        385      14905   cc1200.o
       212         24          0         12          0      17133   clock.o
         0          0          0          0          0      14614   compower.o
       488         18         15         25          0       3221   ctimer.o
        40          6          0          0          0        468   dbg.o
         0          0          0          0        156       2383   energest.o
       604         16         12         24          0       4702   etimer.o
       168         10          0          0          0        656   exti.o
      1220         14          0          2          0       4994   frame802154.o
       524         14         12          2          0       2164   framer-802154.o
       288         68         42         46         32       1964   hello-world1.o
        84          6          0          0          0        821   leds-arch.o
       384         18          0          1          0       1718   leds.o
        56          6          8          8          0       1991   linkaddr.o
       276          0          0          0          0       3155   list.o
      1060        382          0          8          0     265597   main.o
       186          0          0          0          0       1838   memb.o
       960         28          0         24        332       6784   nbr-table.o
        68         10         36          0          0       1641   nullmac.o
        48         10         24          0          0       1213   nullsec.o
       768         46          0         16        224       5845   packetbuf.o
        48          6          0          0          0       1533   params.o
       100         14        111          0          0        462   print-stats.o
      1148        218        292         29        384       6697   process.o
       348          8          0         40       1440       3919   queuebuf.o
        22          0          0          0          0        606   random.o
      4484        172          4         24        656      22365   rpl-dag.o
      1592         36          0          0          0       6950   rpl-ext-header.o
      2792         68          0         52          0      14650   rpl-icmp6.o
       366          0          0         28          0       5846   rpl-mrhof.o
      1028         46          0          3         32       4730   rpl-timers.o
       776         16          0          1          0       3728   rpl.o
       472         32          0         24          0       3506   rtc.o
       360         68          0          4          0       1643   rtimer-arch.o
       132          6          0          4          0       1501   rtimer.o
       524         24         43          5          0       2968   sicslowmac.o
      4828        238         43         60        138      29899   sicslowpan.o
       628         24          0          0          0       2359   spi.o
        28          4        236          0       1024        864   startup_stm32f10x_md.o
       102          0          0          0          0       1876   stimer.o
       856         40          0          0          0       5657   stm32f10x_gpio.o
       168         12          4          4          0      20573   stm32f10x_io.o
       932         44          0         20          0       8804   stm32f10x_rcc.o
       252         12          0         16          0       3146   sys_tick.o
         0          0          0         36          0        859   sys_time.o
         0          0          0          0        103      19593   system_config.o
       476         36          0         20          0       1859   system_stm32f10x.o
       956         60         13         24         16      24640   tcpip.o
        84          0          0          0          0       1604   timer.o
       776         42          0          0       2080      18283   uart1.o
       256         74          0          0          0       1324   uip-debug.o
       536         10          0         20        880       5278   uip-ds6-nbr.o
      1224         46          0         86       1224       8280   uip-ds6-route.o
      1624         52          0         28        476      11834   uip-ds6.o
      1480         48          0         40         16       4359   uip-icmp6.o
       404         18          0          0          0       3869   uip-nd6.o
       160         10          0         14       2648       2559   uip-packetqueue.o
         8          0          0          0          0        443   uip-split.o
      2868        138          0         52       1600      20732   uip6.o
        10          0          0          0          0        783   watchdog.o

    ----------------------------------------------------------------------
     47004       3336       1312        892      13860     665469   Object Totals
         0          0         32          0          0          0   (incl. Generated)
         6          0          4         24         14          0   (incl. Padding)

    ----------------------------------------------------------------------

      Code (inc. data)   RO Data    RW Data    ZI Data      Debug   Library Member Name

        92          0          0          0          0          0   __dczerorl2.o
         0          0          0          0          0          0   entry.o
         0          0          0          0          0          0   entry10a.o
         0          0          0          0          0          0   entry11a.o
         8          4          0          0          0          0   entry2.o
         4          0          0          0          0          0   entry5.o
         0          0          0          0          0          0   entry7b.o
         0          0          0          0          0          0   entry8b.o
         8          4          0          0          0          0   entry9a.o
        30          0          0          0          0          0   handlers.o
        36          8          0          0          0         68   init.o
        30          0          0          0          0         68   llshl.o
        32          0          0          0          0         68   llushr.o
        26          0          0          0          0         80   memcmp.o
        64          0          0          0          0         76   memmovea.o
        36          0          0          0          0        108   memseta.o
      1200         60          0          0          0        504   printf8.o
         4          0          0          0          0         68   putc.o
        36         10          0          4          0        136   rand.o
         0          0          0          4          0          0   stdout.o
        98          0          0          0          0         92   uldiv.o

    ----------------------------------------------------------------------
      1708         86          0          8          0       1268   Library Totals
         4          0          0          0          0          0   (incl. Padding)

    ----------------------------------------------------------------------

      Code (inc. data)   RO Data    RW Data    ZI Data      Debug   Library Name

      1704         86          0          8          0       1268   mc_w.l

    ----------------------------------------------------------------------
      1708         86          0          8          0       1268   Library Totals

    ----------------------------------------------------------------------

==============================================================================


      Code (inc. data)   RO Data    RW Data    ZI Data      Debug   

     48712       3422       1312        900      13860     660185   Grand Totals
     48712       3422       1312        300      13860     660185   ELF Image Totals (compressed)
     48712       3422       1312        300          0          0   ROM Totals

==============================================================================

    Total RO  Size (Code + RO Data)                50024 (  48.85kB)
    Total RW  Size (RW Data + ZI Data)             14760 (  14.41kB)
    Total ROM Size (Code + RO Data + RW Data)      50324 (  49.14kB)

==============================================================================

