<!doctype html public "-//w3c//dtd html 4.0 transitional//en">
<html><head>
<title>Static Call Graph - [.\flash\bt1.axf]</title></head>
<body><HR>
<H1>Static Call Graph for image .\flash\bt1.axf</H1><HR>
<BR><P>#&#060CALLGRAPH&#062# ARM Linker, 5.03 [Build 76]: Last Updated: Mon Mar 14 00:50:58 2016
<BR><P>
<H3>Maximum Stack Usage =       1104 bytes + Unknown(Cycles, Untraceable Function Pointers)</H3><H3>
Call chain for Maximum Stack Depth:</H3>
output &rArr; queuebuf_new_from_packetbuf &rArr; packetbuf_copyto &rArr; __2sprintf
<P>
<H3>
Mutually Recursive functions
</H3> <LI><a href="#[e9]">exit_process</a>&nbsp;&nbsp;&nbsp;&rArr;&nbsp;&nbsp;&nbsp;<a href="#[eb]">call_process</a><BR>
 <LI><a href="#[14]">NMI_Handler</a>&nbsp;&nbsp;&nbsp;&rArr;&nbsp;&nbsp;&nbsp;<a href="#[14]">NMI_Handler</a><BR>
 <LI><a href="#[15]">HardFault_Handler</a>&nbsp;&nbsp;&nbsp;&rArr;&nbsp;&nbsp;&nbsp;<a href="#[15]">HardFault_Handler</a><BR>
 <LI><a href="#[16]">MemManage_Handler</a>&nbsp;&nbsp;&nbsp;&rArr;&nbsp;&nbsp;&nbsp;<a href="#[16]">MemManage_Handler</a><BR>
 <LI><a href="#[17]">BusFault_Handler</a>&nbsp;&nbsp;&nbsp;&rArr;&nbsp;&nbsp;&nbsp;<a href="#[17]">BusFault_Handler</a><BR>
 <LI><a href="#[18]">UsageFault_Handler</a>&nbsp;&nbsp;&nbsp;&rArr;&nbsp;&nbsp;&nbsp;<a href="#[18]">UsageFault_Handler</a><BR>
 <LI><a href="#[19]">SVC_Handler</a>&nbsp;&nbsp;&nbsp;&rArr;&nbsp;&nbsp;&nbsp;<a href="#[19]">SVC_Handler</a><BR>
 <LI><a href="#[1a]">DebugMon_Handler</a>&nbsp;&nbsp;&nbsp;&rArr;&nbsp;&nbsp;&nbsp;<a href="#[1a]">DebugMon_Handler</a><BR>
 <LI><a href="#[1b]">PendSV_Handler</a>&nbsp;&nbsp;&nbsp;&rArr;&nbsp;&nbsp;&nbsp;<a href="#[1b]">PendSV_Handler</a><BR>
 <LI><a href="#[32]">CAN1_RX1_IRQHandler</a>&nbsp;&nbsp;&nbsp;&rArr;&nbsp;&nbsp;&nbsp;<a href="#[32]">CAN1_RX1_IRQHandler</a><BR>
</UL>
<P>
<H3>
Function Pointers
</H3><UL>
 <LI><a href="#[2f]">ADC1_2_IRQHandler</a> from adc.o(.text) referenced from startup_stm32f10x_md.o(RESET)
 <LI><a href="#[17]">BusFault_Handler</a> from startup_stm32f10x_md.o(.text) referenced from startup_stm32f10x_md.o(RESET)
 <LI><a href="#[32]">CAN1_RX1_IRQHandler</a> from startup_stm32f10x_md.o(.text) referenced from startup_stm32f10x_md.o(RESET)
 <LI><a href="#[33]">CAN1_SCE_IRQHandler</a> from startup_stm32f10x_md.o(.text) referenced from startup_stm32f10x_md.o(RESET)
 <LI><a href="#[28]">DMA1_Channel1_IRQHandler</a> from startup_stm32f10x_md.o(.text) referenced from startup_stm32f10x_md.o(RESET)
 <LI><a href="#[29]">DMA1_Channel2_IRQHandler</a> from startup_stm32f10x_md.o(.text) referenced from startup_stm32f10x_md.o(RESET)
 <LI><a href="#[2a]">DMA1_Channel3_IRQHandler</a> from startup_stm32f10x_md.o(.text) referenced from startup_stm32f10x_md.o(RESET)
 <LI><a href="#[2b]">DMA1_Channel4_IRQHandler</a> from startup_stm32f10x_md.o(.text) referenced from startup_stm32f10x_md.o(RESET)
 <LI><a href="#[2c]">DMA1_Channel5_IRQHandler</a> from startup_stm32f10x_md.o(.text) referenced from startup_stm32f10x_md.o(RESET)
 <LI><a href="#[2d]">DMA1_Channel6_IRQHandler</a> from startup_stm32f10x_md.o(.text) referenced from startup_stm32f10x_md.o(RESET)
 <LI><a href="#[2e]">DMA1_Channel7_IRQHandler</a> from startup_stm32f10x_md.o(.text) referenced from startup_stm32f10x_md.o(RESET)
 <LI><a href="#[1a]">DebugMon_Handler</a> from startup_stm32f10x_md.o(.text) referenced from startup_stm32f10x_md.o(RESET)
 <LI><a href="#[23]">EXTI0_IRQHandler</a> from exti.o(.text) referenced from startup_stm32f10x_md.o(RESET)
 <LI><a href="#[45]">EXTI15_10_IRQHandler</a> from startup_stm32f10x_md.o(.text) referenced from startup_stm32f10x_md.o(RESET)
 <LI><a href="#[24]">EXTI1_IRQHandler</a> from startup_stm32f10x_md.o(.text) referenced from startup_stm32f10x_md.o(RESET)
 <LI><a href="#[25]">EXTI2_IRQHandler</a> from startup_stm32f10x_md.o(.text) referenced from startup_stm32f10x_md.o(RESET)
 <LI><a href="#[26]">EXTI3_IRQHandler</a> from exti.o(.text) referenced from startup_stm32f10x_md.o(RESET)
 <LI><a href="#[27]">EXTI4_IRQHandler</a> from startup_stm32f10x_md.o(.text) referenced from startup_stm32f10x_md.o(RESET)
 <LI><a href="#[34]">EXTI9_5_IRQHandler</a> from startup_stm32f10x_md.o(.text) referenced from startup_stm32f10x_md.o(RESET)
 <LI><a href="#[21]">FLASH_IRQHandler</a> from startup_stm32f10x_md.o(.text) referenced from startup_stm32f10x_md.o(RESET)
 <LI><a href="#[15]">HardFault_Handler</a> from startup_stm32f10x_md.o(.text) referenced from startup_stm32f10x_md.o(RESET)
 <LI><a href="#[3d]">I2C1_ER_IRQHandler</a> from startup_stm32f10x_md.o(.text) referenced from startup_stm32f10x_md.o(RESET)
 <LI><a href="#[3c]">I2C1_EV_IRQHandler</a> from startup_stm32f10x_md.o(.text) referenced from startup_stm32f10x_md.o(RESET)
 <LI><a href="#[3f]">I2C2_ER_IRQHandler</a> from startup_stm32f10x_md.o(.text) referenced from startup_stm32f10x_md.o(RESET)
 <LI><a href="#[3e]">I2C2_EV_IRQHandler</a> from startup_stm32f10x_md.o(.text) referenced from startup_stm32f10x_md.o(RESET)
 <LI><a href="#[16]">MemManage_Handler</a> from startup_stm32f10x_md.o(.text) referenced from startup_stm32f10x_md.o(RESET)
 <LI><a href="#[14]">NMI_Handler</a> from startup_stm32f10x_md.o(.text) referenced from startup_stm32f10x_md.o(RESET)
 <LI><a href="#[1e]">PVD_IRQHandler</a> from startup_stm32f10x_md.o(.text) referenced from startup_stm32f10x_md.o(RESET)
 <LI><a href="#[1b]">PendSV_Handler</a> from startup_stm32f10x_md.o(.text) referenced from startup_stm32f10x_md.o(RESET)
 <LI><a href="#[22]">RCC_IRQHandler</a> from startup_stm32f10x_md.o(.text) referenced from startup_stm32f10x_md.o(RESET)
 <LI><a href="#[46]">RTCAlarm_IRQHandler</a> from rtc.o(.text) referenced from startup_stm32f10x_md.o(RESET)
 <LI><a href="#[20]">RTC_IRQHandler</a> from rtc.o(.text) referenced from startup_stm32f10x_md.o(RESET)
 <LI><a href="#[13]">Reset_Handler</a> from startup_stm32f10x_md.o(.text) referenced from startup_stm32f10x_md.o(RESET)
 <LI><a href="#[40]">SPI1_IRQHandler</a> from startup_stm32f10x_md.o(.text) referenced from startup_stm32f10x_md.o(RESET)
 <LI><a href="#[41]">SPI2_IRQHandler</a> from startup_stm32f10x_md.o(.text) referenced from startup_stm32f10x_md.o(RESET)
 <LI><a href="#[19]">SVC_Handler</a> from startup_stm32f10x_md.o(.text) referenced from startup_stm32f10x_md.o(RESET)
 <LI><a href="#[1c]">SysTick_Handler</a> from clock.o(.text) referenced from startup_stm32f10x_md.o(RESET)
 <LI><a href="#[1f]">TAMPER_IRQHandler</a> from startup_stm32f10x_md.o(.text) referenced from startup_stm32f10x_md.o(RESET)
 <LI><a href="#[35]">TIM1_BRK_IRQHandler</a> from startup_stm32f10x_md.o(.text) referenced from startup_stm32f10x_md.o(RESET)
 <LI><a href="#[38]">TIM1_CC_IRQHandler</a> from startup_stm32f10x_md.o(.text) referenced from startup_stm32f10x_md.o(RESET)
 <LI><a href="#[37]">TIM1_TRG_COM_IRQHandler</a> from startup_stm32f10x_md.o(.text) referenced from startup_stm32f10x_md.o(RESET)
 <LI><a href="#[36]">TIM1_UP_IRQHandler</a> from startup_stm32f10x_md.o(.text) referenced from startup_stm32f10x_md.o(RESET)
 <LI><a href="#[39]">TIM2_IRQHandler</a> from rtimer-arch.o(.text) referenced from startup_stm32f10x_md.o(RESET)
 <LI><a href="#[3a]">TIM3_IRQHandler</a> from startup_stm32f10x_md.o(.text) referenced from startup_stm32f10x_md.o(RESET)
 <LI><a href="#[3b]">TIM4_IRQHandler</a> from startup_stm32f10x_md.o(.text) referenced from startup_stm32f10x_md.o(RESET)
 <LI><a href="#[42]">USART1_IRQHandler</a> from uart1.o(.text) referenced from startup_stm32f10x_md.o(RESET)
 <LI><a href="#[43]">USART2_IRQHandler</a> from startup_stm32f10x_md.o(.text) referenced from startup_stm32f10x_md.o(RESET)
 <LI><a href="#[44]">USART3_IRQHandler</a> from uart3.o(.text) referenced from startup_stm32f10x_md.o(RESET)
 <LI><a href="#[47]">USBWakeUp_IRQHandler</a> from exti.o(.text) referenced from startup_stm32f10x_md.o(RESET)
 <LI><a href="#[30]">USB_HP_CAN1_TX_IRQHandler</a> from startup_stm32f10x_md.o(.text) referenced from startup_stm32f10x_md.o(RESET)
 <LI><a href="#[31]">USB_LP_CAN1_RX0_IRQHandler</a> from startup_stm32f10x_md.o(.text) referenced from startup_stm32f10x_md.o(RESET)
 <LI><a href="#[18]">UsageFault_Handler</a> from startup_stm32f10x_md.o(.text) referenced from startup_stm32f10x_md.o(RESET)
 <LI><a href="#[1d]">WWDG_IRQHandler</a> from startup_stm32f10x_md.o(.text) referenced from startup_stm32f10x_md.o(RESET)
 <LI><a href="#[49]">__main</a> from entry.o(.ARM.Collect$$$$00000000) referenced from startup_stm32f10x_md.o(.text)
 <LI><a href="#[57]">_sputc</a> from printf8.o(i._sputc) referenced from printf8.o(i.__0sprintf$8)
 <LI><a href="#[f]">best_dag</a> from rpl-mrhof.o(.text) referenced 2 times from rpl-mrhof.o(.data)
 <LI><a href="#[e]">best_parent</a> from rpl-mrhof.o(.text) referenced 2 times from rpl-mrhof.o(.data)
 <LI><a href="#[10]">calculate_rank</a> from rpl-mrhof.o(.text) referenced 2 times from rpl-mrhof.o(.data)
 <LI><a href="#[62]">channel_check_interval</a> from csma.o(.text) referenced 2 times from csma.o(.constdata)
 <LI><a href="#[6e]">channel_clear</a> from cc1200.o(.text) referenced from cc1200.o(.constdata)
 <LI><a href="#[67]">configure</a> from button-sensor.o(.text) referenced from button-sensor.o(.constdata)
 <LI><a href="#[5b]">create</a> from framer-802154.o(.text) referenced from framer-802154.o(.constdata)
 <LI><a href="#[b]">dao_ack_input</a> from rpl-icmp6.o(.text) referenced 2 times from rpl-icmp6.o(.data)
 <LI><a href="#[a]">dao_input</a> from rpl-icmp6.o(.text) referenced 2 times from rpl-icmp6.o(.data)
 <LI><a href="#[9]">dio_input</a> from rpl-icmp6.o(.text) referenced 2 times from rpl-icmp6.o(.data)
 <LI><a href="#[8]">dis_input</a> from rpl-icmp6.o(.text) referenced 2 times from rpl-icmp6.o(.data)
 <LI><a href="#[6]">echo_reply_input</a> from uip-icmp6.o(.text) referenced 2 times from uip-icmp6.o(.data)
 <LI><a href="#[5]">echo_request_input</a> from uip-icmp6.o(.text) referenced 2 times from uip-icmp6.o(.data)
 <LI><a href="#[56]">fputc</a> from dbg.o(.text) referenced from printf8.o(i.__0printf$8)
 <LI><a href="#[75]">get_object</a> from cc1200.o(.text) referenced from cc1200.o(.constdata)
 <LI><a href="#[73]">get_value</a> from cc1200.o(.text) referenced from cc1200.o(.constdata)
 <LI><a href="#[51]">handle_dao_timer</a> from rpl-timers.o(.text) referenced from rpl-timers.o(.text)
 <LI><a href="#[4f]">handle_dio_timer</a> from rpl-timers.o(.text) referenced from rpl-timers.o(.text)
 <LI><a href="#[50]">handle_periodic_timer</a> from rpl-timers.o(.text) referenced from rpl-timers.o(.text)
 <LI><a href="#[53]">handle_probing_timer</a> from rpl-timers.o(.text) referenced from rpl-timers.o(.text)
 <LI><a href="#[52]">handle_unicast_dio_timer</a> from rpl-timers.o(.text) referenced from rpl-timers.o(.text)
 <LI><a href="#[5a]">hdr_length</a> from framer-802154.o(.text) referenced from framer-802154.o(.constdata)
 <LI><a href="#[5d]">init</a> from csma.o(.text) referenced 4 times from csma.o(.constdata)
 <LI><a href="#[59]">input</a> from sicslowpan.o(.text) referenced 2 times from sicslowpan.o(.constdata)
 <LI><a href="#[5f]">input_packet</a> from csma.o(.text) referenced 2 times from csma.o(.constdata)
 <LI><a href="#[48]">main</a> from main.o(.text) referenced from entry9a.o(.ARM.Collect$$$$0000000B)
 <LI><a href="#[4e]">nbr_callback</a> from rpl-dag.o(.text) referenced from rpl-dag.o(.text)
 <LI><a href="#[d]">neighbor_link_callback</a> from rpl-mrhof.o(.text) referenced 2 times from rpl-mrhof.o(.data)
 <LI><a href="#[61]">off</a> from csma.o(.text) referenced 3 times from csma.o(.constdata)
 <LI><a href="#[60]">on</a> from csma.o(.text) referenced 3 times from csma.o(.constdata)
 <LI><a href="#[4b]">output</a> from sicslowpan.o(.text) referenced from sicslowpan.o(.text)
 <LI><a href="#[4a]">packet_sent</a> from sicslowpan.o(.text) referenced 2 times from sicslowpan.o(.text)
 <LI><a href="#[4d]">packet_timedout</a> from uip-packetqueue.o(.text) referenced from uip-packetqueue.o(.text)
 <LI><a href="#[5c]">parse</a> from framer-802154.o(.text) referenced from framer-802154.o(.constdata)
 <LI><a href="#[70]">pending_packet</a> from cc1200.o(.text) referenced from cc1200.o(.constdata)
 <LI><a href="#[6a]">prepare</a> from cc1200.o(.text) referenced from cc1200.o(.constdata)
 <LI><a href="#[12]">process_thread_cc1200_process</a> from cc1200.o(.text) referenced 2 times from cc1200.o(.data)
 <LI><a href="#[4]">process_thread_ctimer_process</a> from ctimer.o(.text) referenced 2 times from ctimer.o(.data)
 <LI><a href="#[3]">process_thread_etimer_process</a> from etimer.o(.text) referenced 2 times from etimer.o(.data)
 <LI><a href="#[2]">process_thread_hello_world_process1</a> from hello-world1.o(.text) referenced 2 times from hello-world1.o(.data)
 <LI><a href="#[0]">process_thread_hello_world_process2</a> from hello-world1.o(.text) referenced 2 times from hello-world1.o(.data)
 <LI><a href="#[1]">process_thread_hello_world_process3</a> from hello-world1.o(.text) referenced 2 times from hello-world1.o(.data)
 <LI><a href="#[7]">process_thread_tcpip_process</a> from tcpip.o(.text) referenced 2 times from tcpip.o(.data)
 <LI><a href="#[6d]">read</a> from cc1200.o(.text) referenced from cc1200.o(.constdata)
 <LI><a href="#[6f]">receiving_packet</a> from cc1200.o(.text) referenced from cc1200.o(.constdata)
 <LI><a href="#[c]">reset</a> from rpl-mrhof.o(.text) referenced 2 times from rpl-mrhof.o(.data)
 <LI><a href="#[4c]">rm_routelist_callback</a> from uip-ds6-route.o(.text) referenced from uip-ds6-route.o(.text)
 <LI><a href="#[64]">send</a> from nullsec.o(.text) referenced 2 times from nullsec.o(.constdata)
 <LI><a href="#[79]">send_list</a> from sicslowmac.o(.text) referenced from sicslowmac.o(.constdata)
 <LI><a href="#[5e]">send_packet</a> from csma.o(.text) referenced 2 times from csma.o(.constdata)
 <LI><a href="#[76]">set_object</a> from cc1200.o(.text) referenced from cc1200.o(.constdata)
 <LI><a href="#[74]">set_value</a> from cc1200.o(.text) referenced from cc1200.o(.constdata)
 <LI><a href="#[58]">sicslowpan_init</a> from sicslowpan.o(.text) referenced from sicslowpan.o(.constdata)
 <LI><a href="#[68]">status</a> from button-sensor.o(.text) referenced from button-sensor.o(.constdata)
 <LI><a href="#[6b]">transmit</a> from cc1200.o(.text) referenced from cc1200.o(.constdata)
 <LI><a href="#[54]">transmit_packet_list</a> from csma.o(.text) referenced 2 times from csma.o(.text)
 <LI><a href="#[17f]">uip_ds6_nbr_rm</a> from uip-ds6-nbr.o(.text) referenced from uip-ds6-nbr.o(.text)
 <LI><a href="#[11]">update_metric_container</a> from rpl-mrhof.o(.text) referenced 2 times from rpl-mrhof.o(.data)
 <LI><a href="#[66]">value</a> from button-sensor.o(.text) referenced from button-sensor.o(.constdata)
</UL>
<P>
<H3>
Global Symbols
</H3>
<P><STRONG><a name="[49]"></a>__main</STRONG> (Thumb, 0 bytes, Stack size unknown bytes, entry.o(.ARM.Collect$$$$00000000))
<BR>[Address Reference Count : 1]<UL><LI> startup_stm32f10x_md.o(.text)
</UL>
<P><STRONG><a name="[243]"></a>_main_stk</STRONG> (Thumb, 0 bytes, Stack size unknown bytes, entry2.o(.ARM.Collect$$$$00000001))

<P><STRONG><a name="[7e]"></a>_main_scatterload</STRONG> (Thumb, 0 bytes, Stack size unknown bytes, entry5.o(.ARM.Collect$$$$00000004))
<BR><BR>[Calls]<UL><LI><a href="#[7f]">&gt;&gt;</a>&nbsp;&nbsp;&nbsp;__scatterload
</UL>

<P><STRONG><a name="[23d]"></a>__main_after_scatterload</STRONG> (Thumb, 0 bytes, Stack size unknown bytes, entry5.o(.ARM.Collect$$$$00000004))
<BR><BR>[Called By]<UL><LI><a href="#[7f]">&gt;&gt;</a>&nbsp;&nbsp;&nbsp;__scatterload
</UL>

<P><STRONG><a name="[244]"></a>_main_clock</STRONG> (Thumb, 0 bytes, Stack size unknown bytes, entry7b.o(.ARM.Collect$$$$00000008))

<P><STRONG><a name="[245]"></a>_main_cpp_init</STRONG> (Thumb, 0 bytes, Stack size unknown bytes, entry8b.o(.ARM.Collect$$$$0000000A))

<P><STRONG><a name="[246]"></a>_main_init</STRONG> (Thumb, 0 bytes, Stack size unknown bytes, entry9a.o(.ARM.Collect$$$$0000000B))

<P><STRONG><a name="[247]"></a>__rt_final_cpp</STRONG> (Thumb, 0 bytes, Stack size unknown bytes, entry10a.o(.ARM.Collect$$$$0000000D))

<P><STRONG><a name="[248]"></a>__rt_final_exit</STRONG> (Thumb, 0 bytes, Stack size unknown bytes, entry11a.o(.ARM.Collect$$$$0000000F))

<P><STRONG><a name="[80]"></a>rng_get_uint8</STRONG> (Thumb, 64 bytes, Stack size 16 bytes, main.o(.text))
<BR><BR>[Stack]<UL><LI>Max Depth = 40<LI>Call Chain = rng_get_uint8 &rArr; __2printf
</UL>
<BR>[Calls]<UL><LI><a href="#[82]">&gt;&gt;</a>&nbsp;&nbsp;&nbsp;StartADC
<LI><a href="#[81]">&gt;&gt;</a>&nbsp;&nbsp;&nbsp;AMPM_ADC_Init
<LI><a href="#[83]">&gt;&gt;</a>&nbsp;&nbsp;&nbsp;__2printf
</UL>
<BR>[Called By]<UL><LI><a href="#[87]">&gt;&gt;</a>&nbsp;&nbsp;&nbsp;initialize
</UL>

<P><STRONG><a name="[87]"></a>initialize</STRONG> (Thumb, 240 bytes, Stack size 40 bytes, main.o(.text))
<BR><BR>[Stack]<UL><LI>Max Depth = 136<LI>Call Chain = initialize &rArr; ctimer_init &rArr; process_start &rArr; process_post_synch &rArr; call_process &rArr; exit_process &rArr;  call_process (Cycle)
</UL>
<BR>[Calls]<UL><LI><a href="#[8e]">&gt;&gt;</a>&nbsp;&nbsp;&nbsp;rtimer_init
<LI><a href="#[92]">&gt;&gt;</a>&nbsp;&nbsp;&nbsp;random_init
<LI><a href="#[95]">&gt;&gt;</a>&nbsp;&nbsp;&nbsp;queuebuf_init
<LI><a href="#[90]">&gt;&gt;</a>&nbsp;&nbsp;&nbsp;process_start
<LI><a href="#[8f]">&gt;&gt;</a>&nbsp;&nbsp;&nbsp;process_init
<LI><a href="#[93]">&gt;&gt;</a>&nbsp;&nbsp;&nbsp;params_get_eui64
<LI><a href="#[94]">&gt;&gt;</a>&nbsp;&nbsp;&nbsp;linkaddr_set_node_addr
<LI><a href="#[8c]">&gt;&gt;</a>&nbsp;&nbsp;&nbsp;leds_init
<LI><a href="#[91]">&gt;&gt;</a>&nbsp;&nbsp;&nbsp;ctimer_init
<LI><a href="#[8d]">&gt;&gt;</a>&nbsp;&nbsp;&nbsp;clock_init
<LI><a href="#[8b]">&gt;&gt;</a>&nbsp;&nbsp;&nbsp;USART3_Init
<LI><a href="#[88]">&gt;&gt;</a>&nbsp;&nbsp;&nbsp;SystemInit
<LI><a href="#[8a]">&gt;&gt;</a>&nbsp;&nbsp;&nbsp;RTC_Init
<LI><a href="#[89]">&gt;&gt;</a>&nbsp;&nbsp;&nbsp;EXTI_Init
<LI><a href="#[80]">&gt;&gt;</a>&nbsp;&nbsp;&nbsp;rng_get_uint8
<LI><a href="#[83]">&gt;&gt;</a>&nbsp;&nbsp;&nbsp;__2printf
</UL>
<BR>[Called By]<UL><LI><a href="#[48]">&gt;&gt;</a>&nbsp;&nbsp;&nbsp;main
</UL>

<P><STRONG><a name="[48]"></a>main</STRONG> (Thumb, 286 bytes, Stack size 0 bytes, main.o(.text))
<BR><BR>[Stack]<UL><LI>Max Depth = 136<LI>Call Chain = main &rArr; initialize &rArr; ctimer_init &rArr; process_start &rArr; process_post_synch &rArr; call_process &rArr; exit_process &rArr;  call_process (Cycle)
</UL>
<BR>[Calls]<UL><LI><a href="#[97]">&gt;&gt;</a>&nbsp;&nbsp;&nbsp;watchdog_periodic
<LI><a href="#[9d]">&gt;&gt;</a>&nbsp;&nbsp;&nbsp;uip_ds6_route_nexthop
<LI><a href="#[9e]">&gt;&gt;</a>&nbsp;&nbsp;&nbsp;uip_ds6_route_next
<LI><a href="#[9c]">&gt;&gt;</a>&nbsp;&nbsp;&nbsp;uip_ds6_route_head
<LI><a href="#[96]">&gt;&gt;</a>&nbsp;&nbsp;&nbsp;process_run
<LI><a href="#[99]">&gt;&gt;</a>&nbsp;&nbsp;&nbsp;print_stats
<LI><a href="#[9b]">&gt;&gt;</a>&nbsp;&nbsp;&nbsp;nbr_table_next
<LI><a href="#[9a]">&gt;&gt;</a>&nbsp;&nbsp;&nbsp;nbr_table_head
<LI><a href="#[98]">&gt;&gt;</a>&nbsp;&nbsp;&nbsp;clock_seconds
<LI><a href="#[87]">&gt;&gt;</a>&nbsp;&nbsp;&nbsp;initialize
<LI><a href="#[84]">&gt;&gt;</a>&nbsp;&nbsp;&nbsp;ipaddr_add
<LI><a href="#[83]">&gt;&gt;</a>&nbsp;&nbsp;&nbsp;__2printf
</UL>
<BR>[Address Reference Count : 1]<UL><LI> entry9a.o(.ARM.Collect$$$$0000000B)
</UL>
<P><STRONG><a name="[a3]"></a>uip_log</STRONG> (Thumb, 14 bytes, Stack size 8 bytes, uip-log.o(.text))
<BR><BR>[Stack]<UL><LI>Max Depth = 32<LI>Call Chain = uip_log &rArr; __2printf
</UL>
<BR>[Calls]<UL><LI><a href="#[83]">&gt;&gt;</a>&nbsp;&nbsp;&nbsp;__2printf
</UL>
<BR>[Called By]<UL><LI><a href="#[189]">&gt;&gt;</a>&nbsp;&nbsp;&nbsp;tcpip_output
<LI><a href="#[162]">&gt;&gt;</a>&nbsp;&nbsp;&nbsp;tcpip_ipv6_output
<LI><a href="#[11f]">&gt;&gt;</a>&nbsp;&nbsp;&nbsp;uip_process
</UL>

<P><STRONG><a name="[13]"></a>Reset_Handler</STRONG> (Thumb, 4 bytes, Stack size 0 bytes, startup_stm32f10x_md.o(.text))
<BR>[Address Reference Count : 1]<UL><LI> startup_stm32f10x_md.o(RESET)
</UL>
<P><STRONG><a name="[14]"></a>NMI_Handler</STRONG> (Thumb, 2 bytes, Stack size 0 bytes, startup_stm32f10x_md.o(.text))
<BR><BR>[Calls]<UL><LI><a href="#[14]">&gt;&gt;</a>&nbsp;&nbsp;&nbsp;NMI_Handler
</UL>
<BR>[Called By]<UL><LI><a href="#[14]">&gt;&gt;</a>&nbsp;&nbsp;&nbsp;NMI_Handler
</UL>
<BR>[Address Reference Count : 1]<UL><LI> startup_stm32f10x_md.o(RESET)
</UL>
<P><STRONG><a name="[15]"></a>HardFault_Handler</STRONG> (Thumb, 2 bytes, Stack size 0 bytes, startup_stm32f10x_md.o(.text))
<BR><BR>[Calls]<UL><LI><a href="#[15]">&gt;&gt;</a>&nbsp;&nbsp;&nbsp;HardFault_Handler
</UL>
<BR>[Called By]<UL><LI><a href="#[15]">&gt;&gt;</a>&nbsp;&nbsp;&nbsp;HardFault_Handler
</UL>
<BR>[Address Reference Count : 1]<UL><LI> startup_stm32f10x_md.o(RESET)
</UL>
<P><STRONG><a name="[16]"></a>MemManage_Handler</STRONG> (Thumb, 2 bytes, Stack size 0 bytes, startup_stm32f10x_md.o(.text))
<BR><BR>[Calls]<UL><LI><a href="#[16]">&gt;&gt;</a>&nbsp;&nbsp;&nbsp;MemManage_Handler
</UL>
<BR>[Called By]<UL><LI><a href="#[16]">&gt;&gt;</a>&nbsp;&nbsp;&nbsp;MemManage_Handler
</UL>
<BR>[Address Reference Count : 1]<UL><LI> startup_stm32f10x_md.o(RESET)
</UL>
<P><STRONG><a name="[17]"></a>BusFault_Handler</STRONG> (Thumb, 2 bytes, Stack size 0 bytes, startup_stm32f10x_md.o(.text))
<BR><BR>[Calls]<UL><LI><a href="#[17]">&gt;&gt;</a>&nbsp;&nbsp;&nbsp;BusFault_Handler
</UL>
<BR>[Called By]<UL><LI><a href="#[17]">&gt;&gt;</a>&nbsp;&nbsp;&nbsp;BusFault_Handler
</UL>
<BR>[Address Reference Count : 1]<UL><LI> startup_stm32f10x_md.o(RESET)
</UL>
<P><STRONG><a name="[18]"></a>UsageFault_Handler</STRONG> (Thumb, 2 bytes, Stack size 0 bytes, startup_stm32f10x_md.o(.text))
<BR><BR>[Calls]<UL><LI><a href="#[18]">&gt;&gt;</a>&nbsp;&nbsp;&nbsp;UsageFault_Handler
</UL>
<BR>[Called By]<UL><LI><a href="#[18]">&gt;&gt;</a>&nbsp;&nbsp;&nbsp;UsageFault_Handler
</UL>
<BR>[Address Reference Count : 1]<UL><LI> startup_stm32f10x_md.o(RESET)
</UL>
<P><STRONG><a name="[19]"></a>SVC_Handler</STRONG> (Thumb, 2 bytes, Stack size 0 bytes, startup_stm32f10x_md.o(.text))
<BR><BR>[Calls]<UL><LI><a href="#[19]">&gt;&gt;</a>&nbsp;&nbsp;&nbsp;SVC_Handler
</UL>
<BR>[Called By]<UL><LI><a href="#[19]">&gt;&gt;</a>&nbsp;&nbsp;&nbsp;SVC_Handler
</UL>
<BR>[Address Reference Count : 1]<UL><LI> startup_stm32f10x_md.o(RESET)
</UL>
<P><STRONG><a name="[1a]"></a>DebugMon_Handler</STRONG> (Thumb, 2 bytes, Stack size 0 bytes, startup_stm32f10x_md.o(.text))
<BR><BR>[Calls]<UL><LI><a href="#[1a]">&gt;&gt;</a>&nbsp;&nbsp;&nbsp;DebugMon_Handler
</UL>
<BR>[Called By]<UL><LI><a href="#[1a]">&gt;&gt;</a>&nbsp;&nbsp;&nbsp;DebugMon_Handler
</UL>
<BR>[Address Reference Count : 1]<UL><LI> startup_stm32f10x_md.o(RESET)
</UL>
<P><STRONG><a name="[1b]"></a>PendSV_Handler</STRONG> (Thumb, 2 bytes, Stack size 0 bytes, startup_stm32f10x_md.o(.text))
<BR><BR>[Calls]<UL><LI><a href="#[1b]">&gt;&gt;</a>&nbsp;&nbsp;&nbsp;PendSV_Handler
</UL>
<BR>[Called By]<UL><LI><a href="#[1b]">&gt;&gt;</a>&nbsp;&nbsp;&nbsp;PendSV_Handler
</UL>
<BR>[Address Reference Count : 1]<UL><LI> startup_stm32f10x_md.o(RESET)
</UL>
<P><STRONG><a name="[32]"></a>CAN1_RX1_IRQHandler</STRONG> (Thumb, 0 bytes, Stack size 0 bytes, startup_stm32f10x_md.o(.text))
<BR><BR>[Calls]<UL><LI><a href="#[32]">&gt;&gt;</a>&nbsp;&nbsp;&nbsp;CAN1_RX1_IRQHandler
</UL>
<BR>[Called By]<UL><LI><a href="#[32]">&gt;&gt;</a>&nbsp;&nbsp;&nbsp;CAN1_RX1_IRQHandler
</UL>
<BR>[Address Reference Count : 1]<UL><LI> startup_stm32f10x_md.o(RESET)
</UL>
<P><STRONG><a name="[33]"></a>CAN1_SCE_IRQHandler</STRONG> (Thumb, 0 bytes, Stack size 0 bytes, startup_stm32f10x_md.o(.text))
<BR>[Address Reference Count : 1]<UL><LI> startup_stm32f10x_md.o(RESET)
</UL>
<P><STRONG><a name="[28]"></a>DMA1_Channel1_IRQHandler</STRONG> (Thumb, 0 bytes, Stack size 0 bytes, startup_stm32f10x_md.o(.text))
<BR>[Address Reference Count : 1]<UL><LI> startup_stm32f10x_md.o(RESET)
</UL>
<P><STRONG><a name="[29]"></a>DMA1_Channel2_IRQHandler</STRONG> (Thumb, 0 bytes, Stack size 0 bytes, startup_stm32f10x_md.o(.text))
<BR>[Address Reference Count : 1]<UL><LI> startup_stm32f10x_md.o(RESET)
</UL>
<P><STRONG><a name="[2a]"></a>DMA1_Channel3_IRQHandler</STRONG> (Thumb, 0 bytes, Stack size 0 bytes, startup_stm32f10x_md.o(.text))
<BR>[Address Reference Count : 1]<UL><LI> startup_stm32f10x_md.o(RESET)
</UL>
<P><STRONG><a name="[2b]"></a>DMA1_Channel4_IRQHandler</STRONG> (Thumb, 0 bytes, Stack size 0 bytes, startup_stm32f10x_md.o(.text))
<BR>[Address Reference Count : 1]<UL><LI> startup_stm32f10x_md.o(RESET)
</UL>
<P><STRONG><a name="[2c]"></a>DMA1_Channel5_IRQHandler</STRONG> (Thumb, 0 bytes, Stack size 0 bytes, startup_stm32f10x_md.o(.text))
<BR>[Address Reference Count : 1]<UL><LI> startup_stm32f10x_md.o(RESET)
</UL>
<P><STRONG><a name="[2d]"></a>DMA1_Channel6_IRQHandler</STRONG> (Thumb, 0 bytes, Stack size 0 bytes, startup_stm32f10x_md.o(.text))
<BR>[Address Reference Count : 1]<UL><LI> startup_stm32f10x_md.o(RESET)
</UL>
<P><STRONG><a name="[2e]"></a>DMA1_Channel7_IRQHandler</STRONG> (Thumb, 0 bytes, Stack size 0 bytes, startup_stm32f10x_md.o(.text))
<BR>[Address Reference Count : 1]<UL><LI> startup_stm32f10x_md.o(RESET)
</UL>
<P><STRONG><a name="[45]"></a>EXTI15_10_IRQHandler</STRONG> (Thumb, 0 bytes, Stack size 0 bytes, startup_stm32f10x_md.o(.text))
<BR>[Address Reference Count : 1]<UL><LI> startup_stm32f10x_md.o(RESET)
</UL>
<P><STRONG><a name="[24]"></a>EXTI1_IRQHandler</STRONG> (Thumb, 0 bytes, Stack size 0 bytes, startup_stm32f10x_md.o(.text))
<BR>[Address Reference Count : 1]<UL><LI> startup_stm32f10x_md.o(RESET)
</UL>
<P><STRONG><a name="[25]"></a>EXTI2_IRQHandler</STRONG> (Thumb, 0 bytes, Stack size 0 bytes, startup_stm32f10x_md.o(.text))
<BR>[Address Reference Count : 1]<UL><LI> startup_stm32f10x_md.o(RESET)
</UL>
<P><STRONG><a name="[27]"></a>EXTI4_IRQHandler</STRONG> (Thumb, 0 bytes, Stack size 0 bytes, startup_stm32f10x_md.o(.text))
<BR>[Address Reference Count : 1]<UL><LI> startup_stm32f10x_md.o(RESET)
</UL>
<P><STRONG><a name="[34]"></a>EXTI9_5_IRQHandler</STRONG> (Thumb, 0 bytes, Stack size 0 bytes, startup_stm32f10x_md.o(.text))
<BR>[Address Reference Count : 1]<UL><LI> startup_stm32f10x_md.o(RESET)
</UL>
<P><STRONG><a name="[21]"></a>FLASH_IRQHandler</STRONG> (Thumb, 0 bytes, Stack size 0 bytes, startup_stm32f10x_md.o(.text))
<BR>[Address Reference Count : 1]<UL><LI> startup_stm32f10x_md.o(RESET)
</UL>
<P><STRONG><a name="[3d]"></a>I2C1_ER_IRQHandler</STRONG> (Thumb, 0 bytes, Stack size 0 bytes, startup_stm32f10x_md.o(.text))
<BR>[Address Reference Count : 1]<UL><LI> startup_stm32f10x_md.o(RESET)
</UL>
<P><STRONG><a name="[3c]"></a>I2C1_EV_IRQHandler</STRONG> (Thumb, 0 bytes, Stack size 0 bytes, startup_stm32f10x_md.o(.text))
<BR>[Address Reference Count : 1]<UL><LI> startup_stm32f10x_md.o(RESET)
</UL>
<P><STRONG><a name="[3f]"></a>I2C2_ER_IRQHandler</STRONG> (Thumb, 0 bytes, Stack size 0 bytes, startup_stm32f10x_md.o(.text))
<BR>[Address Reference Count : 1]<UL><LI> startup_stm32f10x_md.o(RESET)
</UL>
<P><STRONG><a name="[3e]"></a>I2C2_EV_IRQHandler</STRONG> (Thumb, 0 bytes, Stack size 0 bytes, startup_stm32f10x_md.o(.text))
<BR>[Address Reference Count : 1]<UL><LI> startup_stm32f10x_md.o(RESET)
</UL>
<P><STRONG><a name="[1e]"></a>PVD_IRQHandler</STRONG> (Thumb, 0 bytes, Stack size 0 bytes, startup_stm32f10x_md.o(.text))
<BR>[Address Reference Count : 1]<UL><LI> startup_stm32f10x_md.o(RESET)
</UL>
<P><STRONG><a name="[22]"></a>RCC_IRQHandler</STRONG> (Thumb, 0 bytes, Stack size 0 bytes, startup_stm32f10x_md.o(.text))
<BR>[Address Reference Count : 1]<UL><LI> startup_stm32f10x_md.o(RESET)
</UL>
<P><STRONG><a name="[40]"></a>SPI1_IRQHandler</STRONG> (Thumb, 0 bytes, Stack size 0 bytes, startup_stm32f10x_md.o(.text))
<BR>[Address Reference Count : 1]<UL><LI> startup_stm32f10x_md.o(RESET)
</UL>
<P><STRONG><a name="[41]"></a>SPI2_IRQHandler</STRONG> (Thumb, 0 bytes, Stack size 0 bytes, startup_stm32f10x_md.o(.text))
<BR>[Address Reference Count : 1]<UL><LI> startup_stm32f10x_md.o(RESET)
</UL>
<P><STRONG><a name="[1f]"></a>TAMPER_IRQHandler</STRONG> (Thumb, 0 bytes, Stack size 0 bytes, startup_stm32f10x_md.o(.text))
<BR>[Address Reference Count : 1]<UL><LI> startup_stm32f10x_md.o(RESET)
</UL>
<P><STRONG><a name="[35]"></a>TIM1_BRK_IRQHandler</STRONG> (Thumb, 0 bytes, Stack size 0 bytes, startup_stm32f10x_md.o(.text))
<BR>[Address Reference Count : 1]<UL><LI> startup_stm32f10x_md.o(RESET)
</UL>
<P><STRONG><a name="[38]"></a>TIM1_CC_IRQHandler</STRONG> (Thumb, 0 bytes, Stack size 0 bytes, startup_stm32f10x_md.o(.text))
<BR>[Address Reference Count : 1]<UL><LI> startup_stm32f10x_md.o(RESET)
</UL>
<P><STRONG><a name="[37]"></a>TIM1_TRG_COM_IRQHandler</STRONG> (Thumb, 0 bytes, Stack size 0 bytes, startup_stm32f10x_md.o(.text))
<BR>[Address Reference Count : 1]<UL><LI> startup_stm32f10x_md.o(RESET)
</UL>
<P><STRONG><a name="[36]"></a>TIM1_UP_IRQHandler</STRONG> (Thumb, 0 bytes, Stack size 0 bytes, startup_stm32f10x_md.o(.text))
<BR>[Address Reference Count : 1]<UL><LI> startup_stm32f10x_md.o(RESET)
</UL>
<P><STRONG><a name="[3a]"></a>TIM3_IRQHandler</STRONG> (Thumb, 0 bytes, Stack size 0 bytes, startup_stm32f10x_md.o(.text))
<BR>[Address Reference Count : 1]<UL><LI> startup_stm32f10x_md.o(RESET)
</UL>
<P><STRONG><a name="[3b]"></a>TIM4_IRQHandler</STRONG> (Thumb, 0 bytes, Stack size 0 bytes, startup_stm32f10x_md.o(.text))
<BR>[Address Reference Count : 1]<UL><LI> startup_stm32f10x_md.o(RESET)
</UL>
<P><STRONG><a name="[43]"></a>USART2_IRQHandler</STRONG> (Thumb, 0 bytes, Stack size 0 bytes, startup_stm32f10x_md.o(.text))
<BR>[Address Reference Count : 1]<UL><LI> startup_stm32f10x_md.o(RESET)
</UL>
<P><STRONG><a name="[30]"></a>USB_HP_CAN1_TX_IRQHandler</STRONG> (Thumb, 0 bytes, Stack size 0 bytes, startup_stm32f10x_md.o(.text))
<BR>[Address Reference Count : 1]<UL><LI> startup_stm32f10x_md.o(RESET)
</UL>
<P><STRONG><a name="[31]"></a>USB_LP_CAN1_RX0_IRQHandler</STRONG> (Thumb, 0 bytes, Stack size 0 bytes, startup_stm32f10x_md.o(.text))
<BR>[Address Reference Count : 1]<UL><LI> startup_stm32f10x_md.o(RESET)
</UL>
<P><STRONG><a name="[1d]"></a>WWDG_IRQHandler</STRONG> (Thumb, 0 bytes, Stack size 0 bytes, startup_stm32f10x_md.o(.text))
<BR>[Address Reference Count : 1]<UL><LI> startup_stm32f10x_md.o(RESET)
</UL>
<P><STRONG><a name="[88]"></a>SystemInit</STRONG> (Thumb, 78 bytes, Stack size 8 bytes, system_stm32f10x.o(.text))
<BR><BR>[Stack]<UL><LI>Max Depth = 28<LI>Call Chain = SystemInit &rArr; SetSysClock &rArr; SetSysClockTo48
</UL>
<BR>[Calls]<UL><LI><a href="#[a4]">&gt;&gt;</a>&nbsp;&nbsp;&nbsp;SetSysClock
</UL>
<BR>[Called By]<UL><LI><a href="#[87]">&gt;&gt;</a>&nbsp;&nbsp;&nbsp;initialize
</UL>

<P><STRONG><a name="[249]"></a>SystemCoreClockUpdate</STRONG> (Thumb, 142 bytes, Stack size 8 bytes, system_stm32f10x.o(.text), UNUSED)

<P><STRONG><a name="[a6]"></a>GPIO_DeInit</STRONG> (Thumb, 172 bytes, Stack size 8 bytes, stm32f10x_gpio.o(.text), UNUSED)
<BR><BR>[Calls]<UL><LI><a href="#[a7]">&gt;&gt;</a>&nbsp;&nbsp;&nbsp;RCC_APB2PeriphResetCmd
</UL>

<P><STRONG><a name="[a8]"></a>GPIO_AFIODeInit</STRONG> (Thumb, 20 bytes, Stack size 8 bytes, stm32f10x_gpio.o(.text), UNUSED)
<BR><BR>[Calls]<UL><LI><a href="#[a7]">&gt;&gt;</a>&nbsp;&nbsp;&nbsp;RCC_APB2PeriphResetCmd
</UL>

<P><STRONG><a name="[21d]"></a>GPIO_Init</STRONG> (Thumb, 274 bytes, Stack size 24 bytes, stm32f10x_gpio.o(.text))
<BR><BR>[Stack]<UL><LI>Max Depth = 24<LI>Call Chain = GPIO_Init
</UL>
<BR>[Called By]<UL><LI><a href="#[218]">&gt;&gt;</a>&nbsp;&nbsp;&nbsp;BSP_PB_Init
</UL>

<P><STRONG><a name="[24a]"></a>GPIO_StructInit</STRONG> (Thumb, 16 bytes, Stack size 0 bytes, stm32f10x_gpio.o(.text), UNUSED)

<P><STRONG><a name="[21e]"></a>GPIO_ReadInputDataBit</STRONG> (Thumb, 18 bytes, Stack size 0 bytes, stm32f10x_gpio.o(.text))
<BR><BR>[Called By]<UL><LI><a href="#[219]">&gt;&gt;</a>&nbsp;&nbsp;&nbsp;BSP_PB_GetState
</UL>

<P><STRONG><a name="[24b]"></a>GPIO_ReadInputData</STRONG> (Thumb, 8 bytes, Stack size 0 bytes, stm32f10x_gpio.o(.text), UNUSED)

<P><STRONG><a name="[24c]"></a>GPIO_ReadOutputDataBit</STRONG> (Thumb, 18 bytes, Stack size 0 bytes, stm32f10x_gpio.o(.text), UNUSED)

<P><STRONG><a name="[24d]"></a>GPIO_ReadOutputData</STRONG> (Thumb, 8 bytes, Stack size 0 bytes, stm32f10x_gpio.o(.text), UNUSED)

<P><STRONG><a name="[24e]"></a>GPIO_SetBits</STRONG> (Thumb, 4 bytes, Stack size 0 bytes, stm32f10x_gpio.o(.text), UNUSED)

<P><STRONG><a name="[24f]"></a>GPIO_ResetBits</STRONG> (Thumb, 4 bytes, Stack size 0 bytes, stm32f10x_gpio.o(.text), UNUSED)

<P><STRONG><a name="[250]"></a>GPIO_WriteBit</STRONG> (Thumb, 10 bytes, Stack size 0 bytes, stm32f10x_gpio.o(.text), UNUSED)

<P><STRONG><a name="[251]"></a>GPIO_Write</STRONG> (Thumb, 4 bytes, Stack size 0 bytes, stm32f10x_gpio.o(.text), UNUSED)

<P><STRONG><a name="[252]"></a>GPIO_PinLockConfig</STRONG> (Thumb, 18 bytes, Stack size 0 bytes, stm32f10x_gpio.o(.text), UNUSED)

<P><STRONG><a name="[253]"></a>GPIO_EventOutputConfig</STRONG> (Thumb, 26 bytes, Stack size 0 bytes, stm32f10x_gpio.o(.text), UNUSED)

<P><STRONG><a name="[254]"></a>GPIO_EventOutputCmd</STRONG> (Thumb, 6 bytes, Stack size 0 bytes, stm32f10x_gpio.o(.text), UNUSED)

<P><STRONG><a name="[255]"></a>GPIO_PinRemapConfig</STRONG> (Thumb, 138 bytes, Stack size 20 bytes, stm32f10x_gpio.o(.text), UNUSED)

<P><STRONG><a name="[256]"></a>GPIO_EXTILineConfig</STRONG> (Thumb, 66 bytes, Stack size 12 bytes, stm32f10x_gpio.o(.text), UNUSED)

<P><STRONG><a name="[257]"></a>GPIO_ETH_MediaInterfaceConfig</STRONG> (Thumb, 6 bytes, Stack size 0 bytes, stm32f10x_gpio.o(.text), UNUSED)

<P><STRONG><a name="[258]"></a>RCC_DeInit</STRONG> (Thumb, 64 bytes, Stack size 0 bytes, stm32f10x_rcc.o(.text), UNUSED)

<P><STRONG><a name="[259]"></a>RCC_HSEConfig</STRONG> (Thumb, 70 bytes, Stack size 0 bytes, stm32f10x_rcc.o(.text), UNUSED)

<P><STRONG><a name="[aa]"></a>RCC_GetFlagStatus</STRONG> (Thumb, 56 bytes, Stack size 8 bytes, stm32f10x_rcc.o(.text), UNUSED)
<BR><BR>[Called By]<UL><LI><a href="#[a9]">&gt;&gt;</a>&nbsp;&nbsp;&nbsp;RCC_WaitForHSEStartUp
</UL>

<P><STRONG><a name="[a9]"></a>RCC_WaitForHSEStartUp</STRONG> (Thumb, 56 bytes, Stack size 16 bytes, stm32f10x_rcc.o(.text), UNUSED)
<BR><BR>[Calls]<UL><LI><a href="#[aa]">&gt;&gt;</a>&nbsp;&nbsp;&nbsp;RCC_GetFlagStatus
</UL>

<P><STRONG><a name="[25a]"></a>RCC_AdjustHSICalibrationValue</STRONG> (Thumb, 20 bytes, Stack size 0 bytes, stm32f10x_rcc.o(.text), UNUSED)

<P><STRONG><a name="[25b]"></a>RCC_HSICmd</STRONG> (Thumb, 6 bytes, Stack size 0 bytes, stm32f10x_rcc.o(.text), UNUSED)

<P><STRONG><a name="[25c]"></a>RCC_PLLConfig</STRONG> (Thumb, 24 bytes, Stack size 0 bytes, stm32f10x_rcc.o(.text), UNUSED)

<P><STRONG><a name="[25d]"></a>RCC_PLLCmd</STRONG> (Thumb, 6 bytes, Stack size 0 bytes, stm32f10x_rcc.o(.text), UNUSED)

<P><STRONG><a name="[25e]"></a>RCC_SYSCLKConfig</STRONG> (Thumb, 18 bytes, Stack size 0 bytes, stm32f10x_rcc.o(.text), UNUSED)

<P><STRONG><a name="[25f]"></a>RCC_GetSYSCLKSource</STRONG> (Thumb, 10 bytes, Stack size 0 bytes, stm32f10x_rcc.o(.text), UNUSED)

<P><STRONG><a name="[260]"></a>RCC_HCLKConfig</STRONG> (Thumb, 18 bytes, Stack size 0 bytes, stm32f10x_rcc.o(.text), UNUSED)

<P><STRONG><a name="[261]"></a>RCC_PCLK1Config</STRONG> (Thumb, 18 bytes, Stack size 0 bytes, stm32f10x_rcc.o(.text), UNUSED)

<P><STRONG><a name="[262]"></a>RCC_PCLK2Config</STRONG> (Thumb, 20 bytes, Stack size 0 bytes, stm32f10x_rcc.o(.text), UNUSED)

<P><STRONG><a name="[263]"></a>RCC_ITConfig</STRONG> (Thumb, 26 bytes, Stack size 0 bytes, stm32f10x_rcc.o(.text), UNUSED)

<P><STRONG><a name="[264]"></a>RCC_USBCLKConfig</STRONG> (Thumb, 6 bytes, Stack size 0 bytes, stm32f10x_rcc.o(.text), UNUSED)

<P><STRONG><a name="[265]"></a>RCC_ADCCLKConfig</STRONG> (Thumb, 18 bytes, Stack size 0 bytes, stm32f10x_rcc.o(.text), UNUSED)

<P><STRONG><a name="[266]"></a>RCC_LSEConfig</STRONG> (Thumb, 44 bytes, Stack size 0 bytes, stm32f10x_rcc.o(.text), UNUSED)

<P><STRONG><a name="[267]"></a>RCC_LSICmd</STRONG> (Thumb, 6 bytes, Stack size 0 bytes, stm32f10x_rcc.o(.text), UNUSED)

<P><STRONG><a name="[268]"></a>RCC_RTCCLKConfig</STRONG> (Thumb, 12 bytes, Stack size 0 bytes, stm32f10x_rcc.o(.text), UNUSED)

<P><STRONG><a name="[269]"></a>RCC_RTCCLKCmd</STRONG> (Thumb, 8 bytes, Stack size 0 bytes, stm32f10x_rcc.o(.text), UNUSED)

<P><STRONG><a name="[26a]"></a>RCC_GetClocksFreq</STRONG> (Thumb, 192 bytes, Stack size 12 bytes, stm32f10x_rcc.o(.text), UNUSED)

<P><STRONG><a name="[26b]"></a>RCC_AHBPeriphClockCmd</STRONG> (Thumb, 26 bytes, Stack size 0 bytes, stm32f10x_rcc.o(.text), UNUSED)

<P><STRONG><a name="[bb]"></a>RCC_APB2PeriphClockCmd</STRONG> (Thumb, 26 bytes, Stack size 0 bytes, stm32f10x_rcc.o(.text))
<BR><BR>[Called By]<UL><LI><a href="#[81]">&gt;&gt;</a>&nbsp;&nbsp;&nbsp;AMPM_ADC_Init
<LI><a href="#[218]">&gt;&gt;</a>&nbsp;&nbsp;&nbsp;BSP_PB_Init
</UL>

<P><STRONG><a name="[26c]"></a>RCC_APB1PeriphClockCmd</STRONG> (Thumb, 26 bytes, Stack size 0 bytes, stm32f10x_rcc.o(.text), UNUSED)

<P><STRONG><a name="[a7]"></a>RCC_APB2PeriphResetCmd</STRONG> (Thumb, 26 bytes, Stack size 0 bytes, stm32f10x_rcc.o(.text), UNUSED)
<BR><BR>[Called By]<UL><LI><a href="#[a8]">&gt;&gt;</a>&nbsp;&nbsp;&nbsp;GPIO_AFIODeInit
<LI><a href="#[a6]">&gt;&gt;</a>&nbsp;&nbsp;&nbsp;GPIO_DeInit
</UL>

<P><STRONG><a name="[26d]"></a>RCC_APB1PeriphResetCmd</STRONG> (Thumb, 26 bytes, Stack size 0 bytes, stm32f10x_rcc.o(.text), UNUSED)

<P><STRONG><a name="[26e]"></a>RCC_BackupResetCmd</STRONG> (Thumb, 8 bytes, Stack size 0 bytes, stm32f10x_rcc.o(.text), UNUSED)

<P><STRONG><a name="[26f]"></a>RCC_ClockSecuritySystemCmd</STRONG> (Thumb, 6 bytes, Stack size 0 bytes, stm32f10x_rcc.o(.text), UNUSED)

<P><STRONG><a name="[270]"></a>RCC_MCOConfig</STRONG> (Thumb, 6 bytes, Stack size 0 bytes, stm32f10x_rcc.o(.text), UNUSED)

<P><STRONG><a name="[271]"></a>RCC_ClearFlag</STRONG> (Thumb, 14 bytes, Stack size 0 bytes, stm32f10x_rcc.o(.text), UNUSED)

<P><STRONG><a name="[272]"></a>RCC_GetITStatus</STRONG> (Thumb, 20 bytes, Stack size 0 bytes, stm32f10x_rcc.o(.text), UNUSED)

<P><STRONG><a name="[273]"></a>RCC_ClearITPendingBit</STRONG> (Thumb, 6 bytes, Stack size 0 bytes, stm32f10x_rcc.o(.text), UNUSED)

<P><STRONG><a name="[56]"></a>fputc</STRONG> (Thumb, 16 bytes, Stack size 16 bytes, dbg.o(.text))
<BR><BR>[Stack]<UL><LI>Max Depth = 40<LI>Call Chain = fputc &rArr; USART3_PutChar &rArr; RINGBUF_Put
</UL>
<BR>[Calls]<UL><LI><a href="#[ab]">&gt;&gt;</a>&nbsp;&nbsp;&nbsp;USART3_PutChar
</UL>
<BR>[Called By]<UL><LI><a href="#[86]">&gt;&gt;</a>&nbsp;&nbsp;&nbsp;putc
</UL>
<BR>[Address Reference Count : 1]<UL><LI> printf8.o(i.__0printf$8)
</UL>
<P><STRONG><a name="[89]"></a>EXTI_Init</STRONG> (Thumb, 128 bytes, Stack size 0 bytes, exti.o(.text))
<BR><BR>[Called By]<UL><LI><a href="#[87]">&gt;&gt;</a>&nbsp;&nbsp;&nbsp;initialize
</UL>

<P><STRONG><a name="[23]"></a>EXTI0_IRQHandler</STRONG> (Thumb, 34 bytes, Stack size 8 bytes, exti.o(.text))
<BR><BR>[Stack]<UL><LI>Max Depth = 248<LI>Call Chain = EXTI0_IRQHandler &rArr; cc1200_int_handler &rArr; cc1200_rx_interrupt &rArr; addr_check_auto_ack &rArr; idle_tx_rx &rArr; idle &rArr; state &rArr; strobe &rArr; cc1200_arch_spi_select &rArr; __2printf
</UL>
<BR>[Calls]<UL><LI><a href="#[ac]">&gt;&gt;</a>&nbsp;&nbsp;&nbsp;cc1200_int_handler
<LI><a href="#[83]">&gt;&gt;</a>&nbsp;&nbsp;&nbsp;__2printf
</UL>
<BR>[Address Reference Count : 1]<UL><LI> startup_stm32f10x_md.o(RESET)
</UL>
<P><STRONG><a name="[26]"></a>EXTI3_IRQHandler</STRONG> (Thumb, 34 bytes, Stack size 8 bytes, exti.o(.text))
<BR><BR>[Stack]<UL><LI>Max Depth = 248<LI>Call Chain = EXTI3_IRQHandler &rArr; cc1200_int_handler &rArr; cc1200_rx_interrupt &rArr; addr_check_auto_ack &rArr; idle_tx_rx &rArr; idle &rArr; state &rArr; strobe &rArr; cc1200_arch_spi_select &rArr; __2printf
</UL>
<BR>[Calls]<UL><LI><a href="#[ac]">&gt;&gt;</a>&nbsp;&nbsp;&nbsp;cc1200_int_handler
<LI><a href="#[83]">&gt;&gt;</a>&nbsp;&nbsp;&nbsp;__2printf
</UL>
<BR>[Address Reference Count : 1]<UL><LI> startup_stm32f10x_md.o(RESET)
</UL>
<P><STRONG><a name="[47]"></a>USBWakeUp_IRQHandler</STRONG> (Thumb, 10 bytes, Stack size 0 bytes, exti.o(.text))
<BR>[Address Reference Count : 1]<UL><LI> startup_stm32f10x_md.o(RESET)
</UL>
<P><STRONG><a name="[274]"></a>SPI_InitLowFreq</STRONG> (Thumb, 176 bytes, Stack size 0 bytes, spi.o(.text), UNUSED)

<P><STRONG><a name="[d7]"></a>SPI_InitHighFreq</STRONG> (Thumb, 176 bytes, Stack size 0 bytes, spi.o(.text))
<BR><BR>[Called By]<UL><LI><a href="#[d6]">&gt;&gt;</a>&nbsp;&nbsp;&nbsp;cc1200_arch_init
</UL>

<P><STRONG><a name="[275]"></a>SPI_DeInit</STRONG> (Thumb, 36 bytes, Stack size 0 bytes, spi.o(.text), UNUSED)

<P><STRONG><a name="[cc]"></a>halSpiWriteByte</STRONG> (Thumb, 32 bytes, Stack size 12 bytes, spi.o(.text))
<BR><BR>[Stack]<UL><LI>Max Depth = 12<LI>Call Chain = halSpiWriteByte
</UL>
<BR>[Called By]<UL><LI><a href="#[cd]">&gt;&gt;</a>&nbsp;&nbsp;&nbsp;cc1200_arch_spi_rw
<LI><a href="#[ca]">&gt;&gt;</a>&nbsp;&nbsp;&nbsp;cc1200_arch_spi_rw_byte
</UL>

<P><STRONG><a name="[276]"></a>halSpiWriteMutilByte</STRONG> (Thumb, 92 bytes, Stack size 20 bytes, spi.o(.text), UNUSED)

<P><STRONG><a name="[277]"></a>halSpiReadMutilByte</STRONG> (Thumb, 92 bytes, Stack size 16 bytes, spi.o(.text), UNUSED)

<P><STRONG><a name="[cb]"></a>halSpiBegin</STRONG> (Thumb, 44 bytes, Stack size 0 bytes, spi.o(.text))
<BR><BR>[Called By]<UL><LI><a href="#[d6]">&gt;&gt;</a>&nbsp;&nbsp;&nbsp;cc1200_arch_init
<LI><a href="#[cd]">&gt;&gt;</a>&nbsp;&nbsp;&nbsp;cc1200_arch_spi_rw
<LI><a href="#[ca]">&gt;&gt;</a>&nbsp;&nbsp;&nbsp;cc1200_arch_spi_rw_byte
</UL>

<P><STRONG><a name="[ad]"></a>USART1_Init</STRONG> (Thumb, 374 bytes, Stack size 16 bytes, uart1.o(.text), UNUSED)
<BR><BR>[Calls]<UL><LI><a href="#[ae]">&gt;&gt;</a>&nbsp;&nbsp;&nbsp;RINGBUF_Init
</UL>

<P><STRONG><a name="[278]"></a>USART1_DeInit</STRONG> (Thumb, 26 bytes, Stack size 0 bytes, uart1.o(.text), UNUSED)

<P><STRONG><a name="[af]"></a>USART1_PutChar</STRONG> (Thumb, 74 bytes, Stack size 16 bytes, uart1.o(.text), UNUSED)
<BR><BR>[Calls]<UL><LI><a href="#[b1]">&gt;&gt;</a>&nbsp;&nbsp;&nbsp;RINGBUF_Put
<LI><a href="#[b0]">&gt;&gt;</a>&nbsp;&nbsp;&nbsp;RINGBUF_GetFill
</UL>
<BR>[Called By]<UL><LI><a href="#[b2]">&gt;&gt;</a>&nbsp;&nbsp;&nbsp;USART1_PutString
</UL>

<P><STRONG><a name="[b2]"></a>USART1_PutString</STRONG> (Thumb, 22 bytes, Stack size 8 bytes, uart1.o(.text), UNUSED)
<BR><BR>[Calls]<UL><LI><a href="#[af]">&gt;&gt;</a>&nbsp;&nbsp;&nbsp;USART1_PutChar
</UL>

<P><STRONG><a name="[279]"></a>USART1_GetChar</STRONG> (Thumb, 24 bytes, Stack size 0 bytes, uart1.o(.text), UNUSED)

<P><STRONG><a name="[42]"></a>USART1_IRQHandler</STRONG> (Thumb, 214 bytes, Stack size 8 bytes, uart1.o(.text))
<BR><BR>[Stack]<UL><LI>Max Depth = 16<LI>Call Chain = USART1_IRQHandler &rArr; RINGBUF_Put
</UL>
<BR>[Calls]<UL><LI><a href="#[b1]">&gt;&gt;</a>&nbsp;&nbsp;&nbsp;RINGBUF_Put
<LI><a href="#[b0]">&gt;&gt;</a>&nbsp;&nbsp;&nbsp;RINGBUF_GetFill
<LI><a href="#[b3]">&gt;&gt;</a>&nbsp;&nbsp;&nbsp;RINGBUF_Get
</UL>
<BR>[Address Reference Count : 1]<UL><LI> startup_stm32f10x_md.o(RESET)
</UL>
<P><STRONG><a name="[20]"></a>RTC_IRQHandler</STRONG> (Thumb, 34 bytes, Stack size 0 bytes, rtc.o(.text))
<BR>[Address Reference Count : 1]<UL><LI> startup_stm32f10x_md.o(RESET)
</UL>
<P><STRONG><a name="[46]"></a>RTCAlarm_IRQHandler</STRONG> (Thumb, 22 bytes, Stack size 0 bytes, rtc.o(.text))
<BR>[Address Reference Count : 1]<UL><LI> startup_stm32f10x_md.o(RESET)
</UL>
<P><STRONG><a name="[b5]"></a>RTC_GetCounter</STRONG> (Thumb, 18 bytes, Stack size 0 bytes, rtc.o(.text))
<BR><BR>[Called By]<UL><LI><a href="#[8a]">&gt;&gt;</a>&nbsp;&nbsp;&nbsp;RTC_Init
</UL>

<P><STRONG><a name="[b4]"></a>RTC_SanityCheck</STRONG> (Thumb, 52 bytes, Stack size 0 bytes, rtc.o(.text))
<BR><BR>[Called By]<UL><LI><a href="#[8a]">&gt;&gt;</a>&nbsp;&nbsp;&nbsp;RTC_Init
</UL>

<P><STRONG><a name="[8a]"></a>RTC_Init</STRONG> (Thumb, 192 bytes, Stack size 4 bytes, rtc.o(.text))
<BR><BR>[Stack]<UL><LI>Max Depth = 4<LI>Call Chain = RTC_Init
</UL>
<BR>[Calls]<UL><LI><a href="#[b4]">&gt;&gt;</a>&nbsp;&nbsp;&nbsp;RTC_SanityCheck
<LI><a href="#[b5]">&gt;&gt;</a>&nbsp;&nbsp;&nbsp;RTC_GetCounter
</UL>
<BR>[Called By]<UL><LI><a href="#[87]">&gt;&gt;</a>&nbsp;&nbsp;&nbsp;initialize
</UL>

<P><STRONG><a name="[b7]"></a>RTC_EnterConfigMode</STRONG> (Thumb, 14 bytes, Stack size 0 bytes, rtc.o(.text), UNUSED)
<BR><BR>[Called By]<UL><LI><a href="#[b9]">&gt;&gt;</a>&nbsp;&nbsp;&nbsp;RTC_SetCounter
<LI><a href="#[b6]">&gt;&gt;</a>&nbsp;&nbsp;&nbsp;RTC_SetCounterX
<LI><a href="#[ba]">&gt;&gt;</a>&nbsp;&nbsp;&nbsp;RTC_SetAlarm
</UL>

<P><STRONG><a name="[b8]"></a>RTC_ExitConfigMode</STRONG> (Thumb, 16 bytes, Stack size 0 bytes, rtc.o(.text), UNUSED)
<BR><BR>[Called By]<UL><LI><a href="#[b9]">&gt;&gt;</a>&nbsp;&nbsp;&nbsp;RTC_SetCounter
<LI><a href="#[b6]">&gt;&gt;</a>&nbsp;&nbsp;&nbsp;RTC_SetCounterX
<LI><a href="#[ba]">&gt;&gt;</a>&nbsp;&nbsp;&nbsp;RTC_SetAlarm
</UL>

<P><STRONG><a name="[b6]"></a>RTC_SetCounterX</STRONG> (Thumb, 26 bytes, Stack size 4 bytes, rtc.o(.text), UNUSED)
<BR><BR>[Calls]<UL><LI><a href="#[b8]">&gt;&gt;</a>&nbsp;&nbsp;&nbsp;RTC_ExitConfigMode
<LI><a href="#[b7]">&gt;&gt;</a>&nbsp;&nbsp;&nbsp;RTC_EnterConfigMode
</UL>

<P><STRONG><a name="[b9]"></a>RTC_SetCounter</STRONG> (Thumb, 40 bytes, Stack size 4 bytes, rtc.o(.text), UNUSED)
<BR><BR>[Calls]<UL><LI><a href="#[b8]">&gt;&gt;</a>&nbsp;&nbsp;&nbsp;RTC_ExitConfigMode
<LI><a href="#[b7]">&gt;&gt;</a>&nbsp;&nbsp;&nbsp;RTC_EnterConfigMode
</UL>

<P><STRONG><a name="[ba]"></a>RTC_SetAlarm</STRONG> (Thumb, 26 bytes, Stack size 4 bytes, rtc.o(.text), UNUSED)
<BR><BR>[Calls]<UL><LI><a href="#[b8]">&gt;&gt;</a>&nbsp;&nbsp;&nbsp;RTC_ExitConfigMode
<LI><a href="#[b7]">&gt;&gt;</a>&nbsp;&nbsp;&nbsp;RTC_EnterConfigMode
</UL>

<P><STRONG><a name="[ae]"></a>RINGBUF_Init</STRONG> (Thumb, 30 bytes, Stack size 0 bytes, ampm_ringbuf.o(.text))
<BR><BR>[Called By]<UL><LI><a href="#[ad]">&gt;&gt;</a>&nbsp;&nbsp;&nbsp;USART1_Init
<LI><a href="#[8b]">&gt;&gt;</a>&nbsp;&nbsp;&nbsp;USART3_Init
</UL>

<P><STRONG><a name="[b1]"></a>RINGBUF_Put</STRONG> (Thumb, 42 bytes, Stack size 8 bytes, ampm_ringbuf.o(.text))
<BR><BR>[Stack]<UL><LI>Max Depth = 8<LI>Call Chain = RINGBUF_Put
</UL>
<BR>[Called By]<UL><LI><a href="#[44]">&gt;&gt;</a>&nbsp;&nbsp;&nbsp;USART3_IRQHandler
<LI><a href="#[42]">&gt;&gt;</a>&nbsp;&nbsp;&nbsp;USART1_IRQHandler
<LI><a href="#[af]">&gt;&gt;</a>&nbsp;&nbsp;&nbsp;USART1_PutChar
<LI><a href="#[ab]">&gt;&gt;</a>&nbsp;&nbsp;&nbsp;USART3_PutChar
</UL>

<P><STRONG><a name="[b3]"></a>RINGBUF_Get</STRONG> (Thumb, 46 bytes, Stack size 0 bytes, ampm_ringbuf.o(.text))
<BR><BR>[Called By]<UL><LI><a href="#[44]">&gt;&gt;</a>&nbsp;&nbsp;&nbsp;USART3_IRQHandler
<LI><a href="#[42]">&gt;&gt;</a>&nbsp;&nbsp;&nbsp;USART1_IRQHandler
</UL>

<P><STRONG><a name="[b0]"></a>RINGBUF_GetFill</STRONG> (Thumb, 30 bytes, Stack size 0 bytes, ampm_ringbuf.o(.text))
<BR><BR>[Called By]<UL><LI><a href="#[42]">&gt;&gt;</a>&nbsp;&nbsp;&nbsp;USART1_IRQHandler
<LI><a href="#[af]">&gt;&gt;</a>&nbsp;&nbsp;&nbsp;USART1_PutChar
<LI><a href="#[ab]">&gt;&gt;</a>&nbsp;&nbsp;&nbsp;USART3_PutChar
</UL>

<P><STRONG><a name="[2f]"></a>ADC1_2_IRQHandler</STRONG> (Thumb, 76 bytes, Stack size 0 bytes, adc.o(.text))
<BR>[Address Reference Count : 1]<UL><LI> startup_stm32f10x_md.o(RESET)
</UL>
<P><STRONG><a name="[82]"></a>StartADC</STRONG> (Thumb, 18 bytes, Stack size 0 bytes, adc.o(.text))
<BR><BR>[Called By]<UL><LI><a href="#[80]">&gt;&gt;</a>&nbsp;&nbsp;&nbsp;rng_get_uint8
</UL>

<P><STRONG><a name="[81]"></a>AMPM_ADC_Init</STRONG> (Thumb, 168 bytes, Stack size 8 bytes, adc.o(.text))
<BR><BR>[Stack]<UL><LI>Max Depth = 8<LI>Call Chain = AMPM_ADC_Init
</UL>
<BR>[Calls]<UL><LI><a href="#[bb]">&gt;&gt;</a>&nbsp;&nbsp;&nbsp;RCC_APB2PeriphClockCmd
</UL>
<BR>[Called By]<UL><LI><a href="#[80]">&gt;&gt;</a>&nbsp;&nbsp;&nbsp;rng_get_uint8
</UL>

<P><STRONG><a name="[8b]"></a>USART3_Init</STRONG> (Thumb, 338 bytes, Stack size 24 bytes, uart3.o(.text))
<BR><BR>[Stack]<UL><LI>Max Depth = 24<LI>Call Chain = USART3_Init
</UL>
<BR>[Calls]<UL><LI><a href="#[ae]">&gt;&gt;</a>&nbsp;&nbsp;&nbsp;RINGBUF_Init
</UL>
<BR>[Called By]<UL><LI><a href="#[87]">&gt;&gt;</a>&nbsp;&nbsp;&nbsp;initialize
</UL>

<P><STRONG><a name="[27a]"></a>USART3_DeInit</STRONG> (Thumb, 26 bytes, Stack size 0 bytes, uart3.o(.text), UNUSED)

<P><STRONG><a name="[ab]"></a>USART3_PutChar</STRONG> (Thumb, 74 bytes, Stack size 16 bytes, uart3.o(.text))
<BR><BR>[Stack]<UL><LI>Max Depth = 24<LI>Call Chain = USART3_PutChar &rArr; RINGBUF_Put
</UL>
<BR>[Calls]<UL><LI><a href="#[b1]">&gt;&gt;</a>&nbsp;&nbsp;&nbsp;RINGBUF_Put
<LI><a href="#[b0]">&gt;&gt;</a>&nbsp;&nbsp;&nbsp;RINGBUF_GetFill
</UL>
<BR>[Called By]<UL><LI><a href="#[bc]">&gt;&gt;</a>&nbsp;&nbsp;&nbsp;USART3_PutString
<LI><a href="#[56]">&gt;&gt;</a>&nbsp;&nbsp;&nbsp;fputc
</UL>

<P><STRONG><a name="[bc]"></a>USART3_PutString</STRONG> (Thumb, 22 bytes, Stack size 8 bytes, uart3.o(.text), UNUSED)
<BR><BR>[Calls]<UL><LI><a href="#[ab]">&gt;&gt;</a>&nbsp;&nbsp;&nbsp;USART3_PutChar
</UL>

<P><STRONG><a name="[27b]"></a>USART3_GetChar</STRONG> (Thumb, 24 bytes, Stack size 0 bytes, uart3.o(.text), UNUSED)

<P><STRONG><a name="[44]"></a>USART3_IRQHandler</STRONG> (Thumb, 284 bytes, Stack size 16 bytes, uart3.o(.text))
<BR><BR>[Stack]<UL><LI>Max Depth = 24<LI>Call Chain = USART3_IRQHandler &rArr; RINGBUF_Put
</UL>
<BR>[Calls]<UL><LI><a href="#[b1]">&gt;&gt;</a>&nbsp;&nbsp;&nbsp;RINGBUF_Put
<LI><a href="#[b3]">&gt;&gt;</a>&nbsp;&nbsp;&nbsp;RINGBUF_Get
</UL>
<BR>[Address Reference Count : 1]<UL><LI> startup_stm32f10x_md.o(RESET)
</UL>
<P><STRONG><a name="[8c]"></a>leds_init</STRONG> (Thumb, 14 bytes, Stack size 8 bytes, leds.o(.text))
<BR><BR>[Stack]<UL><LI>Max Depth = 8<LI>Call Chain = leds_init
</UL>
<BR>[Calls]<UL><LI><a href="#[bf]">&gt;&gt;</a>&nbsp;&nbsp;&nbsp;leds_arch_init
</UL>
<BR>[Called By]<UL><LI><a href="#[87]">&gt;&gt;</a>&nbsp;&nbsp;&nbsp;initialize
</UL>

<P><STRONG><a name="[c0]"></a>leds_toggle</STRONG> (Thumb, 18 bytes, Stack size 8 bytes, leds.o(.text), UNUSED)
<BR><BR>[Calls]<UL><LI><a href="#[bd]">&gt;&gt;</a>&nbsp;&nbsp;&nbsp;show_leds
</UL>
<BR>[Called By]<UL><LI><a href="#[c1]">&gt;&gt;</a>&nbsp;&nbsp;&nbsp;leds_blink
</UL>

<P><STRONG><a name="[c1]"></a>leds_blink</STRONG> (Thumb, 32 bytes, Stack size 8 bytes, leds.o(.text), UNUSED)
<BR><BR>[Calls]<UL><LI><a href="#[c2]">&gt;&gt;</a>&nbsp;&nbsp;&nbsp;clock_delay
<LI><a href="#[c0]">&gt;&gt;</a>&nbsp;&nbsp;&nbsp;leds_toggle
</UL>

<P><STRONG><a name="[c3]"></a>leds_get</STRONG> (Thumb, 8 bytes, Stack size 8 bytes, leds.o(.text), UNUSED)
<BR><BR>[Calls]<UL><LI><a href="#[c4]">&gt;&gt;</a>&nbsp;&nbsp;&nbsp;leds_arch_get
</UL>

<P><STRONG><a name="[c5]"></a>leds_set</STRONG> (Thumb, 12 bytes, Stack size 8 bytes, leds.o(.text), UNUSED)
<BR><BR>[Calls]<UL><LI><a href="#[bd]">&gt;&gt;</a>&nbsp;&nbsp;&nbsp;show_leds
</UL>

<P><STRONG><a name="[c6]"></a>leds_on</STRONG> (Thumb, 18 bytes, Stack size 8 bytes, leds.o(.text), UNUSED)
<BR><BR>[Calls]<UL><LI><a href="#[bd]">&gt;&gt;</a>&nbsp;&nbsp;&nbsp;show_leds
</UL>

<P><STRONG><a name="[c7]"></a>leds_off</STRONG> (Thumb, 18 bytes, Stack size 8 bytes, leds.o(.text), UNUSED)
<BR><BR>[Calls]<UL><LI><a href="#[bd]">&gt;&gt;</a>&nbsp;&nbsp;&nbsp;show_leds
</UL>

<P><STRONG><a name="[bf]"></a>leds_arch_init</STRONG> (Thumb, 44 bytes, Stack size 0 bytes, leds-arch.o(.text))
<BR><BR>[Called By]<UL><LI><a href="#[8c]">&gt;&gt;</a>&nbsp;&nbsp;&nbsp;leds_init
</UL>

<P><STRONG><a name="[c4]"></a>leds_arch_get</STRONG> (Thumb, 12 bytes, Stack size 0 bytes, leds-arch.o(.text), UNUSED)
<BR><BR>[Called By]<UL><LI><a href="#[c3]">&gt;&gt;</a>&nbsp;&nbsp;&nbsp;leds_get
</UL>

<P><STRONG><a name="[be]"></a>leds_arch_set</STRONG> (Thumb, 22 bytes, Stack size 0 bytes, leds-arch.o(.text), UNUSED)
<BR><BR>[Called By]<UL><LI><a href="#[bd]">&gt;&gt;</a>&nbsp;&nbsp;&nbsp;show_leds
</UL>

<P><STRONG><a name="[ac]"></a>cc1200_int_handler</STRONG> (Thumb, 12 bytes, Stack size 16 bytes, cc1200-arch.o(.text))
<BR><BR>[Stack]<UL><LI>Max Depth = 240<LI>Call Chain = cc1200_int_handler &rArr; cc1200_rx_interrupt &rArr; addr_check_auto_ack &rArr; idle_tx_rx &rArr; idle &rArr; state &rArr; strobe &rArr; cc1200_arch_spi_select &rArr; __2printf
</UL>
<BR>[Calls]<UL><LI><a href="#[c8]">&gt;&gt;</a>&nbsp;&nbsp;&nbsp;cc1200_rx_interrupt
</UL>
<BR>[Called By]<UL><LI><a href="#[26]">&gt;&gt;</a>&nbsp;&nbsp;&nbsp;EXTI3_IRQHandler
<LI><a href="#[23]">&gt;&gt;</a>&nbsp;&nbsp;&nbsp;EXTI0_IRQHandler
</UL>

<P><STRONG><a name="[c9]"></a>cc1200_arch_spi_select</STRONG> (Thumb, 74 bytes, Stack size 8 bytes, cc1200-arch.o(.text))
<BR><BR>[Stack]<UL><LI>Max Depth = 32<LI>Call Chain = cc1200_arch_spi_select &rArr; __2printf
</UL>
<BR>[Calls]<UL><LI><a href="#[a1]">&gt;&gt;</a>&nbsp;&nbsp;&nbsp;rtimer_arch_now
<LI><a href="#[83]">&gt;&gt;</a>&nbsp;&nbsp;&nbsp;__2printf
</UL>
<BR>[Called By]<UL><LI><a href="#[233]">&gt;&gt;</a>&nbsp;&nbsp;&nbsp;reset
<LI><a href="#[22e]">&gt;&gt;</a>&nbsp;&nbsp;&nbsp;burst_read
<LI><a href="#[229]">&gt;&gt;</a>&nbsp;&nbsp;&nbsp;single_read
<LI><a href="#[228]">&gt;&gt;</a>&nbsp;&nbsp;&nbsp;burst_write
<LI><a href="#[71]">&gt;&gt;</a>&nbsp;&nbsp;&nbsp;on
<LI><a href="#[220]">&gt;&gt;</a>&nbsp;&nbsp;&nbsp;single_write
<LI><a href="#[21f]">&gt;&gt;</a>&nbsp;&nbsp;&nbsp;strobe
</UL>

<P><STRONG><a name="[d8]"></a>cc1200_arch_spi_deselect</STRONG> (Thumb, 10 bytes, Stack size 0 bytes, cc1200-arch.o(.text))
<BR><BR>[Called By]<UL><LI><a href="#[d6]">&gt;&gt;</a>&nbsp;&nbsp;&nbsp;cc1200_arch_init
<LI><a href="#[233]">&gt;&gt;</a>&nbsp;&nbsp;&nbsp;reset
<LI><a href="#[22e]">&gt;&gt;</a>&nbsp;&nbsp;&nbsp;burst_read
<LI><a href="#[229]">&gt;&gt;</a>&nbsp;&nbsp;&nbsp;single_read
<LI><a href="#[228]">&gt;&gt;</a>&nbsp;&nbsp;&nbsp;burst_write
<LI><a href="#[71]">&gt;&gt;</a>&nbsp;&nbsp;&nbsp;on
<LI><a href="#[220]">&gt;&gt;</a>&nbsp;&nbsp;&nbsp;single_write
<LI><a href="#[21f]">&gt;&gt;</a>&nbsp;&nbsp;&nbsp;strobe
</UL>

<P><STRONG><a name="[ca]"></a>cc1200_arch_spi_rw_byte</STRONG> (Thumb, 22 bytes, Stack size 8 bytes, cc1200-arch.o(.text))
<BR><BR>[Stack]<UL><LI>Max Depth = 20<LI>Call Chain = cc1200_arch_spi_rw_byte &rArr; halSpiWriteByte
</UL>
<BR>[Calls]<UL><LI><a href="#[cb]">&gt;&gt;</a>&nbsp;&nbsp;&nbsp;halSpiBegin
<LI><a href="#[cc]">&gt;&gt;</a>&nbsp;&nbsp;&nbsp;halSpiWriteByte
</UL>
<BR>[Called By]<UL><LI><a href="#[233]">&gt;&gt;</a>&nbsp;&nbsp;&nbsp;reset
<LI><a href="#[22e]">&gt;&gt;</a>&nbsp;&nbsp;&nbsp;burst_read
<LI><a href="#[229]">&gt;&gt;</a>&nbsp;&nbsp;&nbsp;single_read
<LI><a href="#[228]">&gt;&gt;</a>&nbsp;&nbsp;&nbsp;burst_write
<LI><a href="#[220]">&gt;&gt;</a>&nbsp;&nbsp;&nbsp;single_write
<LI><a href="#[21f]">&gt;&gt;</a>&nbsp;&nbsp;&nbsp;strobe
</UL>

<P><STRONG><a name="[cd]"></a>cc1200_arch_spi_rw</STRONG> (Thumb, 108 bytes, Stack size 24 bytes, cc1200-arch.o(.text))
<BR><BR>[Stack]<UL><LI>Max Depth = 36<LI>Call Chain = cc1200_arch_spi_rw &rArr; halSpiWriteByte
</UL>
<BR>[Calls]<UL><LI><a href="#[cb]">&gt;&gt;</a>&nbsp;&nbsp;&nbsp;halSpiBegin
<LI><a href="#[cc]">&gt;&gt;</a>&nbsp;&nbsp;&nbsp;halSpiWriteByte
</UL>
<BR>[Called By]<UL><LI><a href="#[22e]">&gt;&gt;</a>&nbsp;&nbsp;&nbsp;burst_read
<LI><a href="#[228]">&gt;&gt;</a>&nbsp;&nbsp;&nbsp;burst_write
</UL>

<P><STRONG><a name="[235]"></a>cc1200_arch_gpio0_setup_irq</STRONG> (Thumb, 186 bytes, Stack size 0 bytes, cc1200-arch.o(.text))
<BR><BR>[Called By]<UL><LI><a href="#[69]">&gt;&gt;</a>&nbsp;&nbsp;&nbsp;init
</UL>

<P><STRONG><a name="[236]"></a>cc1200_arch_gpio2_setup_irq</STRONG> (Thumb, 196 bytes, Stack size 0 bytes, cc1200-arch.o(.text))
<BR><BR>[Called By]<UL><LI><a href="#[69]">&gt;&gt;</a>&nbsp;&nbsp;&nbsp;init
</UL>

<P><STRONG><a name="[ce]"></a>cc1200_arch_gpio0_enable_irq</STRONG> (Thumb, 30 bytes, Stack size 8 bytes, cc1200-arch.o(.text))
<BR><BR>[Stack]<UL><LI>Max Depth = 16<LI>Call Chain = cc1200_arch_gpio0_enable_irq &rArr; NVIC_SetPriority
</UL>
<BR>[Calls]<UL><LI><a href="#[cf]">&gt;&gt;</a>&nbsp;&nbsp;&nbsp;NVIC_ClearPendingIRQ
<LI><a href="#[d1]">&gt;&gt;</a>&nbsp;&nbsp;&nbsp;NVIC_EnableIRQ
<LI><a href="#[d0]">&gt;&gt;</a>&nbsp;&nbsp;&nbsp;NVIC_SetPriority
</UL>
<BR>[Called By]<UL><LI><a href="#[6b]">&gt;&gt;</a>&nbsp;&nbsp;&nbsp;transmit
<LI><a href="#[227]">&gt;&gt;</a>&nbsp;&nbsp;&nbsp;rx_rx
<LI><a href="#[224]">&gt;&gt;</a>&nbsp;&nbsp;&nbsp;idle_calibrate_rx
</UL>

<P><STRONG><a name="[d2]"></a>cc1200_arch_gpio0_disable_irq</STRONG> (Thumb, 10 bytes, Stack size 8 bytes, cc1200-arch.o(.text))
<BR><BR>[Stack]<UL><LI>Max Depth = 8<LI>Call Chain = cc1200_arch_gpio0_disable_irq
</UL>
<BR>[Calls]<UL><LI><a href="#[d3]">&gt;&gt;</a>&nbsp;&nbsp;&nbsp;NVIC_DisableIRQ
</UL>
<BR>[Called By]<UL><LI><a href="#[222]">&gt;&gt;</a>&nbsp;&nbsp;&nbsp;idle
</UL>

<P><STRONG><a name="[d4]"></a>cc1200_arch_gpio2_enable_irq</STRONG> (Thumb, 30 bytes, Stack size 8 bytes, cc1200-arch.o(.text))
<BR><BR>[Stack]<UL><LI>Max Depth = 16<LI>Call Chain = cc1200_arch_gpio2_enable_irq &rArr; NVIC_SetPriority
</UL>
<BR>[Calls]<UL><LI><a href="#[cf]">&gt;&gt;</a>&nbsp;&nbsp;&nbsp;NVIC_ClearPendingIRQ
<LI><a href="#[d1]">&gt;&gt;</a>&nbsp;&nbsp;&nbsp;NVIC_EnableIRQ
<LI><a href="#[d0]">&gt;&gt;</a>&nbsp;&nbsp;&nbsp;NVIC_SetPriority
</UL>
<BR>[Called By]<UL><LI><a href="#[6b]">&gt;&gt;</a>&nbsp;&nbsp;&nbsp;transmit
<LI><a href="#[227]">&gt;&gt;</a>&nbsp;&nbsp;&nbsp;rx_rx
<LI><a href="#[224]">&gt;&gt;</a>&nbsp;&nbsp;&nbsp;idle_calibrate_rx
</UL>

<P><STRONG><a name="[d5]"></a>cc1200_arch_gpio2_disable_irq</STRONG> (Thumb, 10 bytes, Stack size 8 bytes, cc1200-arch.o(.text))
<BR><BR>[Stack]<UL><LI>Max Depth = 8<LI>Call Chain = cc1200_arch_gpio2_disable_irq
</UL>
<BR>[Calls]<UL><LI><a href="#[d3]">&gt;&gt;</a>&nbsp;&nbsp;&nbsp;NVIC_DisableIRQ
</UL>
<BR>[Called By]<UL><LI><a href="#[222]">&gt;&gt;</a>&nbsp;&nbsp;&nbsp;idle
</UL>

<P><STRONG><a name="[225]"></a>cc1200_arch_gpio0_read_pin</STRONG> (Thumb, 12 bytes, Stack size 0 bytes, cc1200-arch.o(.text))
<BR><BR>[Called By]<UL><LI><a href="#[6e]">&gt;&gt;</a>&nbsp;&nbsp;&nbsp;channel_clear
<LI><a href="#[22a]">&gt;&gt;</a>&nbsp;&nbsp;&nbsp;idle_tx_rx
<LI><a href="#[6f]">&gt;&gt;</a>&nbsp;&nbsp;&nbsp;receiving_packet
<LI><a href="#[71]">&gt;&gt;</a>&nbsp;&nbsp;&nbsp;on
</UL>

<P><STRONG><a name="[22b]"></a>cc1200_arch_gpio2_read_pin</STRONG> (Thumb, 10 bytes, Stack size 0 bytes, cc1200-arch.o(.text))
<BR><BR>[Called By]<UL><LI><a href="#[22a]">&gt;&gt;</a>&nbsp;&nbsp;&nbsp;idle_tx_rx
</UL>

<P><STRONG><a name="[27c]"></a>cc1200_arch_gpio3_read_pin</STRONG> (Thumb, 4 bytes, Stack size 0 bytes, cc1200-arch.o(.text), UNUSED)

<P><STRONG><a name="[d6]"></a>cc1200_arch_init</STRONG> (Thumb, 334 bytes, Stack size 8 bytes, cc1200-arch.o(.text))
<BR><BR>[Stack]<UL><LI>Max Depth = 32<LI>Call Chain = cc1200_arch_init &rArr; __2printf
</UL>
<BR>[Calls]<UL><LI><a href="#[d8]">&gt;&gt;</a>&nbsp;&nbsp;&nbsp;cc1200_arch_spi_deselect
<LI><a href="#[c2]">&gt;&gt;</a>&nbsp;&nbsp;&nbsp;clock_delay
<LI><a href="#[cb]">&gt;&gt;</a>&nbsp;&nbsp;&nbsp;halSpiBegin
<LI><a href="#[d7]">&gt;&gt;</a>&nbsp;&nbsp;&nbsp;SPI_InitHighFreq
<LI><a href="#[a1]">&gt;&gt;</a>&nbsp;&nbsp;&nbsp;rtimer_arch_now
<LI><a href="#[83]">&gt;&gt;</a>&nbsp;&nbsp;&nbsp;__2printf
</UL>
<BR>[Called By]<UL><LI><a href="#[69]">&gt;&gt;</a>&nbsp;&nbsp;&nbsp;init
</UL>

<P><STRONG><a name="[93]"></a>params_get_eui64</STRONG> (Thumb, 14 bytes, Stack size 0 bytes, params.o(.text))
<BR><BR>[Called By]<UL><LI><a href="#[87]">&gt;&gt;</a>&nbsp;&nbsp;&nbsp;initialize
</UL>

<P><STRONG><a name="[27d]"></a>params_get_channel</STRONG> (Thumb, 4 bytes, Stack size 0 bytes, params.o(.text), UNUSED)

<P><STRONG><a name="[27e]"></a>params_get_panid</STRONG> (Thumb, 8 bytes, Stack size 0 bytes, params.o(.text), UNUSED)

<P><STRONG><a name="[27f]"></a>params_get_panaddr</STRONG> (Thumb, 8 bytes, Stack size 0 bytes, params.o(.text), UNUSED)

<P><STRONG><a name="[280]"></a>params_get_txpower</STRONG> (Thumb, 8 bytes, Stack size 0 bytes, params.o(.text), UNUSED)

<P><STRONG><a name="[281]"></a>watchdog_init</STRONG> (Thumb, 2 bytes, Stack size 0 bytes, watchdog.o(.text), UNUSED)

<P><STRONG><a name="[282]"></a>watchdog_start</STRONG> (Thumb, 2 bytes, Stack size 0 bytes, watchdog.o(.text), UNUSED)

<P><STRONG><a name="[97]"></a>watchdog_periodic</STRONG> (Thumb, 2 bytes, Stack size 0 bytes, watchdog.o(.text))
<BR><BR>[Called By]<UL><LI><a href="#[48]">&gt;&gt;</a>&nbsp;&nbsp;&nbsp;main
<LI><a href="#[14d]">&gt;&gt;</a>&nbsp;&nbsp;&nbsp;send_packet
</UL>

<P><STRONG><a name="[283]"></a>watchdog_stop</STRONG> (Thumb, 2 bytes, Stack size 0 bytes, watchdog.o(.text), UNUSED)

<P><STRONG><a name="[284]"></a>watchdog_reboot</STRONG> (Thumb, 2 bytes, Stack size 0 bytes, watchdog.o(.text), UNUSED)

<P><STRONG><a name="[db]"></a>etimer_request_poll</STRONG> (Thumb, 10 bytes, Stack size 8 bytes, etimer.o(.text))
<BR><BR>[Stack]<UL><LI>Max Depth = 8<LI>Call Chain = etimer_request_poll
</UL>
<BR>[Calls]<UL><LI><a href="#[dc]">&gt;&gt;</a>&nbsp;&nbsp;&nbsp;process_poll
</UL>
<BR>[Called By]<UL><LI><a href="#[de]">&gt;&gt;</a>&nbsp;&nbsp;&nbsp;add_timer
<LI><a href="#[3]">&gt;&gt;</a>&nbsp;&nbsp;&nbsp;process_thread_etimer_process
<LI><a href="#[1c]">&gt;&gt;</a>&nbsp;&nbsp;&nbsp;SysTick_Handler
</UL>

<P><STRONG><a name="[9f]"></a>etimer_set</STRONG> (Thumb, 22 bytes, Stack size 16 bytes, etimer.o(.text))
<BR><BR>[Stack]<UL><LI>Max Depth = 48<LI>Call Chain = etimer_set &rArr; add_timer &rArr; update_time
</UL>
<BR>[Calls]<UL><LI><a href="#[df]">&gt;&gt;</a>&nbsp;&nbsp;&nbsp;timer_set
<LI><a href="#[de]">&gt;&gt;</a>&nbsp;&nbsp;&nbsp;add_timer
</UL>
<BR>[Called By]<UL><LI><a href="#[fe]">&gt;&gt;</a>&nbsp;&nbsp;&nbsp;ctimer_set_with_process
<LI><a href="#[4]">&gt;&gt;</a>&nbsp;&nbsp;&nbsp;process_thread_ctimer_process
<LI><a href="#[2]">&gt;&gt;</a>&nbsp;&nbsp;&nbsp;process_thread_hello_world_process1
<LI><a href="#[0]">&gt;&gt;</a>&nbsp;&nbsp;&nbsp;process_thread_hello_world_process2
<LI><a href="#[7]">&gt;&gt;</a>&nbsp;&nbsp;&nbsp;process_thread_tcpip_process
<LI><a href="#[115]">&gt;&gt;</a>&nbsp;&nbsp;&nbsp;uip_ds6_init
</UL>

<P><STRONG><a name="[e0]"></a>etimer_reset_with_new_interval</STRONG> (Thumb, 22 bytes, Stack size 16 bytes, etimer.o(.text), UNUSED)
<BR><BR>[Calls]<UL><LI><a href="#[e1]">&gt;&gt;</a>&nbsp;&nbsp;&nbsp;timer_reset
<LI><a href="#[de]">&gt;&gt;</a>&nbsp;&nbsp;&nbsp;add_timer
</UL>

<P><STRONG><a name="[e2]"></a>etimer_reset</STRONG> (Thumb, 18 bytes, Stack size 8 bytes, etimer.o(.text))
<BR><BR>[Stack]<UL><LI>Max Depth = 40<LI>Call Chain = etimer_reset &rArr; add_timer &rArr; update_time
</UL>
<BR>[Calls]<UL><LI><a href="#[e1]">&gt;&gt;</a>&nbsp;&nbsp;&nbsp;timer_reset
<LI><a href="#[de]">&gt;&gt;</a>&nbsp;&nbsp;&nbsp;add_timer
</UL>
<BR>[Called By]<UL><LI><a href="#[101]">&gt;&gt;</a>&nbsp;&nbsp;&nbsp;ctimer_reset
<LI><a href="#[136]">&gt;&gt;</a>&nbsp;&nbsp;&nbsp;uip_ds6_periodic
</UL>

<P><STRONG><a name="[e3]"></a>etimer_restart</STRONG> (Thumb, 18 bytes, Stack size 8 bytes, etimer.o(.text), UNUSED)
<BR><BR>[Calls]<UL><LI><a href="#[e4]">&gt;&gt;</a>&nbsp;&nbsp;&nbsp;timer_restart
<LI><a href="#[de]">&gt;&gt;</a>&nbsp;&nbsp;&nbsp;add_timer
</UL>
<BR>[Called By]<UL><LI><a href="#[102]">&gt;&gt;</a>&nbsp;&nbsp;&nbsp;ctimer_restart
</UL>

<P><STRONG><a name="[e5]"></a>etimer_adjust</STRONG> (Thumb, 18 bytes, Stack size 16 bytes, etimer.o(.text), UNUSED)
<BR><BR>[Calls]<UL><LI><a href="#[d9]">&gt;&gt;</a>&nbsp;&nbsp;&nbsp;update_time
</UL>

<P><STRONG><a name="[a0]"></a>etimer_expired</STRONG> (Thumb, 14 bytes, Stack size 0 bytes, etimer.o(.text))
<BR><BR>[Called By]<UL><LI><a href="#[104]">&gt;&gt;</a>&nbsp;&nbsp;&nbsp;ctimer_expired
<LI><a href="#[2]">&gt;&gt;</a>&nbsp;&nbsp;&nbsp;process_thread_hello_world_process1
<LI><a href="#[0]">&gt;&gt;</a>&nbsp;&nbsp;&nbsp;process_thread_hello_world_process2
<LI><a href="#[193]">&gt;&gt;</a>&nbsp;&nbsp;&nbsp;eventhandler
<LI><a href="#[1e4]">&gt;&gt;</a>&nbsp;&nbsp;&nbsp;schedule_dao
<LI><a href="#[51]">&gt;&gt;</a>&nbsp;&nbsp;&nbsp;handle_dao_timer
</UL>

<P><STRONG><a name="[1e5]"></a>etimer_expiration_time</STRONG> (Thumb, 10 bytes, Stack size 0 bytes, etimer.o(.text))
<BR><BR>[Called By]<UL><LI><a href="#[1e4]">&gt;&gt;</a>&nbsp;&nbsp;&nbsp;schedule_dao
</UL>

<P><STRONG><a name="[285]"></a>etimer_start_time</STRONG> (Thumb, 6 bytes, Stack size 0 bytes, etimer.o(.text), UNUSED)

<P><STRONG><a name="[e7]"></a>etimer_pending</STRONG> (Thumb, 14 bytes, Stack size 0 bytes, etimer.o(.text))
<BR><BR>[Called By]<UL><LI><a href="#[e6]">&gt;&gt;</a>&nbsp;&nbsp;&nbsp;etimer_next_expiration_time
<LI><a href="#[1c]">&gt;&gt;</a>&nbsp;&nbsp;&nbsp;SysTick_Handler
</UL>

<P><STRONG><a name="[e6]"></a>etimer_next_expiration_time</STRONG> (Thumb, 18 bytes, Stack size 4 bytes, etimer.o(.text))
<BR><BR>[Stack]<UL><LI>Max Depth = 4<LI>Call Chain = etimer_next_expiration_time
</UL>
<BR>[Calls]<UL><LI><a href="#[e7]">&gt;&gt;</a>&nbsp;&nbsp;&nbsp;etimer_pending
</UL>
<BR>[Called By]<UL><LI><a href="#[1c]">&gt;&gt;</a>&nbsp;&nbsp;&nbsp;SysTick_Handler
</UL>

<P><STRONG><a name="[e8]"></a>etimer_stop</STRONG> (Thumb, 62 bytes, Stack size 16 bytes, etimer.o(.text))
<BR><BR>[Stack]<UL><LI>Max Depth = 32<LI>Call Chain = etimer_stop &rArr; update_time
</UL>
<BR>[Calls]<UL><LI><a href="#[d9]">&gt;&gt;</a>&nbsp;&nbsp;&nbsp;update_time
</UL>
<BR>[Called By]<UL><LI><a href="#[103]">&gt;&gt;</a>&nbsp;&nbsp;&nbsp;ctimer_stop
</UL>

<P><STRONG><a name="[195]"></a>process_alloc_event</STRONG> (Thumb, 16 bytes, Stack size 0 bytes, process.o(.text))
<BR><BR>[Called By]<UL><LI><a href="#[7]">&gt;&gt;</a>&nbsp;&nbsp;&nbsp;process_thread_tcpip_process
</UL>

<P><STRONG><a name="[ea]"></a>process_is_running</STRONG> (Thumb, 14 bytes, Stack size 0 bytes, process.o(.text))
<BR><BR>[Called By]<UL><LI><a href="#[e9]">&gt;&gt;</a>&nbsp;&nbsp;&nbsp;exit_process
</UL>

<P><STRONG><a name="[ec]"></a>process_post_synch</STRONG> (Thumb, 32 bytes, Stack size 24 bytes, process.o(.text))
<BR><BR>[Stack]<UL><LI>Max Depth = 72<LI>Call Chain = process_post_synch &rArr; call_process &rArr; exit_process &rArr;  call_process (Cycle)
</UL>
<BR>[Calls]<UL><LI><a href="#[eb]">&gt;&gt;</a>&nbsp;&nbsp;&nbsp;call_process
</UL>
<BR>[Called By]<UL><LI><a href="#[90]">&gt;&gt;</a>&nbsp;&nbsp;&nbsp;process_start
<LI><a href="#[15a]">&gt;&gt;</a>&nbsp;&nbsp;&nbsp;tcpip_input
<LI><a href="#[120]">&gt;&gt;</a>&nbsp;&nbsp;&nbsp;tcpip_uipcall
<LI><a href="#[125]">&gt;&gt;</a>&nbsp;&nbsp;&nbsp;tcpip_icmp6_call
</UL>

<P><STRONG><a name="[90]"></a>process_start</STRONG> (Thumb, 60 bytes, Stack size 16 bytes, process.o(.text))
<BR><BR>[Stack]<UL><LI>Max Depth = 88<LI>Call Chain = process_start &rArr; process_post_synch &rArr; call_process &rArr; exit_process &rArr;  call_process (Cycle)
</UL>
<BR>[Calls]<UL><LI><a href="#[ec]">&gt;&gt;</a>&nbsp;&nbsp;&nbsp;process_post_synch
</UL>
<BR>[Called By]<UL><LI><a href="#[2]">&gt;&gt;</a>&nbsp;&nbsp;&nbsp;process_thread_hello_world_process1
<LI><a href="#[91]">&gt;&gt;</a>&nbsp;&nbsp;&nbsp;ctimer_init
<LI><a href="#[87]">&gt;&gt;</a>&nbsp;&nbsp;&nbsp;initialize
<LI><a href="#[69]">&gt;&gt;</a>&nbsp;&nbsp;&nbsp;init
</UL>

<P><STRONG><a name="[ed]"></a>process_exit</STRONG> (Thumb, 16 bytes, Stack size 8 bytes, process.o(.text), UNUSED)
<BR><BR>[Calls]<UL><LI><a href="#[e9]">&gt;&gt;</a>&nbsp;&nbsp;&nbsp;exit_process
</UL>

<P><STRONG><a name="[8f]"></a>process_init</STRONG> (Thumb, 26 bytes, Stack size 0 bytes, process.o(.text))
<BR><BR>[Called By]<UL><LI><a href="#[87]">&gt;&gt;</a>&nbsp;&nbsp;&nbsp;initialize
</UL>

<P><STRONG><a name="[96]"></a>process_run</STRONG> (Thumb, 28 bytes, Stack size 8 bytes, process.o(.text))
<BR><BR>[Stack]<UL><LI>Max Depth = 72<LI>Call Chain = process_run &rArr; do_event &rArr; do_poll &rArr; call_process &rArr; exit_process &rArr;  call_process (Cycle)
</UL>
<BR>[Calls]<UL><LI><a href="#[ef]">&gt;&gt;</a>&nbsp;&nbsp;&nbsp;do_event
<LI><a href="#[ee]">&gt;&gt;</a>&nbsp;&nbsp;&nbsp;do_poll
</UL>
<BR>[Called By]<UL><LI><a href="#[48]">&gt;&gt;</a>&nbsp;&nbsp;&nbsp;main
</UL>

<P><STRONG><a name="[fa]"></a>process_nevents</STRONG> (Thumb, 12 bytes, Stack size 0 bytes, process.o(.text))
<BR><BR>[Called By]<UL><LI><a href="#[39]">&gt;&gt;</a>&nbsp;&nbsp;&nbsp;TIM2_IRQHandler
</UL>

<P><STRONG><a name="[a2]"></a>process_post</STRONG> (Thumb, 100 bytes, Stack size 12 bytes, process.o(.text))
<BR><BR>[Stack]<UL><LI>Max Depth = 12<LI>Call Chain = process_post
</UL>
<BR>[Called By]<UL><LI><a href="#[3]">&gt;&gt;</a>&nbsp;&nbsp;&nbsp;process_thread_etimer_process
<LI><a href="#[2]">&gt;&gt;</a>&nbsp;&nbsp;&nbsp;process_thread_hello_world_process1
<LI><a href="#[194]">&gt;&gt;</a>&nbsp;&nbsp;&nbsp;tcpip_poll_udp
</UL>

<P><STRONG><a name="[dc]"></a>process_poll</STRONG> (Thumb, 24 bytes, Stack size 0 bytes, process.o(.text))
<BR><BR>[Called By]<UL><LI><a href="#[db]">&gt;&gt;</a>&nbsp;&nbsp;&nbsp;etimer_request_poll
<LI><a href="#[c8]">&gt;&gt;</a>&nbsp;&nbsp;&nbsp;cc1200_rx_interrupt
<LI><a href="#[226]">&gt;&gt;</a>&nbsp;&nbsp;&nbsp;set_channel
</UL>

<P><STRONG><a name="[df]"></a>timer_set</STRONG> (Thumb, 16 bytes, Stack size 16 bytes, timer.o(.text))
<BR><BR>[Stack]<UL><LI>Max Depth = 16<LI>Call Chain = timer_set
</UL>
<BR>[Calls]<UL><LI><a href="#[da]">&gt;&gt;</a>&nbsp;&nbsp;&nbsp;clock_time
</UL>
<BR>[Called By]<UL><LI><a href="#[9f]">&gt;&gt;</a>&nbsp;&nbsp;&nbsp;etimer_set
<LI><a href="#[59]">&gt;&gt;</a>&nbsp;&nbsp;&nbsp;input
</UL>

<P><STRONG><a name="[e1]"></a>timer_reset</STRONG> (Thumb, 10 bytes, Stack size 0 bytes, timer.o(.text))
<BR><BR>[Called By]<UL><LI><a href="#[e2]">&gt;&gt;</a>&nbsp;&nbsp;&nbsp;etimer_reset
<LI><a href="#[e0]">&gt;&gt;</a>&nbsp;&nbsp;&nbsp;etimer_reset_with_new_interval
</UL>

<P><STRONG><a name="[e4]"></a>timer_restart</STRONG> (Thumb, 12 bytes, Stack size 8 bytes, timer.o(.text), UNUSED)
<BR><BR>[Calls]<UL><LI><a href="#[da]">&gt;&gt;</a>&nbsp;&nbsp;&nbsp;clock_time
</UL>
<BR>[Called By]<UL><LI><a href="#[e3]">&gt;&gt;</a>&nbsp;&nbsp;&nbsp;etimer_restart
</UL>

<P><STRONG><a name="[dd]"></a>timer_expired</STRONG> (Thumb, 28 bytes, Stack size 16 bytes, timer.o(.text))
<BR><BR>[Stack]<UL><LI>Max Depth = 16<LI>Call Chain = timer_expired
</UL>
<BR>[Calls]<UL><LI><a href="#[da]">&gt;&gt;</a>&nbsp;&nbsp;&nbsp;clock_time
</UL>
<BR>[Called By]<UL><LI><a href="#[3]">&gt;&gt;</a>&nbsp;&nbsp;&nbsp;process_thread_etimer_process
<LI><a href="#[59]">&gt;&gt;</a>&nbsp;&nbsp;&nbsp;input
</UL>

<P><STRONG><a name="[f0]"></a>timer_remaining</STRONG> (Thumb, 18 bytes, Stack size 8 bytes, timer.o(.text), UNUSED)
<BR><BR>[Calls]<UL><LI><a href="#[da]">&gt;&gt;</a>&nbsp;&nbsp;&nbsp;clock_time
</UL>

<P><STRONG><a name="[8e]"></a>rtimer_init</STRONG> (Thumb, 8 bytes, Stack size 8 bytes, rtimer.o(.text))
<BR><BR>[Stack]<UL><LI>Max Depth = 16<LI>Call Chain = rtimer_init &rArr; rtimer_arch_init
</UL>
<BR>[Calls]<UL><LI><a href="#[f1]">&gt;&gt;</a>&nbsp;&nbsp;&nbsp;rtimer_arch_init
</UL>
<BR>[Called By]<UL><LI><a href="#[87]">&gt;&gt;</a>&nbsp;&nbsp;&nbsp;initialize
</UL>

<P><STRONG><a name="[f2]"></a>rtimer_set</STRONG> (Thumb, 66 bytes, Stack size 40 bytes, rtimer.o(.text), UNUSED)
<BR><BR>[Calls]<UL><LI><a href="#[f3]">&gt;&gt;</a>&nbsp;&nbsp;&nbsp;rtimer_arch_schedule
</UL>

<P><STRONG><a name="[f4]"></a>rtimer_run_next</STRONG> (Thumb, 52 bytes, Stack size 8 bytes, rtimer.o(.text))
<BR><BR>[Stack]<UL><LI>Max Depth = 48<LI>Call Chain = rtimer_run_next &rArr; rtimer_arch_schedule &rArr; __2printf
</UL>
<BR>[Calls]<UL><LI><a href="#[f3]">&gt;&gt;</a>&nbsp;&nbsp;&nbsp;rtimer_arch_schedule
</UL>
<BR>[Called By]<UL><LI><a href="#[39]">&gt;&gt;</a>&nbsp;&nbsp;&nbsp;TIM2_IRQHandler
</UL>

<P><STRONG><a name="[f5]"></a>stimer_set</STRONG> (Thumb, 16 bytes, Stack size 16 bytes, stimer.o(.text))
<BR><BR>[Stack]<UL><LI>Max Depth = 16<LI>Call Chain = stimer_set
</UL>
<BR>[Calls]<UL><LI><a href="#[98]">&gt;&gt;</a>&nbsp;&nbsp;&nbsp;clock_seconds
</UL>
<BR>[Called By]<UL><LI><a href="#[182]">&gt;&gt;</a>&nbsp;&nbsp;&nbsp;uip_ds6_nbr_add
<LI><a href="#[17b]">&gt;&gt;</a>&nbsp;&nbsp;&nbsp;uip_ds6_defrt_add
<LI><a href="#[138]">&gt;&gt;</a>&nbsp;&nbsp;&nbsp;uip_ds6_neighbor_periodic
<LI><a href="#[12d]">&gt;&gt;</a>&nbsp;&nbsp;&nbsp;uip_ds6_addr_add
<LI><a href="#[a]">&gt;&gt;</a>&nbsp;&nbsp;&nbsp;dao_input
<LI><a href="#[9]">&gt;&gt;</a>&nbsp;&nbsp;&nbsp;dio_input
</UL>

<P><STRONG><a name="[286]"></a>stimer_reset</STRONG> (Thumb, 10 bytes, Stack size 0 bytes, stimer.o(.text), UNUSED)

<P><STRONG><a name="[f6]"></a>stimer_restart</STRONG> (Thumb, 12 bytes, Stack size 8 bytes, stimer.o(.text), UNUSED)
<BR><BR>[Calls]<UL><LI><a href="#[98]">&gt;&gt;</a>&nbsp;&nbsp;&nbsp;clock_seconds
</UL>

<P><STRONG><a name="[f7]"></a>stimer_expired</STRONG> (Thumb, 32 bytes, Stack size 8 bytes, stimer.o(.text))
<BR><BR>[Stack]<UL><LI>Max Depth = 8<LI>Call Chain = stimer_expired
</UL>
<BR>[Calls]<UL><LI><a href="#[98]">&gt;&gt;</a>&nbsp;&nbsp;&nbsp;clock_seconds
</UL>
<BR>[Called By]<UL><LI><a href="#[138]">&gt;&gt;</a>&nbsp;&nbsp;&nbsp;uip_ds6_neighbor_periodic
<LI><a href="#[137]">&gt;&gt;</a>&nbsp;&nbsp;&nbsp;uip_ds6_defrt_periodic
<LI><a href="#[136]">&gt;&gt;</a>&nbsp;&nbsp;&nbsp;uip_ds6_periodic
</UL>

<P><STRONG><a name="[f8]"></a>stimer_remaining</STRONG> (Thumb, 18 bytes, Stack size 8 bytes, stimer.o(.text), UNUSED)
<BR><BR>[Calls]<UL><LI><a href="#[98]">&gt;&gt;</a>&nbsp;&nbsp;&nbsp;clock_seconds
</UL>
<BR>[Called By]<UL><LI><a href="#[188]">&gt;&gt;</a>&nbsp;&nbsp;&nbsp;uip_ds6_get_least_lifetime_neighbor
</UL>

<P><STRONG><a name="[f9]"></a>stimer_elapsed</STRONG> (Thumb, 14 bytes, Stack size 8 bytes, stimer.o(.text), UNUSED)
<BR><BR>[Calls]<UL><LI><a href="#[98]">&gt;&gt;</a>&nbsp;&nbsp;&nbsp;clock_seconds
</UL>

<P><STRONG><a name="[a1]"></a>rtimer_arch_now</STRONG> (Thumb, 28 bytes, Stack size 12 bytes, rtimer-arch.o(.text))
<BR><BR>[Stack]<UL><LI>Max Depth = 12<LI>Call Chain = rtimer_arch_now
</UL>
<BR>[Called By]<UL><LI><a href="#[39]">&gt;&gt;</a>&nbsp;&nbsp;&nbsp;TIM2_IRQHandler
<LI><a href="#[d6]">&gt;&gt;</a>&nbsp;&nbsp;&nbsp;cc1200_arch_init
<LI><a href="#[c9]">&gt;&gt;</a>&nbsp;&nbsp;&nbsp;cc1200_arch_spi_select
<LI><a href="#[bd]">&gt;&gt;</a>&nbsp;&nbsp;&nbsp;show_leds
<LI><a href="#[1]">&gt;&gt;</a>&nbsp;&nbsp;&nbsp;process_thread_hello_world_process3
<LI><a href="#[6b]">&gt;&gt;</a>&nbsp;&nbsp;&nbsp;transmit
<LI><a href="#[6e]">&gt;&gt;</a>&nbsp;&nbsp;&nbsp;channel_clear
<LI><a href="#[22a]">&gt;&gt;</a>&nbsp;&nbsp;&nbsp;idle_tx_rx
<LI><a href="#[227]">&gt;&gt;</a>&nbsp;&nbsp;&nbsp;rx_rx
<LI><a href="#[71]">&gt;&gt;</a>&nbsp;&nbsp;&nbsp;on
<LI><a href="#[224]">&gt;&gt;</a>&nbsp;&nbsp;&nbsp;idle_calibrate_rx
<LI><a href="#[223]">&gt;&gt;</a>&nbsp;&nbsp;&nbsp;calibrate
<LI><a href="#[222]">&gt;&gt;</a>&nbsp;&nbsp;&nbsp;idle
</UL>

<P><STRONG><a name="[39]"></a>TIM2_IRQHandler</STRONG> (Thumb, 102 bytes, Stack size 8 bytes, rtimer-arch.o(.text))
<BR><BR>[Stack]<UL><LI>Max Depth = 56<LI>Call Chain = TIM2_IRQHandler &rArr; rtimer_run_next &rArr; rtimer_arch_schedule &rArr; __2printf
</UL>
<BR>[Calls]<UL><LI><a href="#[f4]">&gt;&gt;</a>&nbsp;&nbsp;&nbsp;rtimer_run_next
<LI><a href="#[fa]">&gt;&gt;</a>&nbsp;&nbsp;&nbsp;process_nevents
<LI><a href="#[a1]">&gt;&gt;</a>&nbsp;&nbsp;&nbsp;rtimer_arch_now
</UL>
<BR>[Address Reference Count : 1]<UL><LI> startup_stm32f10x_md.o(RESET)
</UL>
<P><STRONG><a name="[287]"></a>clock_delay_usec</STRONG> (Thumb, 18 bytes, Stack size 0 bytes, rtimer-arch.o(.text), UNUSED)

<P><STRONG><a name="[f1]"></a>rtimer_arch_init</STRONG> (Thumb, 120 bytes, Stack size 8 bytes, rtimer-arch.o(.text))
<BR><BR>[Stack]<UL><LI>Max Depth = 8<LI>Call Chain = rtimer_arch_init
</UL>
<BR>[Called By]<UL><LI><a href="#[8e]">&gt;&gt;</a>&nbsp;&nbsp;&nbsp;rtimer_init
</UL>

<P><STRONG><a name="[f3]"></a>rtimer_arch_schedule</STRONG> (Thumb, 24 bytes, Stack size 16 bytes, rtimer-arch.o(.text))
<BR><BR>[Stack]<UL><LI>Max Depth = 40<LI>Call Chain = rtimer_arch_schedule &rArr; __2printf
</UL>
<BR>[Calls]<UL><LI><a href="#[83]">&gt;&gt;</a>&nbsp;&nbsp;&nbsp;__2printf
</UL>
<BR>[Called By]<UL><LI><a href="#[f4]">&gt;&gt;</a>&nbsp;&nbsp;&nbsp;rtimer_run_next
<LI><a href="#[f2]">&gt;&gt;</a>&nbsp;&nbsp;&nbsp;rtimer_set
</UL>

<P><STRONG><a name="[91]"></a>ctimer_init</STRONG> (Thumb, 26 bytes, Stack size 8 bytes, ctimer.o(.text))
<BR><BR>[Stack]<UL><LI>Max Depth = 96<LI>Call Chain = ctimer_init &rArr; process_start &rArr; process_post_synch &rArr; call_process &rArr; exit_process &rArr;  call_process (Cycle)
</UL>
<BR>[Calls]<UL><LI><a href="#[fd]">&gt;&gt;</a>&nbsp;&nbsp;&nbsp;list_init
<LI><a href="#[90]">&gt;&gt;</a>&nbsp;&nbsp;&nbsp;process_start
</UL>
<BR>[Called By]<UL><LI><a href="#[87]">&gt;&gt;</a>&nbsp;&nbsp;&nbsp;initialize
</UL>

<P><STRONG><a name="[fe]"></a>ctimer_set_with_process</STRONG> (Thumb, 74 bytes, Stack size 32 bytes, ctimer.o(.text))
<BR><BR>[Stack]<UL><LI>Max Depth = 80<LI>Call Chain = ctimer_set_with_process &rArr; etimer_set &rArr; add_timer &rArr; update_time
</UL>
<BR>[Calls]<UL><LI><a href="#[ff]">&gt;&gt;</a>&nbsp;&nbsp;&nbsp;list_add
<LI><a href="#[9f]">&gt;&gt;</a>&nbsp;&nbsp;&nbsp;etimer_set
</UL>
<BR>[Called By]<UL><LI><a href="#[100]">&gt;&gt;</a>&nbsp;&nbsp;&nbsp;ctimer_set
</UL>

<P><STRONG><a name="[100]"></a>ctimer_set</STRONG> (Thumb, 30 bytes, Stack size 24 bytes, ctimer.o(.text))
<BR><BR>[Stack]<UL><LI>Max Depth = 104<LI>Call Chain = ctimer_set &rArr; ctimer_set_with_process &rArr; etimer_set &rArr; add_timer &rArr; update_time
</UL>
<BR>[Calls]<UL><LI><a href="#[fe]">&gt;&gt;</a>&nbsp;&nbsp;&nbsp;ctimer_set_with_process
</UL>
<BR>[Called By]<UL><LI><a href="#[5e]">&gt;&gt;</a>&nbsp;&nbsp;&nbsp;send_packet
<LI><a href="#[55]">&gt;&gt;</a>&nbsp;&nbsp;&nbsp;packet_sent
<LI><a href="#[214]">&gt;&gt;</a>&nbsp;&nbsp;&nbsp;free_packet
<LI><a href="#[1e4]">&gt;&gt;</a>&nbsp;&nbsp;&nbsp;schedule_dao
<LI><a href="#[1e3]">&gt;&gt;</a>&nbsp;&nbsp;&nbsp;set_dao_lifetime_timer
<LI><a href="#[51]">&gt;&gt;</a>&nbsp;&nbsp;&nbsp;handle_dao_timer
<LI><a href="#[1e2]">&gt;&gt;</a>&nbsp;&nbsp;&nbsp;new_dio_interval
<LI><a href="#[4f]">&gt;&gt;</a>&nbsp;&nbsp;&nbsp;handle_dio_timer
<LI><a href="#[1bf]">&gt;&gt;</a>&nbsp;&nbsp;&nbsp;rpl_schedule_probing
<LI><a href="#[1ae]">&gt;&gt;</a>&nbsp;&nbsp;&nbsp;rpl_reset_periodic_timer
<LI><a href="#[19c]">&gt;&gt;</a>&nbsp;&nbsp;&nbsp;rpl_schedule_unicast_dio_immediately
<LI><a href="#[198]">&gt;&gt;</a>&nbsp;&nbsp;&nbsp;uip_packetqueue_alloc
</UL>

<P><STRONG><a name="[101]"></a>ctimer_reset</STRONG> (Thumb, 44 bytes, Stack size 16 bytes, ctimer.o(.text))
<BR><BR>[Stack]<UL><LI>Max Depth = 56<LI>Call Chain = ctimer_reset &rArr; etimer_reset &rArr; add_timer &rArr; update_time
</UL>
<BR>[Calls]<UL><LI><a href="#[ff]">&gt;&gt;</a>&nbsp;&nbsp;&nbsp;list_add
<LI><a href="#[e2]">&gt;&gt;</a>&nbsp;&nbsp;&nbsp;etimer_reset
</UL>
<BR>[Called By]<UL><LI><a href="#[50]">&gt;&gt;</a>&nbsp;&nbsp;&nbsp;handle_periodic_timer
</UL>

<P><STRONG><a name="[102]"></a>ctimer_restart</STRONG> (Thumb, 44 bytes, Stack size 16 bytes, ctimer.o(.text), UNUSED)
<BR><BR>[Calls]<UL><LI><a href="#[ff]">&gt;&gt;</a>&nbsp;&nbsp;&nbsp;list_add
<LI><a href="#[e3]">&gt;&gt;</a>&nbsp;&nbsp;&nbsp;etimer_restart
</UL>

<P><STRONG><a name="[103]"></a>ctimer_stop</STRONG> (Thumb, 36 bytes, Stack size 8 bytes, ctimer.o(.text))
<BR><BR>[Stack]<UL><LI>Max Depth = 40<LI>Call Chain = ctimer_stop &rArr; etimer_stop &rArr; update_time
</UL>
<BR>[Calls]<UL><LI><a href="#[fc]">&gt;&gt;</a>&nbsp;&nbsp;&nbsp;list_remove
<LI><a href="#[e8]">&gt;&gt;</a>&nbsp;&nbsp;&nbsp;etimer_stop
</UL>
<BR>[Called By]<UL><LI><a href="#[180]">&gt;&gt;</a>&nbsp;&nbsp;&nbsp;uip_packetqueue_free
<LI><a href="#[214]">&gt;&gt;</a>&nbsp;&nbsp;&nbsp;free_packet
<LI><a href="#[51]">&gt;&gt;</a>&nbsp;&nbsp;&nbsp;handle_dao_timer
<LI><a href="#[1c6]">&gt;&gt;</a>&nbsp;&nbsp;&nbsp;rpl_free_instance
<LI><a href="#[1a5]">&gt;&gt;</a>&nbsp;&nbsp;&nbsp;rpl_cancel_dao
</UL>

<P><STRONG><a name="[104]"></a>ctimer_expired</STRONG> (Thumb, 48 bytes, Stack size 16 bytes, ctimer.o(.text), UNUSED)
<BR><BR>[Calls]<UL><LI><a href="#[fb]">&gt;&gt;</a>&nbsp;&nbsp;&nbsp;list_head
<LI><a href="#[a0]">&gt;&gt;</a>&nbsp;&nbsp;&nbsp;etimer_expired
</UL>

[...]
<LI><a href="#[72]">&gt;&gt;</a>&nbsp;&nbsp;&nbsp;off
<LI><a href="#[222]">&gt;&gt;</a>&nbsp;&nbsp;&nbsp;idle
<LI><a href="#[220]">&gt;&gt;</a>&nbsp;&nbsp;&nbsp;single_write
<LI><a href="#[83]">&gt;&gt;</a>&nbsp;&nbsp;&nbsp;__2printf
</UL>
<BR>[Called By]<UL><LI><a href="#[74]">&gt;&gt;</a>&nbsp;&nbsp;&nbsp;set_value
<LI><a href="#[69]">&gt;&gt;</a>&nbsp;&nbsp;&nbsp;init
<LI><a href="#[22f]">&gt;&gt;</a>&nbsp;&nbsp;&nbsp;pollhandler
</UL>

<P><STRONG><a name="[227]"></a>rx_rx</STRONG> (Thumb, 222 bytes, Stack size 16 bytes, cc1200.o(.text))
<BR><BR>[Stack]<UL><LI>Max Depth = 72<LI>Call Chain = rx_rx &rArr; state &rArr; strobe &rArr; cc1200_arch_spi_select &rArr; __2printf
</UL>
<BR>[Calls]<UL><LI><a href="#[d4]">&gt;&gt;</a>&nbsp;&nbsp;&nbsp;cc1200_arch_gpio2_enable_irq
<LI><a href="#[ce]">&gt;&gt;</a>&nbsp;&nbsp;&nbsp;cc1200_arch_gpio0_enable_irq
<LI><a href="#[a1]">&gt;&gt;</a>&nbsp;&nbsp;&nbsp;rtimer_arch_now
<LI><a href="#[221]">&gt;&gt;</a>&nbsp;&nbsp;&nbsp;state
<LI><a href="#[21f]">&gt;&gt;</a>&nbsp;&nbsp;&nbsp;strobe
<LI><a href="#[83]">&gt;&gt;</a>&nbsp;&nbsp;&nbsp;__2printf
</UL>
<BR>[Called By]<UL><LI><a href="#[c8]">&gt;&gt;</a>&nbsp;&nbsp;&nbsp;cc1200_rx_interrupt
</UL>

<P><STRONG><a name="[228]"></a>burst_write</STRONG> (Thumb, 58 bytes, Stack size 16 bytes, cc1200.o(.text))
<BR><BR>[Stack]<UL><LI>Max Depth = 52<LI>Call Chain = burst_write &rArr; cc1200_arch_spi_rw &rArr; halSpiWriteByte
</UL>
<BR>[Calls]<UL><LI><a href="#[cd]">&gt;&gt;</a>&nbsp;&nbsp;&nbsp;cc1200_arch_spi_rw
<LI><a href="#[ca]">&gt;&gt;</a>&nbsp;&nbsp;&nbsp;cc1200_arch_spi_rw_byte
<LI><a href="#[d8]">&gt;&gt;</a>&nbsp;&nbsp;&nbsp;cc1200_arch_spi_deselect
<LI><a href="#[c9]">&gt;&gt;</a>&nbsp;&nbsp;&nbsp;cc1200_arch_spi_select
</UL>
<BR>[Called By]<UL><LI><a href="#[22a]">&gt;&gt;</a>&nbsp;&nbsp;&nbsp;idle_tx_rx
</UL>

<P><STRONG><a name="[229]"></a>single_read</STRONG> (Thumb, 54 bytes, Stack size 16 bytes, cc1200.o(.text))
<BR><BR>[Stack]<UL><LI>Max Depth = 48<LI>Call Chain = single_read &rArr; cc1200_arch_spi_select &rArr; __2printf
</UL>
<BR>[Calls]<UL><LI><a href="#[ca]">&gt;&gt;</a>&nbsp;&nbsp;&nbsp;cc1200_arch_spi_rw_byte
<LI><a href="#[d8]">&gt;&gt;</a>&nbsp;&nbsp;&nbsp;cc1200_arch_spi_deselect
<LI><a href="#[c9]">&gt;&gt;</a>&nbsp;&nbsp;&nbsp;cc1200_arch_spi_select
</UL>
<BR>[Called By]<UL><LI><a href="#[c8]">&gt;&gt;</a>&nbsp;&nbsp;&nbsp;cc1200_rx_interrupt
<LI><a href="#[6e]">&gt;&gt;</a>&nbsp;&nbsp;&nbsp;channel_clear
<LI><a href="#[234]">&gt;&gt;</a>&nbsp;&nbsp;&nbsp;configure
<LI><a href="#[231]">&gt;&gt;</a>&nbsp;&nbsp;&nbsp;update_txpower
<LI><a href="#[22a]">&gt;&gt;</a>&nbsp;&nbsp;&nbsp;idle_tx_rx
</UL>

<P><STRONG><a name="[22a]"></a>idle_tx_rx</STRONG> (Thumb, 766 bytes, Stack size 48 bytes, cc1200.o(.text))
<BR><BR>[Stack]<UL><LI>Max Depth = 120<LI>Call Chain = idle_tx_rx &rArr; idle &rArr; state &rArr; strobe &rArr; cc1200_arch_spi_select &rArr; __2printf
</UL>
<BR>[Calls]<UL><LI><a href="#[22b]">&gt;&gt;</a>&nbsp;&nbsp;&nbsp;cc1200_arch_gpio2_read_pin
<LI><a href="#[225]">&gt;&gt;</a>&nbsp;&nbsp;&nbsp;cc1200_arch_gpio0_read_pin
<LI><a href="#[a1]">&gt;&gt;</a>&nbsp;&nbsp;&nbsp;rtimer_arch_now
<LI><a href="#[229]">&gt;&gt;</a>&nbsp;&nbsp;&nbsp;single_read
<LI><a href="#[228]">&gt;&gt;</a>&nbsp;&nbsp;&nbsp;burst_write
<LI><a href="#[222]">&gt;&gt;</a>&nbsp;&nbsp;&nbsp;idle
<LI><a href="#[221]">&gt;&gt;</a>&nbsp;&nbsp;&nbsp;state
<LI><a href="#[220]">&gt;&gt;</a>&nbsp;&nbsp;&nbsp;single_write
<LI><a href="#[21f]">&gt;&gt;</a>&nbsp;&nbsp;&nbsp;strobe
<LI><a href="#[83]">&gt;&gt;</a>&nbsp;&nbsp;&nbsp;__2printf
</UL>
<BR>[Called By]<UL><LI><a href="#[6b]">&gt;&gt;</a>&nbsp;&nbsp;&nbsp;transmit
<LI><a href="#[22c]">&gt;&gt;</a>&nbsp;&nbsp;&nbsp;addr_check_auto_ack
</UL>

<P><STRONG><a name="[22d]"></a>is_broadcast_addr</STRONG> (Thumb, 38 bytes, Stack size 8 bytes, cc1200.o(.text))
<BR><BR>[Stack]<UL><LI>Max Depth = 8<LI>Call Chain = is_broadcast_addr
</UL>
<BR>[Called By]<UL><LI><a href="#[22c]">&gt;&gt;</a>&nbsp;&nbsp;&nbsp;addr_check_auto_ack
</UL>

<P><STRONG><a name="[22c]"></a>addr_check_auto_ack</STRONG> (Thumb, 150 bytes, Stack size 80 bytes, cc1200.o(.text))
<BR><BR>[Stack]<UL><LI>Max Depth = 200<LI>Call Chain = addr_check_auto_ack &rArr; idle_tx_rx &rArr; idle &rArr; state &rArr; strobe &rArr; cc1200_arch_spi_select &rArr; __2printf
</UL>
<BR>[Calls]<UL><LI><a href="#[158]">&gt;&gt;</a>&nbsp;&nbsp;&nbsp;linkaddr_cmp
<LI><a href="#[20f]">&gt;&gt;</a>&nbsp;&nbsp;&nbsp;frame802154_parse
<LI><a href="#[22d]">&gt;&gt;</a>&nbsp;&nbsp;&nbsp;is_broadcast_addr
<LI><a href="#[22a]">&gt;&gt;</a>&nbsp;&nbsp;&nbsp;idle_tx_rx
<LI><a href="#[222]">&gt;&gt;</a>&nbsp;&nbsp;&nbsp;idle
</UL>
<BR>[Called By]<UL><LI><a href="#[c8]">&gt;&gt;</a>&nbsp;&nbsp;&nbsp;cc1200_rx_interrupt
</UL>

<P><STRONG><a name="[22e]"></a>burst_read</STRONG> (Thumb, 58 bytes, Stack size 16 bytes, cc1200.o(.text))
<BR><BR>[Stack]<UL><LI>Max Depth = 52<LI>Call Chain = burst_read &rArr; cc1200_arch_spi_rw &rArr; halSpiWriteByte
</UL>
<BR>[Calls]<UL><LI><a href="#[cd]">&gt;&gt;</a>&nbsp;&nbsp;&nbsp;cc1200_arch_spi_rw
<LI><a href="#[ca]">&gt;&gt;</a>&nbsp;&nbsp;&nbsp;cc1200_arch_spi_rw_byte
<LI><a href="#[d8]">&gt;&gt;</a>&nbsp;&nbsp;&nbsp;cc1200_arch_spi_deselect
<LI><a href="#[c9]">&gt;&gt;</a>&nbsp;&nbsp;&nbsp;cc1200_arch_spi_select
</UL>
<BR>[Called By]<UL><LI><a href="#[c8]">&gt;&gt;</a>&nbsp;&nbsp;&nbsp;cc1200_rx_interrupt
</UL>

<P><STRONG><a name="[22f]"></a>pollhandler</STRONG> (Thumb, 82 bytes, Stack size 16 bytes, cc1200.o(.text))
<BR><BR>[Stack]<UL><LI>Max Depth = 240<LI>Call Chain = pollhandler &rArr; cc1200_rx_interrupt &rArr; addr_check_auto_ack &rArr; idle_tx_rx &rArr; idle &rArr; state &rArr; strobe &rArr; cc1200_arch_spi_select &rArr; __2printf
</UL>
<BR>[Calls]<UL><LI><a href="#[c8]">&gt;&gt;</a>&nbsp;&nbsp;&nbsp;cc1200_rx_interrupt
<LI><a href="#[153]">&gt;&gt;</a>&nbsp;&nbsp;&nbsp;packetbuf_set_datalen
<LI><a href="#[150]">&gt;&gt;</a>&nbsp;&nbsp;&nbsp;packetbuf_dataptr
<LI><a href="#[14f]">&gt;&gt;</a>&nbsp;&nbsp;&nbsp;packetbuf_clear
<LI><a href="#[226]">&gt;&gt;</a>&nbsp;&nbsp;&nbsp;set_channel
<LI><a href="#[6d]">&gt;&gt;</a>&nbsp;&nbsp;&nbsp;read
</UL>
<BR>[Called By]<UL><LI><a href="#[12]">&gt;&gt;</a>&nbsp;&nbsp;&nbsp;process_thread_cc1200_process
</UL>

<P><STRONG><a name="[12]"></a>process_thread_cc1200_process</STRONG> (Thumb, 66 bytes, Stack size 16 bytes, cc1200.o(.text))
<BR><BR>[Stack]<UL><LI>Max Depth = 256<LI>Call Chain = process_thread_cc1200_process &rArr; pollhandler &rArr; cc1200_rx_interrupt &rArr; addr_check_auto_ack &rArr; idle_tx_rx &rArr; idle &rArr; state &rArr; strobe &rArr; cc1200_arch_spi_select &rArr; __2printf
</UL>
<BR>[Calls]<UL><LI><a href="#[22f]">&gt;&gt;</a>&nbsp;&nbsp;&nbsp;pollhandler
</UL>
<BR>[Address Reference Count : 1]<UL><LI> cc1200.o(.data)
</UL>
<P><STRONG><a name="[230]"></a>update_cca_threshold</STRONG> (Thumb, 18 bytes, Stack size 8 bytes, cc1200.o(.text))
<BR><BR>[Stack]<UL><LI>Max Depth = 56<LI>Call Chain = update_cca_threshold &rArr; single_write &rArr; cc1200_arch_spi_select &rArr; __2printf
</UL>
<BR>[Calls]<UL><LI><a href="#[220]">&gt;&gt;</a>&nbsp;&nbsp;&nbsp;single_write
</UL>
<BR>[Called By]<UL><LI><a href="#[6e]">&gt;&gt;</a>&nbsp;&nbsp;&nbsp;channel_clear
<LI><a href="#[69]">&gt;&gt;</a>&nbsp;&nbsp;&nbsp;init
</UL>

<P><STRONG><a name="[231]"></a>update_txpower</STRONG> (Thumb, 46 bytes, Stack size 16 bytes, cc1200.o(.text))
<BR><BR>[Stack]<UL><LI>Max Depth = 64<LI>Call Chain = update_txpower &rArr; single_read &rArr; cc1200_arch_spi_select &rArr; __2printf
</UL>
<BR>[Calls]<UL><LI><a href="#[229]">&gt;&gt;</a>&nbsp;&nbsp;&nbsp;single_read
<LI><a href="#[220]">&gt;&gt;</a>&nbsp;&nbsp;&nbsp;single_write
</UL>
<BR>[Called By]<UL><LI><a href="#[6b]">&gt;&gt;</a>&nbsp;&nbsp;&nbsp;transmit
<LI><a href="#[69]">&gt;&gt;</a>&nbsp;&nbsp;&nbsp;init
</UL>

<P><STRONG><a name="[232]"></a>write_reg_settings</STRONG> (Thumb, 32 bytes, Stack size 16 bytes, cc1200.o(.text))
<BR><BR>[Stack]<UL><LI>Max Depth = 64<LI>Call Chain = write_reg_settings &rArr; single_write &rArr; cc1200_arch_spi_select &rArr; __2printf
</UL>
<BR>[Calls]<UL><LI><a href="#[220]">&gt;&gt;</a>&nbsp;&nbsp;&nbsp;single_write
</UL>
<BR>[Called By]<UL><LI><a href="#[234]">&gt;&gt;</a>&nbsp;&nbsp;&nbsp;configure
</UL>

<P><STRONG><a name="[233]"></a>reset</STRONG> (Thumb, 24 bytes, Stack size 8 bytes, cc1200.o(.text))
<BR><BR>[Stack]<UL><LI>Max Depth = 40<LI>Call Chain = reset &rArr; cc1200_arch_spi_select &rArr; __2printf
</UL>
<BR>[Calls]<UL><LI><a href="#[ca]">&gt;&gt;</a>&nbsp;&nbsp;&nbsp;cc1200_arch_spi_rw_byte
<LI><a href="#[d8]">&gt;&gt;</a>&nbsp;&nbsp;&nbsp;cc1200_arch_spi_deselect
<LI><a href="#[c9]">&gt;&gt;</a>&nbsp;&nbsp;&nbsp;cc1200_arch_spi_select
<LI><a href="#[c2]">&gt;&gt;</a>&nbsp;&nbsp;&nbsp;clock_delay
</UL>
<BR>[Called By]<UL><LI><a href="#[234]">&gt;&gt;</a>&nbsp;&nbsp;&nbsp;configure
</UL>

<P><STRONG><a name="[234]"></a>configure</STRONG> (Thumb, 210 bytes, Stack size 8 bytes, cc1200.o(.text))
<BR><BR>[Stack]<UL><LI>Max Depth = 72<LI>Call Chain = configure &rArr; write_reg_settings &rArr; single_write &rArr; cc1200_arch_spi_select &rArr; __2printf
</UL>
<BR>[Calls]<UL><LI><a href="#[233]">&gt;&gt;</a>&nbsp;&nbsp;&nbsp;reset
<LI><a href="#[232]">&gt;&gt;</a>&nbsp;&nbsp;&nbsp;write_reg_settings
<LI><a href="#[229]">&gt;&gt;</a>&nbsp;&nbsp;&nbsp;single_read
<LI><a href="#[220]">&gt;&gt;</a>&nbsp;&nbsp;&nbsp;single_write
</UL>
<BR>[Called By]<UL><LI><a href="#[69]">&gt;&gt;</a>&nbsp;&nbsp;&nbsp;init
</UL>

<P><STRONG><a name="[69]"></a>init</STRONG> (Thumb, 160 bytes, Stack size 8 bytes, cc1200.o(.text))
<BR><BR>[Stack]<UL><LI>Max Depth = 104<LI>Call Chain = init &rArr; set_channel &rArr; on &rArr; idle_calibrate_rx &rArr; calibrate &rArr; state &rArr; strobe &rArr; cc1200_arch_spi_select &rArr; __2printf
</UL>
<BR>[Calls]<UL><LI><a href="#[d6]">&gt;&gt;</a>&nbsp;&nbsp;&nbsp;cc1200_arch_init
<LI><a href="#[236]">&gt;&gt;</a>&nbsp;&nbsp;&nbsp;cc1200_arch_gpio2_setup_irq
<LI><a href="#[235]">&gt;&gt;</a>&nbsp;&nbsp;&nbsp;cc1200_arch_gpio0_setup_irq
<LI><a href="#[90]">&gt;&gt;</a>&nbsp;&nbsp;&nbsp;process_start
<LI><a href="#[234]">&gt;&gt;</a>&nbsp;&nbsp;&nbsp;configure
<LI><a href="#[231]">&gt;&gt;</a>&nbsp;&nbsp;&nbsp;update_txpower
<LI><a href="#[230]">&gt;&gt;</a>&nbsp;&nbsp;&nbsp;update_cca_threshold
<LI><a href="#[226]">&gt;&gt;</a>&nbsp;&nbsp;&nbsp;set_channel
<LI><a href="#[72]">&gt;&gt;</a>&nbsp;&nbsp;&nbsp;off
<LI><a href="#[83]">&gt;&gt;</a>&nbsp;&nbsp;&nbsp;__2printf
</UL>
<BR>[Address Reference Count : 1]<UL><LI> cc1200.o(.constdata)
</UL>
<P><STRONG><a name="[6a]"></a>prepare</STRONG> (Thumb, 50 bytes, Stack size 16 bytes, cc1200.o(.text))
<BR><BR>[Stack]<UL><LI>Max Depth = 40<LI>Call Chain = prepare &rArr; __2printf
</UL>
<BR>[Calls]<UL><LI><a href="#[11b]">&gt;&gt;</a>&nbsp;&nbsp;&nbsp;__aeabi_memcpy
<LI><a href="#[83]">&gt;&gt;</a>&nbsp;&nbsp;&nbsp;__2printf
</UL>
<BR>[Called By]<UL><LI><a href="#[6c]">&gt;&gt;</a>&nbsp;&nbsp;&nbsp;send
</UL>
<BR>[Address Reference Count : 1]<UL><LI> cc1200.o(.constdata)
</UL>
<P><STRONG><a name="[6e]"></a>channel_clear</STRONG> (Thumb, 240 bytes, Stack size 24 bytes, cc1200.o(.text))
<BR><BR>[Stack]<UL><LI>Max Depth = 104<LI>Call Chain = channel_clear &rArr; on &rArr; idle_calibrate_rx &rArr; calibrate &rArr; state &rArr; strobe &rArr; cc1200_arch_spi_select &rArr; __2printf
</UL>
<BR>[Calls]<UL><LI><a href="#[225]">&gt;&gt;</a>&nbsp;&nbsp;&nbsp;cc1200_arch_gpio0_read_pin
<LI><a href="#[a1]">&gt;&gt;</a>&nbsp;&nbsp;&nbsp;rtimer_arch_now
<LI><a href="#[230]">&gt;&gt;</a>&nbsp;&nbsp;&nbsp;update_cca_threshold
<LI><a href="#[229]">&gt;&gt;</a>&nbsp;&nbsp;&nbsp;single_read
<LI><a href="#[71]">&gt;&gt;</a>&nbsp;&nbsp;&nbsp;on
<LI><a href="#[72]">&gt;&gt;</a>&nbsp;&nbsp;&nbsp;off
<LI><a href="#[221]">&gt;&gt;</a>&nbsp;&nbsp;&nbsp;state
<LI><a href="#[83]">&gt;&gt;</a>&nbsp;&nbsp;&nbsp;__2printf
</UL>
<BR>[Called By]<UL><LI><a href="#[6b]">&gt;&gt;</a>&nbsp;&nbsp;&nbsp;transmit
</UL>
<BR>[Address Reference Count : 1]<UL><LI> cc1200.o(.constdata)
</UL>
<P><STRONG><a name="[6b]"></a>transmit</STRONG> (Thumb, 518 bytes, Stack size 24 bytes, cc1200.o(.text))
<BR><BR>[Stack]<UL><LI>Max Depth = 144<LI>Call Chain = transmit &rArr; idle_tx_rx &rArr; idle &rArr; state &rArr; strobe &rArr; cc1200_arch_spi_select &rArr; __2printf
</UL>
<BR>[Calls]<UL><LI><a href="#[d4]">&gt;&gt;</a>&nbsp;&nbsp;&nbsp;cc1200_arch_gpio2_enable_irq
<LI><a href="#[ce]">&gt;&gt;</a>&nbsp;&nbsp;&nbsp;cc1200_arch_gpio0_enable_irq
<LI><a href="#[a1]">&gt;&gt;</a>&nbsp;&nbsp;&nbsp;rtimer_arch_now
<LI><a href="#[6e]">&gt;&gt;</a>&nbsp;&nbsp;&nbsp;channel_clear
<LI><a href="#[231]">&gt;&gt;</a>&nbsp;&nbsp;&nbsp;update_txpower
<LI><a href="#[22a]">&gt;&gt;</a>&nbsp;&nbsp;&nbsp;idle_tx_rx
<LI><a href="#[71]">&gt;&gt;</a>&nbsp;&nbsp;&nbsp;on
<LI><a href="#[224]">&gt;&gt;</a>&nbsp;&nbsp;&nbsp;idle_calibrate_rx
<LI><a href="#[223]">&gt;&gt;</a>&nbsp;&nbsp;&nbsp;calibrate
<LI><a href="#[72]">&gt;&gt;</a>&nbsp;&nbsp;&nbsp;off
<LI><a href="#[222]">&gt;&gt;</a>&nbsp;&nbsp;&nbsp;idle
<LI><a href="#[221]">&gt;&gt;</a>&nbsp;&nbsp;&nbsp;state
<LI><a href="#[83]">&gt;&gt;</a>&nbsp;&nbsp;&nbsp;__2printf
</UL>
<BR>[Called By]<UL><LI><a href="#[6c]">&gt;&gt;</a>&nbsp;&nbsp;&nbsp;send
</UL>
<BR>[Address Reference Count : 1]<UL><LI> cc1200.o(.constdata)
</UL>
<P><STRONG><a name="[6c]"></a>send</STRONG> (Thumb, 38 bytes, Stack size 16 bytes, cc1200.o(.text))
<BR><BR>[Stack]<UL><LI>Max Depth = 160<LI>Call Chain = send &rArr; transmit &rArr; idle_tx_rx &rArr; idle &rArr; state &rArr; strobe &rArr; cc1200_arch_spi_select &rArr; __2printf
</UL>
<BR>[Calls]<UL><LI><a href="#[6b]">&gt;&gt;</a>&nbsp;&nbsp;&nbsp;transmit
<LI><a href="#[6a]">&gt;&gt;</a>&nbsp;&nbsp;&nbsp;prepare
<LI><a href="#[83]">&gt;&gt;</a>&nbsp;&nbsp;&nbsp;__2printf
</UL>
<BR>[Address Reference Count : 1]<UL><LI> cc1200.o(.constdata)
</UL>
<P><STRONG><a name="[70]"></a>pending_packet</STRONG> (Thumb, 14 bytes, Stack size 0 bytes, cc1200.o(.text))
<BR>[Address Reference Count : 1]<UL><LI> cc1200.o(.constdata)
</UL>
<P><STRONG><a name="[73]"></a>get_value</STRONG> (Thumb, 170 bytes, Stack size 0 bytes, cc1200.o(.text))
<BR>[Address Reference Count : 1]<UL><LI> cc1200.o(.constdata)
</UL>
<P><STRONG><a name="[74]"></a>set_value</STRONG> (Thumb, 160 bytes, Stack size 16 bytes, cc1200.o(.text))
<BR><BR>[Stack]<UL><LI>Max Depth = 112<LI>Call Chain = set_value &rArr; set_channel &rArr; on &rArr; idle_calibrate_rx &rArr; calibrate &rArr; state &rArr; strobe &rArr; cc1200_arch_spi_select &rArr; __2printf
</UL>
<BR>[Calls]<UL><LI><a href="#[226]">&gt;&gt;</a>&nbsp;&nbsp;&nbsp;set_channel
<LI><a href="#[71]">&gt;&gt;</a>&nbsp;&nbsp;&nbsp;on
<LI><a href="#[72]">&gt;&gt;</a>&nbsp;&nbsp;&nbsp;off
</UL>
<BR>[Address Reference Count : 1]<UL><LI> cc1200.o(.constdata)
</UL>
<P><STRONG><a name="[75]"></a>get_object</STRONG> (Thumb, 6 bytes, Stack size 0 bytes, cc1200.o(.text))
<BR>[Address Reference Count : 1]<UL><LI> cc1200.o(.constdata)
</UL>
<P><STRONG><a name="[76]"></a>set_object</STRONG> (Thumb, 6 bytes, Stack size 0 bytes, cc1200.o(.text))
<BR>[Address Reference Count : 1]<UL><LI> cc1200.o(.constdata)
</UL>
<P><STRONG><a name="[237]"></a>is_broadcast_addr</STRONG> (Thumb, 38 bytes, Stack size 8 bytes, sicslowmac.o(.text))
<BR><BR>[Stack]<UL><LI>Max Depth = 8<LI>Call Chain = is_broadcast_addr
</UL>
<BR>[Called By]<UL><LI><a href="#[7a]">&gt;&gt;</a>&nbsp;&nbsp;&nbsp;input_packet
</UL>

<P><STRONG><a name="[78]"></a>send_packet</STRONG> (Thumb, 328 bytes, Stack size 112 bytes, sicslowmac.o(.text))
<BR><BR>[Stack]<UL><LI>Max Depth = 180<LI>Call Chain = send_packet &rArr; frame802154_create &rArr; field_len &rArr; frame802154_has_panid
</UL>
<BR>[Calls]<UL><LI><a href="#[150]">&gt;&gt;</a>&nbsp;&nbsp;&nbsp;packetbuf_dataptr
<LI><a href="#[14a]">&gt;&gt;</a>&nbsp;&nbsp;&nbsp;packetbuf_datalen
<LI><a href="#[149]">&gt;&gt;</a>&nbsp;&nbsp;&nbsp;packetbuf_addr
<LI><a href="#[151]">&gt;&gt;</a>&nbsp;&nbsp;&nbsp;linkaddr_copy
<LI><a href="#[20e]">&gt;&gt;</a>&nbsp;&nbsp;&nbsp;frame802154_create
<LI><a href="#[20d]">&gt;&gt;</a>&nbsp;&nbsp;&nbsp;frame802154_hdrlen
<LI><a href="#[1fc]">&gt;&gt;</a>&nbsp;&nbsp;&nbsp;packetbuf_holds_broadcast
<LI><a href="#[211]">&gt;&gt;</a>&nbsp;&nbsp;&nbsp;packetbuf_hdrptr
<LI><a href="#[1f9]">&gt;&gt;</a>&nbsp;&nbsp;&nbsp;packetbuf_hdralloc
<LI><a href="#[1f7]">&gt;&gt;</a>&nbsp;&nbsp;&nbsp;packetbuf_totlen
<LI><a href="#[132]">&gt;&gt;</a>&nbsp;&nbsp;&nbsp;__aeabi_memclr4
<LI><a href="#[83]">&gt;&gt;</a>&nbsp;&nbsp;&nbsp;__2printf
</UL>
<BR>[Called By]<UL><LI><a href="#[79]">&gt;&gt;</a>&nbsp;&nbsp;&nbsp;send_list
</UL>
<BR>[Address Reference Count : 1]<UL><LI> sicslowmac.o(.constdata)
</UL>
<P><STRONG><a name="[7a]"></a>input_packet</STRONG> (Thumb, 378 bytes, Stack size 128 bytes, sicslowmac.o(.text))
<BR><BR>[Stack]<UL><LI>Max Depth = 188<LI>Call Chain = input_packet &rArr; frame802154_parse &rArr; frame802154_has_panid
</UL>
<BR>[Calls]<UL><LI><a href="#[14e]">&gt;&gt;</a>&nbsp;&nbsp;&nbsp;packetbuf_set_addr
<LI><a href="#[150]">&gt;&gt;</a>&nbsp;&nbsp;&nbsp;packetbuf_dataptr
<LI><a href="#[14a]">&gt;&gt;</a>&nbsp;&nbsp;&nbsp;packetbuf_datalen
<LI><a href="#[149]">&gt;&gt;</a>&nbsp;&nbsp;&nbsp;packetbuf_addr
<LI><a href="#[158]">&gt;&gt;</a>&nbsp;&nbsp;&nbsp;linkaddr_cmp
<LI><a href="#[20f]">&gt;&gt;</a>&nbsp;&nbsp;&nbsp;frame802154_parse
<LI><a href="#[212]">&gt;&gt;</a>&nbsp;&nbsp;&nbsp;packetbuf_hdrreduce
<LI><a href="#[237]">&gt;&gt;</a>&nbsp;&nbsp;&nbsp;is_broadcast_addr
<LI><a href="#[83]">&gt;&gt;</a>&nbsp;&nbsp;&nbsp;__2printf
</UL>
<BR>[Address Reference Count : 1]<UL><LI> sicslowmac.o(.constdata)
</UL>
<P><STRONG><a name="[7b]"></a>on</STRONG> (Thumb, 10 bytes, Stack size 8 bytes, sicslowmac.o(.text))
<BR><BR>[Stack]<UL><LI>Max Depth = 8<LI>Call Chain = on
</UL>
<BR>[Address Reference Count : 1]<UL><LI> sicslowmac.o(.constdata)
</UL>
<P><STRONG><a name="[7c]"></a>off</STRONG> (Thumb, 22 bytes, Stack size 8 bytes, sicslowmac.o(.text))
<BR><BR>[Stack]<UL><LI>Max Depth = 8<LI>Call Chain = off
</UL>
<BR>[Address Reference Count : 1]<UL><LI> sicslowmac.o(.constdata)
</UL>
<P><STRONG><a name="[77]"></a>init</STRONG> (Thumb, 32 bytes, Stack size 8 bytes, sicslowmac.o(.text))
<BR><BR>[Stack]<UL><LI>Max Depth = 16<LI>Call Chain = init &rArr; random_rand
</UL>
<BR>[Calls]<UL><LI><a href="#[10b]">&gt;&gt;</a>&nbsp;&nbsp;&nbsp;random_rand
</UL>
<BR>[Address Reference Count : 1]<UL><LI> sicslowmac.o(.constdata)
</UL>
<P><STRONG><a name="[7d]"></a>channel_check_interval</STRONG> (Thumb, 4 bytes, Stack size 0 bytes, sicslowmac.o(.text))
<BR>[Address Reference Count : 1]<UL><LI> sicslowmac.o(.constdata)
</UL>
<P><STRONG><a name="[23f]"></a>_printf_core</STRONG> (Thumb, 988 bytes, Stack size 104 bytes, printf8.o(i._printf_core), UNUSED)
<BR><BR>[Calls]<UL><LI><a href="#[238]">&gt;&gt;</a>&nbsp;&nbsp;&nbsp;__aeabi_uldivmod
<LI><a href="#[241]">&gt;&gt;</a>&nbsp;&nbsp;&nbsp;_printf_pre_padding
<LI><a href="#[242]">&gt;&gt;</a>&nbsp;&nbsp;&nbsp;_printf_post_padding
</UL>
<BR>[Called By]<UL><LI><a href="#[240]">&gt;&gt;</a>&nbsp;&nbsp;&nbsp;__0sprintf$8
<LI><a href="#[23e]">&gt;&gt;</a>&nbsp;&nbsp;&nbsp;__0printf$8
</UL>

<P><STRONG><a name="[242]"></a>_printf_post_padding</STRONG> (Thumb, 38 bytes, Stack size 24 bytes, printf8.o(i._printf_post_padding), UNUSED)
<BR><BR>[Called By]<UL><LI><a href="#[23f]">&gt;&gt;</a>&nbsp;&nbsp;&nbsp;_printf_core
</UL>

<P><STRONG><a name="[241]"></a>_printf_pre_padding</STRONG> (Thumb, 48 bytes, Stack size 24 bytes, printf8.o(i._printf_pre_padding), UNUSED)
<BR><BR>[Called By]<UL><LI><a href="#[23f]">&gt;&gt;</a>&nbsp;&nbsp;&nbsp;_printf_core
</UL>

<P><STRONG><a name="[57]"></a>_sputc</STRONG> (Thumb, 10 bytes, Stack size 0 bytes, printf8.o(i._sputc))
<BR><BR>[Called By]<UL><LI><a href="#[240]">&gt;&gt;</a>&nbsp;&nbsp;&nbsp;__0sprintf$8
</UL>
<BR>[Address Reference Count : 1]<UL><LI> printf8.o(i.__0sprintf$8)
</UL><P>
<H3>
Undefined Global Symbols
</H3><HR></body></html>
